0 ffffff90 acos
0 ffffff93 ceil
0 ffffff94 floor
0 ffffff95 sqrt
0 ffffff96 atan2
0 ffffff97 cos
0 ffffff98 sin
0 ffffff99 strncpy
0 ffffff9a memcpy
0 ffffff9b memset
0 ffffffa2 trap_getCameraInfo
0 ffffffa4 trap_startCamera
0 ffffffa5 trap_loadCamera
0 ffffffae trap_S_StopLoopingSound
0 ffffffaf trap_S_AddRealLoopingSound
0 ffffffb0 trap_R_RemapShader
0 ffffffb8 trap_SnapVector
0 ffffffc0 trap_Key_GetKey
0 ffffffc1 trap_Key_SetCatcher
0 ffffffc2 trap_Key_GetCatcher
0 ffffffc3 trap_Key_IsDown
0 ffffffc5 trap_MemoryRemaining
0 ffffffc6 trap_R_RegisterShaderNoMip
0 ffffffc7 trap_SetUserCmdValue
0 ffffffc8 trap_GetUserCmd
0 ffffffc9 trap_GetCurrentCmdNumber
0 ffffffca trap_GetServerCommand
0 ffffffcb trap_GetSnapshot
0 ffffffcc trap_GetCurrentSnapshotNumber
0 ffffffcd trap_GetGameState
0 ffffffce trap_GetGlconfig
0 ffffffcf trap_R_LerpTag
0 ffffffd0 trap_R_ModelBounds
0 ffffffd1 trap_R_DrawStretchPic
0 ffffffd2 trap_R_SetColor
0 ffffffd3 trap_R_RenderScene
0 ffffffd4 trap_R_AddLightToScene
0 ffffffd5 trap_R_AddPolyToScene
0 ffffffd6 trap_R_AddRefEntityToScene
0 ffffffd7 trap_R_ClearScene
0 ffffffd8 trap_R_RegisterShader
0 ffffffd9 trap_R_RegisterSkin
0 ffffffda trap_R_RegisterModel
0 ffffffdb trap_R_LoadWorldMap
0 ffffffdc trap_S_StartBackgroundTrack
0 ffffffdd trap_S_RegisterSound
0 ffffffde trap_S_Respatialize
0 ffffffdf trap_S_UpdateEntityPosition
0 ffffffe0 trap_S_AddLoopingSound
0 ffffffe1 trap_S_ClearLoopingSounds
0 ffffffe2 trap_S_StartLocalSound
0 ffffffe3 trap_S_StartSound
0 ffffffe4 trap_CM_MarkFragments
0 ffffffe5 trap_CM_TransformedBoxTrace
0 ffffffe6 trap_CM_BoxTrace
0 ffffffe7 trap_CM_TransformedPointContents
0 ffffffe8 trap_CM_PointContents
0 ffffffe9 trap_CM_TempBoxModel
0 ffffffeb trap_CM_InlineModel
0 ffffffec trap_CM_NumInlineModels
0 ffffffed trap_CM_LoadMap
0 ffffffee trap_UpdateScreen
0 ffffffef trap_SendClientCommand
0 fffffff0 trap_AddCommand
0 fffffff1 trap_SendConsoleCommand
0 fffffff2 trap_FS_FCloseFile
0 fffffff3 trap_FS_Write
0 fffffff4 trap_FS_Read
0 fffffff5 trap_FS_FOpenFile
0 fffffff6 trap_Args
0 fffffff7 trap_Argv
0 fffffff8 trap_Argc
0 fffffff9 trap_Cvar_VariableStringBuffer
0 fffffffa trap_Cvar_Set
0 fffffffb trap_Cvar_Update
0 fffffffc trap_Cvar_Register
0 fffffffd trap_Milliseconds
0 fffffffe trap_Error
0 ffffffff trap_Print
0        0 vmMain
0       87 CG_RegisterCvars
0      12e CG_ForceModelChange
0      159 CG_UpdateCvars
0      225 CG_CrosshairPlayer
0      236 CG_LastAttacker
0      247 CG_Printf
0      260 CG_Error
0      279 Com_Error
0      292 Com_Printf
0      2ab CG_Argv
0      2d0 CG_RegisterItemSounds^0
0      36d CG_RegisterSounds^0
0      84c CG_RegisterGraphics^0
0      db7 CG_BuildSpectatorString
0      e09 CG_RegisterClients^0
0      e50 CG_ConfigString
0      e75 CG_StartMusic
0      ea9 ResizeScreen
0      f2b CG_Init
0     11e6 CG_Shutdown
0     11e9 CG_EventHandling
0     11ec CG_SetScoreCatcher
0     127e CG_KeyEvent
0     129e CG_MouseEvent
0     12e9 swapfunc^1
0     1370 med3^1
0     1403 qsort
0     17b6 strlen
0     17d1 strcat
0     180b strcpy
0     1837 strcmp
0     1873 strchr
0     18a3 strstr
0     18f1 tolower
0     1909 tan
0     1920 rand
0     1936 atof
0     19f7 atoi
0     1a6f abs
0     1a88 fabs
0     1aa1 BG_FindItemForPowerup
0     1ae8 BG_FindItemForHoldable
0     1b24 BG_FindItemForWeapon
0     1b51 BG_PlayerTouchesItem
0     1bab BG_CanItemBeGrabbed
0     1ce8 BG_EvaluateTrajectory
0     1f22 BG_EvaluateTrajectoryDelta
0     207a BG_AddPredictableEventToPlayerstate
0     20bd BG_TouchJumpPad
0     214f BG_PlayerStateToEntityState
0     2334 replace1
0     236e BG_StripColor
0     23c7 hex2dec^2
0     244d DecodedString
0     2539 BG_CleanName
0     2644 Q_stradd
0     2677 Q_strlen
0     2696 AddInt^2
0     2771 AddFloat^2
0     2886 AddString^2
0     2918 ED_vsprintf
0     2b08 BG_sprintf
0     2b25 PM_AddEvent
0     2b36 PM_AddTouchEnt
0     2b8f PM_StartTorsoAnim^3
0     2bd9 PM_StartLegsAnim^3
0     2c2d PM_ContinueLegsAnim^3
0     2c4d PM_ContinueTorsoAnim^3
0     2c6d PM_ForceLegsAnim^3
0     2c7d PM_ClipVelocity
0     2cee PM_Friction^3
0     2e02 PM_Accelerate^3
0     2e7c PM_CmdScale^3
0     2f20 PM_SetMovementDir^3
0     303f PM_CheckJump^3
0     30f0 PM_CheckWaterJump^3
0     31d4 PM_WaterJumpMove^3
0     3215 PM_WaterMove^3
0     334e PM_FlyMove^3
0     33d9 PM_AirMove^3
0     3496 PM_GrappleMove^3
0     3544 PM_WalkMove^3
0     3758 PM_DeadMove^3
0     37cf PM_NoclipMove^3
0     3927 PM_FootstepForSurface^3
0     3940 PM_CrashLand^3
0     3a41 PM_CorrectAllSolid^3
0     3b30 PM_GroundTraceMissed^3
0     3bc9 PM_GroundTrace^3
0     3d3e PM_SetWaterLevel^3
0     3e13 PM_CheckDuck^3
0     3f62 PM_Footsteps^3
0     40af PM_WaterEvents^3
0     40f2 PM_BeginWeaponChange^3
0     414d PM_FinishWeaponChange^3
0     41be PM_TorsoAnimation^3
0     41dd PM_Weapon^3
0     44d2 PM_Animate^3
0     44f7 PM_DropTimers^3
0     4581 PM_UpdateViewAngles
0     462f PM_LadderMove^3
0     475b CheckLadder^3
0     47ce PmoveSingle
0     4d80 Pmove
0     4e1f PM_SlideMove
0     520b PM_StepSlideMove
0     5397 CG_GenerateTracemap
0     5d37 BG_LoadTraceMap
0     6121 BG_ClampPointToTracemapExtends^5
0     6174 BG_GetSkyHeightAtPoint
0     61b1 BG_GetSkyGroundHeightAtPoint
0     61ee etpro_FinalizeTracemapClamp
0     6219 CG_AddPolyToPool^6
0     6322 CG_AtmosphericKludge
0     6395 CG_SetParticleActive^6
0     63ae CG_RainParticleGenerate^6
0     651c CG_RainParticleCheckVisible^6
0     65c7 CG_RainParticleRender^6
0     691b CG_SnowParticleGenerate^6
0     6a2f CG_SnowParticleCheckVisible^6
0     6ad4 CG_SnowParticleRender^6
0     6d29 CG_EffectGust^6
0     6daf CG_EffectGustCurrent^6
0     6eab CG_EP_ParseFloats^6
0     6f10 CG_EP_ParseInts^6
0     6f7c CG_EffectParse
0     7270 CG_AddAtmosphericEffects
0     732c CG_TargetCommand_f^7
0     735e CG_SizeUp_f^7
0     7374 CG_SizeDown_f^7
0     738a CG_Viewpos_f^7
0     73a2 CG_ScoresDown_f^7
0     73ce CG_ScoresUp_f^7
0     73eb CG_TellTarget_f^7
0     7416 CG_TellAttacker_f^7
0     7441 CG_StartOrbit_f^7
0     7489 CG_StartCamera
0     74cf CG_Camera_f^7
0     74e2 CG_ConsoleCommand
0     7520 CG_InitConsoleCommands
0     75d3 CG_DrawField^8
0     7709 CG_Draw3DModel
0     777d CG_Draw3DModelColor
0     7868 CG_DrawHead
0     7930 CG_DrawFlagModel
0     7a0c CG_DrawStatusBarHead^8
0     7b64 CG_DrawStatusBarFlag^8
0     7b7d CG_DrawTeamBackground
0     7bc0 CG_DrawStatusBar^8
0     7e06 CG_DrawAttacker^8
0     7ebc CG_DrawSpeedMeter^8
0     7f13 CG_DrawSnapshot^8
0     7f4d CG_DrawFPS^8
0     7fda CG_DrawTimer^8
0     802a CG_DrawTeamOverlay^8
0     833a CG_DrawUpperRight^8
0     83af CG_DrawScores^8
0     8723 CG_DrawPowerups^8
0     88d1 CG_DrawLowerRight^8
0     8909 CG_DrawPickupItem^8
0     89b0 CG_DrawLowerLeft^8
0     89df CG_DrawTeamInfo^8
0     8b09 CG_DrawHoldableItem^8
0     8b35 CG_DrawReward^8
0     8c33 CG_AddLagometerFrameInfo
0     8c53 CG_AddLagometerSnapshotInfo
0     8c9a CG_DrawDisconnect^8
0     8d0e CG_DrawLagometer^8
0     8f39 CG_CenterPrint
0     8f77 CG_DrawCenterString^8
0     9031 CG_DrawCrosshair^8
0     916b CG_ScanForCrosshairEntity^8
0     91d5 CG_DrawCrosshairNames^8
0     9235 CG_DrawSpectator^8
0     928a CG_DrawVote^8
0     92e0 CG_DrawTeamVote^8
0     9373 CG_DrawScoreboard^8
0     937d CG_DrawIntermission^8
0     9395 CG_DrawFollow^8
0     93df CG_DrawAmmoWarning^8
0     940e CG_DrawWarmup^8
0     9570 CG_Draw2D^8
0     9639 CG_DrawTourneyScoreboard^8
0     963f CG_CalculatePing^8
0     9686 CG_WarmupEvents^8
0     9713 CG_WarmupEvent
0     973e CG_ApplyClientChange^8
0     9747 CG_TrackClientTeamChange
0     97fa CG_DrawActive
0     983d CG_Fade
0     985b CG_AdjustFrom640
0     9898 CG_FillRect
0     98cb CG_FillScreen
0     98f3 CG_DrawPic
0     991b CG_SelectFont
0     992e CG_FileExist^9
0     995d CG_LoadFont^9
0     9d9e CG_LoadFonts
0     9daf DrawStringLength^9
0     9e3c CG_DrawString
0     a0e3 CG_DrawStrlen
0     a126 CG_TileClearBox^9
0     a183 CG_TileClear
0     a210 CG_FadeColor
0     a252 CG_FadeColorTime
0     a297 CG_GetColorForHealth
0     a32c CG_ColorForHealth
0     a341 UI_ProportionalStringWidth
0     a384 UI_DrawProportionalString2^9
0     a45a UI_ProportionalSizeScale
0     a469 UI_DrawProportionalString
0     a5ce CG_BlackBars
0     a5fb CG_BubbleTrail
0     a794 CG_SmokePuff
0     a92d CG_SpawnEffect
0     a9d2 CG_Lightning_Discharge
0     aa20 CG_DamagePlum
0     aae6 CG_ScorePlum
0     aba6 CG_MakeExplosion
0     acbc CG_Bleed
0     ad24 CG_LaunchGib^10
0     ada1 CG_GibPlayer
0     b068 CG_GibPlayerHeadshot
0     b0d0 CG_PositionEntityOnTag
0     b184 CG_PositionRotatedEntityOnTag
0     b23a CG_SetEntitySoundPosition
0     b293 CG_EntityEffects^11
0     b332 CG_General^11
0     b395 CG_Speaker^11
0     b3ef CG_Item^11
0     b7bd CG_Missile^11
0     b942 CG_Grapple^11
0     b9b9 CG_Mover^11
0     ba31 CG_Beam
0     ba61 CG_PersonalPortal^11
0     bc2a CG_Portal^11
0     bc97 CG_AdjustPositionForMover
0     bd81 CG_InterpolateEntityPosition^11
0     be45 CG_CalcEntityLerpPositions^11
0     bedc CG_TeamBase^11
0     bf28 CG_LaserSight^11
0     bf6c CG_AddCEntity^11
0     c046 CG_AddPacketEntities
0     c0ef CG_PlaceString
0     c19d CG_Obituary^12
0     c513 CG_UseItem^12
0     c5b7 CG_ItemPickup^12
0     c628 CG_WaterLevel
0     c6cc CG_PainEvent
0     c789 CG_EntityEvent
0     d1fc CG_CheckEvents
0     d280 CG_DrawLoadingIcons^13
0     d2f3 CG_LoadingString
0     d332 CG_LoadingItem
0     d36f CG_LoadingClient
0     d468 CG_DrawInformation
0     d73b CG_InitLocalEntities
0     d76f CG_FreeLocalEntity
0     d79f CG_AllocLocalEntity
0     d7e1 CG_BloodTrail
0     d84e CG_FragmentBounceMark
0     d8df CG_FragmentBounceSound
0     d933 CG_ReflectVelocity
0     da1d CG_AddFragment^14
0     db20 CG_AddFadeRGB^14
0     dc38 CG_AddMoveScaleFade^14
0     dd26 CG_EmitPolyVerts^14
0     df43 CG_AddScaleFade^14
0     dfe2 CG_AddFallScaleFade^14
0     e096 CG_AddExplosion^14
0     e10f CG_AddSpriteExplosion^14
0     e1db CG_AddRefEntity^14
0     e1f6 CG_AddScorePlum
0     e41c ChooseDamageColor
0     e4e1 CG_AddDamagePlum
0     e6a4 CG_AddLocalEntities
0     e73c CG_InitMarkPolys
0     e770 CG_FreeMarkPoly
0     e7a0 CG_AllocMark
0     e7fb CG_ImpactMark
0     eae2 CG_AddMarks
0     ece6 CG_ClearParticles
0     ed81 CG_AddParticleToScene
0    104b7 CG_AddParticles
0    106af CG_ParticleExplosion
0    107b9 CG_CustomSound
0    1082d CG_ParseAnimationFile^16
0    10c8b CG_FileExists^16
0    10cb1 CG_FindClientModelFile^16
0    10e37 CG_FindClientHeadFile^16
0    10fd7 CG_RegisterClientSkin^16
0    110a2 CG_RegisterClientModelname^16
0    11308 CG_IsKnownModel^16
0    11440 CG_ColorFromChar^16
0    1149e CG_SetColorInfo^16
0    11558 CG_GetTeamColors^16
0    11598 CG_LoadClientInfo^16
0    11771 CG_CopyClientInfoModel^16
0    11811 CG_ScanForExistingClientInfo^16
0    118ac CG_SetDeferredClientInfo^16
0    119b7 CG_SetSkinAndModel^16
0    11da5 CG_NewClientInfo
0    12069 CG_LoadDeferredPlayers
0    120ac CG_SetLerpFrameAnimation^16
0    12102 CG_RunLerpFrame^16
0    122b8 CG_ClearLerpFrame^16
0    122f1 CG_PlayerAnimation^16
0    123b8 CG_SwingAngles^16
0    124b9 CG_AddPainTwitch^16
0    12500 CG_PlayerAngles^16
0    126e6 CG_HasteTrail^16
0    1275b CG_TrailItem^16
0    127be CG_PlayerFlag^16
0    1295d CG_PlayerPowerups^16
0    12aa1 CG_PlayerFloatSprite^16
0    12aed CG_PlayerSprites^16
0    12bc2 CG_PlayerShadow^16
0    12c50 CG_PlayerSplash^16
0    12d3e CG_AddRefEntityWithPowerups
0    12ddc CG_PlayerStats
0    12f3c CG_Player
0    1326a CG_ResetPlayerEntity
0    1334c CG_CheckAmmo
0    133cb CG_DamageFeedback
0    13542 CG_Respawn
0    1356e CG_CheckPlayerstateEvents^17
0    1366a pushReward^17
0    13697 CG_CheckLocalSounds
0    139e6 CG_TransitionPlayerState
0    13aa0 CG_PB_FindFreePolyBuffer
0    13b4b CG_PB_ClearPolyBuffers
0    13b57 CG_PB_RenderPolyBuffers
0    13b7b CG_BuildSolidList
0    13c07 CG_ClipMoveToEntities^19
0    13d14 CG_Trace
0    13d54 CG_PointContents
0    13dcc CG_InterpolatePlayerState^19
0    13ef2 CG_StoreEvent
0    13f35 CG_PlayDroppedEvents
0    13fca CG_AddArmor^19
0    13fe6 CG_AddAmmo^19
0    14031 CG_AddWeapon^19
0    14074 CG_CheckArmor^19
0    140aa CG_AddFallDamage
0    140f5 CG_PickupPrediction^19
0    14235 CG_TouchItem^19
0    1435e CG_TouchTriggerPrediction^19
0    14440 CG_CheckTimers^19
0    14503 CG_IsUnacceptableError^19
0    14b13 CG_PredictPlayerState
0    14f02 CG_DrawClientScore^20
0    1526f CG_ScoreboardClick
0    152ef CG_TeamScoreboard^20
0    1537d CG_DrawOldScoreboard
0    156e2 CG_DrawOldTourneyScoreboard
0    15851 CG_ParseScores^21
0    15a6a CG_ParseTeamInfo^21
0    15b41 CG_ParseServerinfo
0    15c34 CG_ParseSysteminfo
0    15ca5 CG_ParseWarmup^21
0    15d2f CG_SetConfigValues
0    15d88 CG_ShaderStateChanged
0    15e34 CG_ConfigStringModified^21
0    15fff CG_AddToTeamChat^21
0    16162 CG_MapRestart^21
0    161af CG_RemoveChatEscapeChar^21
0    161f1 CG_ServerCommand^21
0    1641a CG_ExecuteNewServerCommands
0    16445 CG_ResetEntity^22
0    16485 CG_TransitionEntity^22
0    164b2 CG_SetInitialSnapshot
0    1652a CG_TransitionSnapshot^22
0    16689 CG_SetNextSnap^22
0    16794 CG_ReadNextSnapshot^22
0    16802 CG_ProcessSnapshots
0    168a8 CG_ItemTimer
0    16a28 CG_TestModel_f
0    16ab5 CG_TestGun_f
0    16ac1 CG_TestModelNextFrame_f
0    16ad7 CG_TestModelPrevFrame_f
0    16af4 CG_TestModelNextSkin_f
0    16b0a CG_TestModelPrevSkin_f
0    16b27 CG_AddTestModel^24
0    16bac CG_CalcVrect^24
0    16c19 CG_OffsetThirdPersonView^24
0    16dca CG_StepOffset^24
0    16dec CG_OffsetFirstPersonView^24
0    17035 CG_ZoomDown_f
0    17059 CG_ZoomUp_f
0    17066 CG_CalcFov^24
0    171ce CG_DamageBlendBlob^24
0    172ac CG_CalcViewValues^24
0    17424 CG_PowerupTimerSounds^24
0    1746f CG_AddBufferedSound
0    174af CG_PlayBufferedSounds^24
0    174f1 CG_FirstFrame^24
0    17546 CG_DrawActiveFrame
0    176d2 CG_SetupFrustum
0    17818 CG_CullPoint
0    17861 CG_MachineGunEjectBrass^25
0    17a54 CG_ShotgunEjectBrass^25
0    17c75 CG_NailgunEjectBrass^25
0    17d1b CG_RailTrail
0    180a3 CG_RocketTrail^25
0    1818a CG_NailTrail^25
0    18271 CG_PlasmaTrail^25
0    1852d CG_GrappleTrail
0    185c2 CG_GrenadeTrail^25
0    185ce CG_RegisterWeapon
0    1892e CG_RegisterItemVisuals
0    18a22 CG_MapTorsoToWeaponFrame^25
0    18a8c CG_CalculateWeaponPosition^25
0    18b6f CG_LightningBolt^25
0    18d4a CG_SpawnRailTrail^25
0    18d82 CG_MachinegunSpinAngle^25
0    18e38 CG_AddWeaponWithPowerups^25
0    18e9f CG_AddPlayerWeapon
0    1935c CG_CenterGun
0    19398 CG_AddViewWeapon
0    195a3 CG_DrawWeaponSelect
0    1982d CG_WeaponSelectable
0    19883 CG_NextWeapon_f
0    198ee CG_PrevWeapon_f
0    19959 NextClass
0    199c4 PrevClass
0    19a2f CG_Weapon_f
0    19ad5 CG_OutOfAmmoChange
0    19b11 CG_FireWeapon
0    19be4 CG_MissileHitWall
0    19eed CG_MissileHitPlayer
0    19f23 CG_ShotgunPellet^25
0    19ffa CG_ShotgunPattern^25
0    1a0ab CG_ShotgunFire
0    1a166 CG_Tracer
0    1a371 CG_CalcMuzzlePoint^25
0    1a457 CG_Bullet
0    1a51c RateWeapon
0    1a53d contains
0    1a56d UpdateWeaponOrder
0    1a6b3 NextWeapon
0    1a6ef PrevWeapon
0    1a738 hud_weapons
0    1a856 Q_rand
0    1a86b Q_random
0    1a87d Q_crandom
0    1a88e VectorCompare
0    1a8bc VectorLength
0    1a8ed VectorLengthSquared
0    1a917 Distance
0    1a94e DistanceSquared
0    1a992 VectorNormalizeFast
0    1a9eb CrossProduct
0    1aa44 ByteToDir
0    1aa62 RotatePointAroundVector
0    1ab73 RotateAroundDirection
0    1abaf vectoangles
0    1ac5d AnglesToAxis
0    1ac92 AxisClear
0    1accd AxisCopy
0    1acef ProjectPointOnPlane
0    1ada6 Q_rsqrt
0    1ade1 Q_fabs
0    1adf1 LerpAngle
0    1ae26 AngleSubtract
0    1ae4b AnglesSubtract
0    1ae99 AngleMod
0    1aeaf AngleNormalize360
0    1aebd AngleNormalize180
0    1aedc AngleDelta
0    1aeec VectorNormalize
0    1af56 VectorNormalize2
0    1afd2 MatrixMultiply
0    1b13b AngleVectors
0    1b22d PerpendicularVector
0    1b28f COM_StripExtension
0    1b2da COM_BeginParseSession
0    1b2ef COM_Parse
0    1b2fe SkipWhitespace^28
0    1b33d COM_ParseExt
0    1b49e SkipRestOfLine
0    1b4d8 Q_strrchr
0    1b50c Q_strncpyz
0    1b54f Q_stricmp
0    1b5d0 Q_strlwr
0    1b5f6 Q_strcat
0    1b622 Q_CleanStr
0    1b683 Com_sprintf
0    1b6b2 va
0    1b6e1 Q_strkey^28
0    1b720 Info_ValueForKey
0   9779d8 _stackStart
0   9879d8 _stackEnd
1        4 forceModelModificationCount^0
1        8 enemyModelModificationCount^0
1        c enemyColorsModificationCount^0
1       10 teamModelModificationCount^0
1       14 teamColorsModificationCount^0
1       18 atmosphereModificationCount^0
1       1c weaponsOrderModificationCount^0
1       20 gametypeModificationCount^0
1       24 rmodeModificationCount^0
1       28 raspectModificationCount^0
1       2c rheightModificationCount^0
1       30 rwidthModificationCount^0
1       34 rfullscreenModificationCount^0
1       38 intShaderTime
1       3c linearLight
1       64 cvarTable^0
1      934 randSeed^1
1      938 bg_itemlist
1     1604 bg_numItems
1     1664 eventnames
1     18c4 pm_stopspeed
1     18c8 pm_duckScale
1     18cc pm_swimScale
1     18d0 pm_ladderScale
1     18d4 pm_ladderfriction
1     18d8 pm_ladderAccelerate
1     18dc pm_accelerate
1     18e0 pm_airaccelerate
1     18e4 pm_wateraccelerate
1     18e8 pm_flyaccelerate
1     18ec pm_friction
1     18f0 pm_waterfriction
1     18f4 pm_flightfriction
1     18f8 pm_spectatorfriction
1     18fc c_pmove
1     1900 pm_respawntimer^3
1     19b0 commands^7
1     1a78 drawTeamOverlayModificationCount
1     1b08 font^9
1     1b0c metrics^9
1     1b10 propMap^9
1     2430 shaderAnimNames^15
1     24b0 shaderAnimCounts^15
1     2530 shaderAnimSTRatio^15
1     25b0 cl_numparticles
1     25b4 initparticles
1     25b8 roll^15
1     25bc cg_customSoundNames^16
1     2694 player_stop
1     2698 black_bars
1     26c0 bg_weaponlist
1     4594 vec3_origin
1     45a0 axisDefault
1     45c4 colorWhite
1     45d4 g_color_table
1     4654 bytedirs
2     6719 locase
3      800 trap_GetValue
3      804 trap_R_AddPolyBufferToScene
3      808 trap_R_AddLinearLightToScene
3      80c trap_R_AddRefEntityToScene2
3      810 cgwp_flameCycle
3      920 cg_altGrapple
3      a30 cgwp_grapplePull
3      b40 cgwp_grappleEnable
3      c50 cg_gunCenter
3      d60 cg_weaponOrder
3      e70 cgwp_chainCycle
3      f80 cgwp_proxCycle
3     1090 cgwp_nailCycle
3     11a0 cgwp_grappleCycle
3     12b0 cgwp_bfgCycle
3     13c0 cgwp_railCycle
3     14d0 cgwp_plasmaCycle
3     15e0 cgwp_rocketCycle
3     16f0 cgwp_grenadeCycle
3     1800 cgwp_machineCycle
3     1910 cgwp_shotgunCycle
3     1a20 cgwp_lightCycle
3     1b30 cgwp_gauntCycle
3     1c40 cg_atmosphericEffects
3     1d50 cg_atmosphere
3     1e60 cg_wallWalk
3     1f70 cg_gravity
3     2080 cg_jumpVelocity
3     2190 cg_hasteFactor
3     22a0 cg_healthBar
3     23b0 cg_damagePlum
3     24c0 cg_reverseControls
3     25d0 cg_upsideDown
3     26e0 cg_sideview
3     27f0 cg_birdsEye
3     2900 cg_birdsEyeAngle
3     2a10 cg_birdsEyeRange
3     2b20 cg_itemTimer
3     2c30 cg_developer
3     2d40 cg_altPortal
3     2e50 cgwp_portalEnable
3     2f60 cg_fullscreen
3     3070 cg_width
3     3180 cg_height
3     3290 cg_aspect
3     33a0 cg_mode
3     34b0 cg_gametype
3     35c0 cg_followKiller
3     36d0 cg_fovAdjust
3     37e0 cg_deadBodyDarken
3     38f0 cg_teamColors
3     3a00 cg_teamModel
3     3b10 cg_enemyColors
3     3c20 cg_enemyModel
3     3d30 cg_hitSounds
3     3e40 cg_trueLightning
3     3f50 cg_oldPlasma
3     4060 cg_oldRocket
3     4170 cg_oldRail
3     4280 cg_bigFont
3     4390 cg_smallFont
3     44a0 cg_noProjectileTrail
3     45b0 cg_noTaunt
3     46c0 cg_cameraMode
3     47d0 cg_smoothClients
3     48e0 cg_scorePlum
3     49f0 cg_timescale
3     4b00 cg_timescaleFadeSpeed
3     4c10 cg_timescaleFadeEnd
3     4d20 cg_cameraOrbitDelay
3     4e30 cg_cameraOrbit
3     4f40 cg_blood
3     5050 cg_paused
3     5160 cg_buildScript
3     5270 cg_teamChatsOnly
3     5380 cg_drawFriend
3     5490 cg_stats
3     55a0 cg_teamOverlayUserinfo
3     56b0 cg_drawTeamOverlay
3     57c0 cg_deferPlayers
3     58d0 cg_predictItems
3     59e0 cg_forceModel
3     5af0 cg_teamChatHeight
3     5c00 cg_teamChatTime
3     5d10 cg_thirdPerson
3     5e20 cg_thirdPersonAngle
3     5f30 cg_thirdPersonRange
3     6040 cg_tracerLength
3     6150 cg_tracerWidth
3     6260 cg_tracerChance
3     6370 cg_footsteps
3     6480 cg_showmiss
3     6590 cg_noPlayerAnims
3     66a0 cg_nopredict
3     67b0 cg_errorDecay
3     68c0 cg_debugEvents
3     69d0 cg_debugPosition
3     6ae0 cg_debugAnim
3     6bf0 cg_animSpeed
3     6d00 cg_swingSpeed
3     6e10 cg_bobroll
3     6f20 cg_bobpitch
3     7030 cg_bobup
3     7140 cg_runroll
3     7250 cg_runpitch
3     7360 cg_centertime
3     7470 cg_gun_z
3     7580 cg_gun_y
3     7690 cg_gun_x
3     77a0 cg_gun_frame
3     78b0 cg_railTrailRadius
3     79c0 cg_railTrailTime
3     7ad0 cg_lagometer
3     7be0 cg_addMarks
3     7cf0 cg_simpleItems
3     7e00 cg_brassTime
3     7f10 cg_crosshairY
3     8020 cg_crosshairX
3     8130 cg_crosshairHealth
3     8240 cg_crosshairSize
3     8350 cg_drawWeaponSelect
3     8460 cg_drawRewards
3     8570 cg_drawCrosshairNames
3     8680 cg_drawCrosshair
3     8790 cg_drawSpeed
3     88a0 cg_drawAttacker
3     89b0 cg_drawAmmoWarning
3     8ac0 cg_drawIcons
3     8bd0 cg_draw3dIcons
3     8ce0 cg_drawSnapshot
3     8df0 cg_drawFPS
3     8f00 cg_drawTimer
3     9010 cg_drawStatus
3     9120 cg_draw2D
3     9230 cg_gibs
3     9340 cg_shadows
3     9450 cg_viewsize
3     9560 cg_fov
3     9670 cg_zoomFov
3     9780 cg_drawGun
3     9890 cg_autoswitch
3     99a0 cg_ignore
3     9ab0 cg_items
3     b6b0 cg_weapons
3     d9d8 cg_entities
3    c79d8 cg
3    ec074 cgs
3   114a30 pml
3   114ac0 pm
3   114ac4 one_over_mapgrid_factor^5
3   114acc tracemap^5
3   1d4ae8 cg_atmFx^6
3   21720c kludgeResult^6
3   217210 kludgeChecked^6
3   21722c lagometer
3   217834 numSortedTeamPlayers
3   217838 sortedTeamPlayers
3   2178d8 numbers^9
3   21a4fc bigchars^9
3   21d178 loadingItemIcons^13
3   21d1e0 loadingPlayerIcons^13
3   21d220 loadingItemIconCount^13
3   21d224 loadingPlayerIconCount^13
3   21d228 cg_freeLocalEntities
3   21d22c cg_activeLocalEntities
3   21d350 cg_localEntities
3   2af350 oldtime
3   2af354 rup
3   2af360 rright
3   2af36c rforward
3   2af378 pvup
3   2af384 pvright
3   2af390 pvforward
3   2af39c particles
3   2ce39c free_particles
3   2ce3a0 active_particles
3   2ce3a4 numShaderAnims^15
3   2ce3a8 shaderAnims^15
3   2d03a8 markTotal^15
3   2d03ac cg_freeMarkPolys
3   2d03b0 cg_activeMarkPolys
3   2d04d0 cg_markPolys
3   2e24d8 cg_polyBuffersInuse
3   2e26d8 cg_polyBuffers
3   962cd8 eventParm2
3   962d18 eventParms
3   962d58 events
3   962d98 eventStack
3   962d9c cg_triggerEntities^19
3   96319c cg_numTriggerEntities^19
3   9631a0 cg_solidEntities^19
3   9635a0 cg_numSolidEntities^19
3   9635a4 cg_pmove^19
3   963684 localClient^20
3   963688 frustum^24
3   9636c8 weaponRawOrder
3   963740 weaponOrder
3   9771d0 com_tokenline^28
3   9771d4 com_lines^28
3   9771d8 com_parsename^28
3   9775d8 com_token^28
