0 ffffff90 acos
0 ffffff93 ceil
0 ffffff94 floor
0 ffffff95 sqrt
0 ffffff96 atan2
0 ffffff97 cos
0 ffffff98 sin
0 ffffff99 strncpy
0 ffffff9a memcpy
0 ffffff9b memset
0 ffffffa2 trap_getCameraInfo
0 ffffffa4 trap_startCamera
0 ffffffa5 trap_loadCamera
0 ffffffae trap_S_StopLoopingSound
0 ffffffaf trap_S_AddRealLoopingSound
0 ffffffb0 trap_R_RemapShader
0 ffffffb1 trap_CIN_SetExtents
0 ffffffb2 trap_CIN_DrawCinematic
0 ffffffb3 trap_CIN_RunCinematic
0 ffffffb4 trap_CIN_StopCinematic
0 ffffffb5 trap_CIN_PlayCinematic
0 ffffffb8 trap_SnapVector
0 ffffffba trap_S_StopBackgroundTrack
0 ffffffbb trap_PC_SourceFileAndLine
0 ffffffbc trap_PC_ReadToken
0 ffffffbd trap_PC_FreeSource
0 ffffffbe trap_PC_LoadSource
0 ffffffc0 trap_Key_GetKey
0 ffffffc1 trap_Key_SetCatcher
0 ffffffc2 trap_Key_GetCatcher
0 ffffffc3 trap_Key_IsDown
0 ffffffc4 trap_R_RegisterFont
0 ffffffc5 trap_MemoryRemaining
0 ffffffc6 trap_R_RegisterShaderNoMip
0 ffffffc7 trap_SetUserCmdValue
0 ffffffc8 trap_GetUserCmd
0 ffffffc9 trap_GetCurrentCmdNumber
0 ffffffca trap_GetServerCommand
0 ffffffcb trap_GetSnapshot
0 ffffffcc trap_GetCurrentSnapshotNumber
0 ffffffcd trap_GetGameState
0 ffffffce trap_GetGlconfig
0 ffffffcf trap_R_LerpTag
0 ffffffd0 trap_R_ModelBounds
0 ffffffd1 trap_R_DrawStretchPic
0 ffffffd2 trap_R_SetColor
0 ffffffd3 trap_R_RenderScene
0 ffffffd4 trap_R_AddLightToScene
0 ffffffd5 trap_R_AddPolyToScene
0 ffffffd6 trap_R_AddRefEntityToScene
0 ffffffd7 trap_R_ClearScene
0 ffffffd8 trap_R_RegisterShader
0 ffffffd9 trap_R_RegisterSkin
0 ffffffda trap_R_RegisterModel
0 ffffffdb trap_R_LoadWorldMap
0 ffffffdc trap_S_StartBackgroundTrack
0 ffffffdd trap_S_RegisterSound
0 ffffffde trap_S_Respatialize
0 ffffffdf trap_S_UpdateEntityPosition
0 ffffffe0 trap_S_AddLoopingSound
0 ffffffe1 trap_S_ClearLoopingSounds
0 ffffffe2 trap_S_StartLocalSound
0 ffffffe3 trap_S_StartSound
0 ffffffe4 trap_CM_MarkFragments
0 ffffffe5 trap_CM_TransformedBoxTrace
0 ffffffe6 trap_CM_BoxTrace
0 ffffffe7 trap_CM_TransformedPointContents
0 ffffffe8 trap_CM_PointContents
0 ffffffe9 trap_CM_TempBoxModel
0 ffffffeb trap_CM_InlineModel
0 ffffffec trap_CM_NumInlineModels
0 ffffffed trap_CM_LoadMap
0 ffffffee trap_UpdateScreen
0 ffffffef trap_SendClientCommand
0 fffffff0 trap_AddCommand
0 fffffff1 trap_SendConsoleCommand
0 fffffff2 trap_FS_FCloseFile
0 fffffff3 trap_FS_Write
0 fffffff4 trap_FS_Read
0 fffffff5 trap_FS_FOpenFile
0 fffffff6 trap_Args
0 fffffff7 trap_Argv
0 fffffff8 trap_Argc
0 fffffff9 trap_Cvar_VariableStringBuffer
0 fffffffa trap_Cvar_Set
0 fffffffb trap_Cvar_Update
0 fffffffc trap_Cvar_Register
0 fffffffd trap_Milliseconds
0 fffffffe trap_Error
0 ffffffff trap_Print
0        0 vmMain
0       94 CG_RegisterCvars
0      155 CG_ForceModelChange
0      180 CG_UpdateCvars
0      271 CG_CrosshairPlayer
0      282 CG_LastAttacker
0      293 CG_Printf
0      2ac CG_Error
0      2c5 Com_Error
0      2de Com_Printf
0      2f7 Com_DPrintf
0      314 CG_Argv
0      339 CG_RegisterItemSounds^0
0      3d6 CG_RegisterSounds^0
0      951 CG_ReregisterModels
0      c1f CG_RegisterGraphics^0
0     13b4 CG_BuildSpectatorString
0     1406 CG_RegisterClients^0
0     144d CG_ConfigString
0     1472 CG_StartMusic
0     14a6 CG_GetMenuBuffer
0     150a CG_Asset_Parse
0     17b5 CG_ParseMenu
0     1820 CG_Load_Menu
0     1874 CG_LoadMenus
0     1966 CG_FeederCount^0
0     19cf CG_SetScoreSelection
0     1a66 CG_InfoFromScoreIndex^0
0     1ac1 Team_Parse^0
0     1c35 Character_Parse^0
0     1e39 Alias_Parse^0
0     1f09 CG_ParseTeamInfo^0
0     1f94 CG_FeederItemText^0
0     214b CG_FeederItemImage^0
0     2199 CG_FeederSelection
0     228b CG_Cvar_Get^0
0     22aa CG_Text_PaintWithCursor
0     22cb CG_OwnerDrawWidth^0
0     2376 CG_PlayCinematic^0
0     2395 CG_StopCinematic^0
0     239e CG_DrawCinematic^0
0     23bd CG_RunCinematicFrame^0
0     23c6 trap_Key_GetOverstrikeMode
0     23cb trap_Key_SetOverstrikeMode
0     23ce CG_LoadHudMenu
0     2478 CG_AssetCache
0     2525 ResizeScreen
0     25bd CG_Init
0     28dc CG_Shutdown
0     28df CG_SetScoreCatcher
0     2971 CG_CLASSIC_KeyEvent
0     2991 CG_CLASSIC_MouseEvent
0     2a15 swapfunc^1
0     2a9c med3^1
0     2b2f qsort
0     2ee2 strlen
0     2efd strcat
0     2f37 strcpy
0     2f63 strcmp
0     2f9f strchr
0     2fcf strstr
0     301d tolower
0     3035 toupper
0     304d memmove
0     30a0 tan
0     30b7 rand
0     30cd atof
0     318e atoi
0     3206 abs
0     321f fabs
0     3238 BG_FindItemForRune
0     326f BG_PlayerClassFromModel
0     331e BG_FindItemForPowerup
0     336e BG_FindItemForWeapon
0     339b BG_PlayerTouchesItem
0     33f5 BG_CanItemBeGrabbed
0     378f BG_EvaluateTrajectory
0     39c9 BG_EvaluateTrajectoryDelta
0     3b21 BG_AddPredictableEventToPlayerstate
0     3b64 BG_TouchJumpPad
0     3c14 BG_PlayerStateToEntityState
0     3dc9 replace1
0     3e03 BG_StripColor
0     3e5c hex2dec^2
0     3ee2 DecodedString
0     3fce Q_stristr
0     402f BG_CleanName
0     413a Q_stradd
0     416d Q_strlen
0     418c AddInt^2
0     4267 AddFloat^2
0     437c AddString^2
0     440e ED_vsprintf
0     45fe BG_sprintf
0     461b PM_AddEvent
0     462c PM_AddTouchEnt
0     4685 PM_StartTorsoAnim^3
0     46cf PM_StartLegsAnim^3
0     4723 PM_ContinueLegsAnim^3
0     4743 PM_ContinueTorsoAnim^3
0     4763 PM_ForceLegsAnim^3
0     4773 PM_ClipVelocity
0     47e4 PM_Friction^3
0     4951 PM_Accelerate^3
0     49cb PM_CmdScale^3
0     4a6f PM_SetMovementDir^3
0     4b8e PM_CheckJump^3
0     4c3f PM_CheckWaterJump^3
0     4d23 PM_WaterJumpMove^3
0     4d64 PM_WaterMove^3
0     4e9d PM_InvulnerabilityMove^3
0     4ec7 PM_FlyMove^3
0     4f52 PM_AirMove^3
0     500f PM_GrappleMove^3
0     50bd PM_WalkMove^3
0     52d1 PM_DeadMove^3
0     5348 PM_NoclipMove^3
0     54a0 PM_FootstepForSurface^3
0     54b9 PM_CrashLand^3
0     55ba PM_CorrectAllSolid^3
0     56a9 PM_GroundTraceMissed^3
0     5742 PM_GroundTrace^3
0     58b7 PM_SetWaterLevel^3
0     598c PM_CheckDuck^3
0     5ae9 PM_Footsteps^3
0     5c4f PM_WaterEvents^3
0     5c92 PM_BeginWeaponChange^3
0     5d08 PM_FinishWeaponChange^3
0     5d8c PM_TorsoAnimation^3
0     5dab PM_Weapon^3
0     626a PM_Animate^3
0     628f PM_DropTimers^3
0     6319 PM_UpdateViewAngles
0     63c7 PM_LadderMove^3
0     64f3 CheckLadder^3
0     6566 PmoveSingle
0     6c45 Pmove
0     6ce4 PM_SlideMove
0     70d0 PM_StepSlideMove
0     7262 CG_GenerateTracemap
0     7c02 BG_LoadTraceMap
0     7fec BG_ClampPointToTracemapExtends^7
0     803f BG_GetSkyHeightAtPoint
0     807c BG_GetSkyGroundHeightAtPoint
0     80b9 etpro_FinalizeTracemapClamp
0     80e4 CG_AddPolyToPool
0     81ed CG_AtmosphericKludge
0     8260 CG_SetParticleActive^8
0     8279 CG_RainParticleGenerate^8
0     83e7 CG_RainParticleCheckVisible^8
0     8492 CG_RainParticleRender^8
0     87e6 CG_SnowParticleGenerate^8
0     88fa CG_SnowParticleCheckVisible^8
0     899f CG_SnowParticleRender^8
0     8bf4 CG_EffectGust^8
0     8c7a CG_EffectGustCurrent^8
0     8d76 CG_EP_ParseFloats^8
0     8ddb CG_EP_ParseInts^8
0     8e47 CG_EffectParse
0     9133 CG_AddAtmosphericEffects
0     91ef CG_TargetCommand_f^9
0     9221 CG_SizeUp_f^9
0     9237 CG_SizeDown_f^9
0     924d CG_Viewpos_f^9
0     9265 CG_ScoresDown_f^9
0     9297 CG_ScoresUp_f^9
0     92b4 CG_LoadHud_f^9
0     92e4 CG_TellTarget_f^9
0     930f CG_TellAttacker_f^9
0     933a CG_StartOrbit_f^9
0     9382 CG_StartCamera
0     9409 CG_Camera_f^9
0     941c CG_ConsoleCommand
0     945a CG_InitConsoleCommands
0     950d CG_Text_Width
0     95b5 CG_Text_Height
0     965f CG_Text_PaintChar
0     969d CG_Text_Paint
0     983d CG_DrawField^10
0     9973 CG_Draw3DModel
0     99e7 CG_Draw3DModelColor
0     9ad2 CG_DrawHead
0     9bb4 CG_DrawFlagModel
0     9cc4 CG_DrawStatusBarHead^10
0     9e1c CG_DrawStatusBarFlag^10
0     9e35 CG_DrawTeamBackground
0     9e96 CG_DrawStatusBar^10
0     a158 CG_DrawAttacker^10
0     a20e CG_DrawSpeedMeter^10
0     a265 CG_DrawSnapshot^10
0     a29f CG_DrawFPS^10
0     a32c CG_DrawTimer^10
0     a37c CG_DrawTeamOverlay^10
0     a68c CG_DrawUpperRight^10
0     a701 CG_DrawScores^10
0     abee CG_DrawPowerups^10
0     adba CG_DrawLowerRight^10
0     adf2 CG_DrawPickupItem^10
0     ae99 CG_DrawLowerLeft^10
0     aec8 CG_DrawTeamInfo^10
0     aff2 CG_DrawReward^10
0     b0f0 CG_AddLagometerFrameInfo
0     b110 CG_AddLagometerSnapshotInfo
0     b157 CG_DrawDisconnect^10
0     b1d5 CG_DrawLagometer^10
0     b400 CG_CenterPrint
0     b43e CG_DrawCenterString^10
0     b4f8 CG_DrawCrosshair^10
0     b632 CG_ScanForCrosshairEntity^10
0     b6a7 CG_DrawCrosshairNames^10
0     b707 CG_DrawSpectator^10
0     b75c CG_DrawVote^10
0     b7b2 CG_DrawTeamVote^10
0     b845 CG_DrawScoreboard^10
0     b90f CG_DrawIntermission^10
0     b92c CG_DrawFollow^10
0     b976 CG_DrawAmmoWarning^10
0     b9a5 CG_DrawProxWarning^10
0     ba12 CG_DrawWarmup^10
0     bb74 CG_DrawTimedMenus
0     bb95 CG_Draw2D^10
0     bc8a CG_DrawTourneyScoreboard^10
0     bc90 CG_CalculatePing^10
0     bcd7 CG_WarmupEvents^10
0     bd64 CG_WarmupEvent
0     bd8f CG_ApplyClientChange^10
0     bd98 CG_TrackClientTeamChange
0     be4b CG_DrawActive
0     bf6d CG_Fade
0     bf8b CG_GetSelectedPlayer
0     bf9d CG_DrawPlayerArmorIcon^11
0     c021 CG_DrawPlayerArmorValue^11
0     c0ab CG_DrawPlayerAmmoIcon^11
0     c161 CG_DrawPlayerAmmoValue^11
0     c20c CG_DrawPlayerHead^11
0     c383 CG_DrawSelectedPlayerHealth^11
0     c41c CG_DrawSelectedPlayerArmor^11
0     c4bc CG_StatusHandle
0     c508 CG_DrawSelectedPlayerStatus^11
0     c570 CG_DrawPlayerStatus^11
0     c5b0 CG_DrawSelectedPlayerName^11
0     c5ff CG_DrawSelectedPlayerLocation^11
0     c65f CG_DrawPlayerLocation^11
0     c6b9 CG_DrawSelectedPlayerWeapon^11
0     c727 CG_DrawPlayerScore^11
0     c7ab CG_DrawSelectedPlayerPowerup^11
0     c82b CG_DrawSelectedPlayerHead^11
0     c931 CG_DrawPlayerStamina^11
0     c9c3 CG_DrawPlayerAbility^11
0     ca62 CG_DrawPlayerHealth^11
0     caec CG_DrawRedScore^11
0     cb49 CG_DrawBlueScore^11
0     cba6 CG_DrawRedName^11
0     cbcf CG_DrawBlueName^11
0     cbf8 CG_DrawBlueFlagName^11
0     cc61 CG_DrawBlueFlagStatus^11
0     cd23 CG_DrawBlueFlagHead^11
0     cd91 CG_DrawRedFlagName^11
0     cdfa CG_DrawRedFlagStatus^11
0     cebc CG_DrawRedFlagHead^11
0     cf2a CG_HarvesterSkulls^11
0     d00b CG_OneFlagStatus^11
0     d089 CG_DrawCTFPowerUp^11
0     d0f8 CG_DrawTeamColor^11
0     d128 CG_DrawAreaPowerUp^11
0     d2eb CG_GetValue
0     d3cb CG_OtherTeamHasFlag
0     d41b CG_YourTeamHasFlag
0     d46b CG_OwnerDrawVisible
0     d5b2 CG_DrawPlayerHasFlag^11
0     d6d0 CG_DrawAreaSystemChat^11
0     d6f8 CG_DrawAreaTeamChat^11
0     d720 CG_DrawAreaChat^11
0     d748 CG_GetKillerText
0     d762 CG_DrawKiller^11
0     d7bc CG_DrawCapFragLimit^11
0     d7fb CG_Draw1stPlace^11
0     d82c CG_Draw2ndPlace^11
0     d85d CG_GetGameStatusText
0     d8cd CG_DrawGameStatus^11
0     d8fb CG_GameTypeString
0     d930 CG_DrawGameType^11
0     d95e CG_Text_Paint_Limit^11
0     daa6 CG_DrawNewTeamInfo
0     dd0c CG_DrawTeamSpectators
0     de3f CG_DrawMedal
0     df80 CG_TeamIndexFromName^11
0     dfbb CG_SelectedHead
0     e002 CG_HeadCountByTeam
0     e127 CG_DrawClanName^11
0     e151 CG_DrawHandicap^11
0     e19f CG_ClanName_HandleKey^11
0     e229 CG_DrawHandlePic
0     e283 CG_DrawEffects^11
0     e2c3 CG_Effects_HandleKey^11
0     e322 CG_Handicap_HandleKey^11
0     e38f CG_BuildPlayerList^11
0     e4e4 CG_SelectedPlayer_HandleKey^11
0     e569 CG_OwnerDrawHandleKey
0     e5ca CG_OwnerDraw
0     e95a CG_MouseEvent
0     ea2f CG_HideTeamMenu
0     ea3c CG_EventHandling
0     ea76 CG_KeyEvent
0     eb08 CG_Cvar_VariableString
0     eb17 CG_Update
0     eb52 CG_RunMenuScript
0     ebb7 CG_GetTeamColor
0     ec21 CG_AdjustFrom640
0     ec5e CG_FillRect
0     ec91 CG_FillScreen
0     ecb9 CG_DrawSides
0     ed0c CG_DrawTopBottom
0     ed5f CG_DrawRect
0     ed91 CG_DrawPic
0     edb9 CG_SelectFont
0     edcc CG_FileExist^12
0     edfb CG_LoadFont^12
0     f23c CG_LoadFonts
0     f24d DrawStringLength^12
0     f2da CG_DrawString
0     f581 CG_DrawStrlen
0     f5c4 CG_TileClearBox^12
0     f621 CG_TileClear
0     f6ae CG_FadeColor
0     f6f0 CG_FadeColorTime
0     f735 CG_GetColorForHealth
0     f7ca CG_ColorForHealth
0     f7df UI_ProportionalStringWidth
0     f822 UI_DrawProportionalString2^12
0     f8f8 UI_ProportionalSizeScale
0     f907 UI_DrawProportionalString
0     fa6c CG_BlackBars
0     fa99 CG_BubbleTrail
0     fc32 CG_SmokePuff
0     fdcb CG_SpawnEffect
0     fe70 CG_Lightning_Discharge
0     febe CG_LightningBoltBeam
0     ff04 CG_KamikazeEffect
0     ff9e CG_ObeliskExplode
0     ffd9 CG_ObeliskPain
0    1000c CG_InvulnerabilityImpact
0    100ce CG_InvulnerabilityJuiced
0    10176 CG_DamagePlum
0    1023c CG_ScorePlum
0    102fc CG_MakeExplosion
0    10412 CG_Bleed
0    1047a CG_LaunchGib^13
0    104f7 CG_GibPlayer
0    107be CG_GibPlayerHeadshot
0    10826 CG_PositionEntityOnTag
0    108da CG_PositionRotatedEntityOnTag
0    10990 CG_SetEntitySoundPosition
0    109e9 CG_EntityEffects^14
0    10a88 CG_General^14
0    10b31 CG_Speaker^14
0    10b8b CG_Item^14
0    1116f CG_Missile^14
0    1134b CG_Grapple^14
0    113c2 CG_Mover^14
0    1143a CG_Beam
0    1146a CG_PersonalPortal^14
0    11623 CG_Portal^14
0    11690 CG_AdjustPositionForMover
0    1177a CG_InterpolateEntityPosition^14
0    1183e CG_CalcEntityLerpPositions^14
0    118d5 CG_TeamBase^14
0    1193b CG_LaserSight^14
0    1197f CG_AddCEntity^14
0    11a59 CG_AddPacketEntities
0    11b67 CG_PlaceString
0    11c15 CG_Obituary^15
0    11fec CG_UseItem^15
0    120d2 CG_ItemPickup^15
0    12169 CG_WaterLevel
0    1220d CG_PainEvent
0    122ca CG_EntityEvent
0    12f32 CG_CheckEvents
0    12fb6 CG_DrawLoadingIcons^16
0    13029 CG_LoadingString
0    13068 CG_LoadingItem
0    130ae CG_LoadingClient
0    131a7 CG_DrawInformation
0    1347a CG_InitLocalEntities
0    134ae CG_FreeLocalEntity
0    134de CG_AllocLocalEntity
0    13520 CG_BloodTrail
0    1358d CG_FragmentBounceMark
0    1361e CG_FragmentBounceSound
0    13672 CG_ReflectVelocity
0    1375c CG_AddFragment^17
0    1385f CG_AddFadeRGB^17
0    13977 CG_AddMoveScaleFade^17
0    13a65 CG_EmitPolyVerts^17
0    13c82 CG_AddScaleFade^17
0    13d21 CG_AddFallScaleFade^17
0    13dd5 CG_AddExplosion^17
0    13e4e CG_AddSpriteExplosion^17
0    13f1a CG_AddKamikaze
0    143a4 CG_AddInvulnerabilityImpact
0    143af CG_AddInvulnerabilityJuiced
0    1440c CG_AddRefEntity^17
0    14427 CG_AddScorePlum
0    1464d ChooseDamageColor
0    14712 CG_AddDamagePlum
0    148d5 CG_AddLocalEntities
0    14985 CG_InitMarkPolys
0    149b9 CG_FreeMarkPoly
0    149e9 CG_AllocMark
0    14a44 CG_ImpactMark
0    14d2b CG_AddMarks
0    14f2f CG_ClearParticles
0    14fca CG_AddParticleToScene
0    16700 CG_AddParticles
0    168f8 CG_ParticleExplosion
0    16a02 CG_CustomSound
0    16a76 CG_ParseAnimationFile^19
0    16f33 CG_FileExists^19
0    16f59 CG_FindClientModelFile^19
0    170df CG_FindClientHeadFile^19
0    1727f CG_RegisterClientSkin^19
0    17367 CG_RegisterClientModelname
0    17625 CG_IsKnownModel^19
0    1775d CG_ColorFromChar^19
0    177bb CG_SetColorInfo^19
0    17875 CG_GetTeamColors^19
0    178b5 CG_LoadClientInfo
0    17a8e CG_CopyClientInfoModel^19
0    17b4b CG_ScanForExistingClientInfo^19
0    17be6 CG_SetDeferredClientInfo^19
0    17cf1 CG_SetSkinAndModel^19
0    180df CG_NewClientInfo
0    183d1 CG_LoadDeferredPlayers
0    18414 CG_SetLerpFrameAnimation^19
0    18468 CG_RunLerpFrame
0    1861e CG_ClearLerpFrame^19
0    18657 CG_PlayerAnimation
0    18749 CG_SwingAngles^19
0    1884a CG_AddPainTwitch^19
0    18891 CG_PlayerAngles^19
0    18a7d CG_HasteTrail^19
0    18af2 CG_TrailItem^19
0    18b55 CG_PlayerFlag^19
0    18cf6 CG_PlayerPowerups^19
0    18ed3 CG_PlayerFloatSprite^19
0    18f1f CG_PlayerSprites^19
0    18ff4 CG_PlayerShadow^19
0    1908b CG_PlayerSplash^19
0    19179 CG_AddRefEntityWithPowerups
0    192bb CG_PlayerStats
0    1941e CG_Player
0    19dea CG_ResetPlayerEntity
0    19ecc CG_CheckAmmo
0    19f45 CG_DamageFeedback
0    1a0bc CG_Respawn
0    1a0e8 CG_CheckPlayerstateEvents^20
0    1a1e4 pushReward^20
0    1a211 CG_CheckLocalSounds
0    1a53e CG_TransitionPlayerState
0    1a5f8 CG_PB_FindFreePolyBuffer
0    1a6a3 CG_PB_ClearPolyBuffers
0    1a6af CG_PB_RenderPolyBuffers
0    1a6d3 CG_BuildSolidList
0    1a75f CG_ClipMoveToEntities^22
0    1a86c CG_Trace
0    1a8ac CG_PointContents
0    1a924 CG_InterpolatePlayerState^22
0    1aa4c CG_StoreEvent
0    1aa8f CG_PlayDroppedEvents
0    1ab24 CG_AddArmor^22
0    1ab40 CG_AddAmmo^22
0    1ab83 CG_AddWeapon^22
0    1abc2 CG_CheckArmor^22
0    1abf8 CG_AddFallDamage
0    1ac51 CG_PickupPrediction^22
0    1adb4 CG_TouchItem^22
0    1af70 CG_TouchTriggerPrediction^22
0    1b057 CG_CheckTimers^22
0    1b13f CG_IsUnacceptableError^22
0    1b6bf CG_PredictPlayerState
0    1bb04 CG_TellRune_f
0    1bb4a CG_UntellRune_f
0    1bb59 CG_RunesDown_f
0    1bb5f CG_RunesUp_f
0    1bb76 hud_runes
0    1bd97 CG_DrawRunesboard
0    1be51 CG_DrawClientScore^25
0    1c1be CG_ScoreboardClick
0    1c23e CG_TeamScoreboard^25
0    1c2cc CG_DrawOldScoreboard
0    1c631 CG_DrawOldTourneyScoreboard
0    1c7a0 CG_ParseScores^26
0    1c9b9 CG_ParseTeamInfo^26
0    1ca90 CG_ParseServerinfo
0    1cb83 CG_ParseSysteminfo
0    1cbf4 CG_ParseWarmup^26
0    1cc7e CG_SetConfigValues
0    1cd0d CG_ShaderStateChanged
0    1cdb9 CG_ConfigStringModified^26
0    1cfd4 CG_AddToTeamChat^26
0    1d137 CG_MapRestart^26
0    1d184 CG_RemoveChatEscapeChar^26
0    1d1c6 CG_ServerCommand^26
0    1d40a CG_ExecuteNewServerCommands
0    1d435 CG_ResetEntity
0    1d475 CG_TransitionEntity^27
0    1d4a2 CG_SetInitialSnapshot
0    1d51a CG_TransitionSnapshot^27
0    1d70f CG_SetNextSnap^27
0    1d81a CG_ReadNextSnapshot^27
0    1d888 CG_ProcessSnapshots
0    1d974 CG_TrailParticleRender^28
0    1dc0d CG_AddTrailEffects
0    1dcd8 CG_RecordPosition
0    1ddf6 CG_InitKiTrails
0    1de02 CG_ResetKiTrail
0    1de30 CG_UpdateKiTrail
0    1deae CG_KiTrail
0    1e02d CG_RecordKi
0    1e0ac CG_ItemTimer
0    1e25a CG_TestModel_f
0    1e2e7 CG_TestGun_f
0    1e2f3 CG_TestModelNextFrame_f
0    1e309 CG_TestModelPrevFrame_f
0    1e326 CG_TestModelNextSkin_f
0    1e33c CG_TestModelPrevSkin_f
0    1e359 CG_AddTestModel^30
0    1e3de CG_CalcVrect^30
0    1e471 CG_OffsetThirdPersonView^30
0    1e628 CG_StepOffset^30
0    1e64a CG_OffsetFirstPersonView^30
0    1e893 CG_ZoomDown_f
0    1e8b7 CG_ZoomUp_f
0    1e8c4 CG_CalcFov^30
0    1ea2c CG_DamageBlendBlob^30
0    1eb10 CG_CalcViewValues^30
0    1ec9a CG_PowerupTimerSounds^30
0    1ece2 CG_AddBufferedSound
0    1ed22 CG_PlayBufferedSounds^30
0    1ed64 CG_FirstFrame^30
0    1edb9 CG_DrawActiveFrame
0    1efb6 CG_SetupFrustum
0    1f0fc CG_CullPoint
0    1f145 CG_MachineGunEjectBrass^31
0    1f338 CG_ShotgunEjectBrass^31
0    1f559 CG_NailgunEjectBrass^31
0    1f5ff CG_RailTrail
0    1f987 CG_RocketTrail^31
0    1fa6e CG_NailTrail^31
0    1fb55 CG_PlasmaTrail^31
0    1fe11 CG_GrappleTrail
0    1fea6 CG_GrenadeTrail^31
0    1feb2 CG_RegisterWeapon
0    20212 CG_RegisterItemVisuals
0    203cf CG_MapTorsoToWeaponFrame^31
0    20439 CG_CalculateWeaponPosition^31
0    2051c CG_LightningBolt^31
0    206f7 CG_SpawnRailTrail^31
0    20743 CG_MachinegunSpinAngle^31
0    207f9 CG_AddWeaponWithPowerups^31
0    20931 CG_AddPlayerWeapon
0    20e14 CG_CenterGun
0    20e50 CG_AddViewWeapon
0    211a3 CG_DrawWeaponSelect
0    21415 CG_WeaponSelectable
0    2145d CG_NextWeapon_f
0    21469 CG_PrevWeapon_f
0    21475 NextClass
0    21506 PrevClass
0    21595 CG_Weapon_f
0    2162d CG_OutOfAmmoChange
0    2167e CG_FireWeapon
0    2175a CG_MissileHitWall
0    21a63 CG_MissileHitPlayer
0    21a99 CG_ShotgunPellet^31
0    21b70 CG_ShotgunPattern^31
0    21c21 CG_ShotgunFire
0    21cdc CG_Tracer
0    21ee7 CG_CalcMuzzlePoint
0    21fcd CG_Bullet
0    22092 CG_OldRailTrail
0    225ef RateWeapon
0    22610 contains
0    22640 UpdateWeaponOrder
0    22786 NextWeapon
0    227c2 hud_weapons
0    22900 Q_rand
0    22915 Q_random
0    22927 Q_crandom
0    22938 VectorCompare
0    22966 VectorLength
0    22997 VectorLengthSquared
0    229c1 Distance
0    229f8 DistanceSquared
0    22a3c VectorNormalizeFast
0    22a95 VectorInverse
0    22ab9 CrossProduct
0    22b12 ByteToDir
0    22b30 RotatePointAroundVector
0    22c41 RotateAroundDirection
0    22c7d vectoangles
0    22d2b AnglesToAxis
0    22d60 AxisClear
0    22d9b AxisCopy
0    22dbd ProjectPointOnPlane
0    22e74 Q_rsqrt
0    22eaf Q_fabs
0    22ebf LerpAngle
0    22ef4 AngleSubtract
0    22f19 AnglesSubtract
0    22f67 AngleMod
0    22f7d AngleNormalize360
0    22f8b AngleNormalize180
0    22faa AngleDelta
0    22fba VectorNormalize
0    23024 VectorNormalize2
0    230a0 MatrixMultiply
0    23209 AngleVectors
0    232fb PerpendicularVector
0    2335d Com_Clamp
0    2337b COM_StripExtension
0    233c6 COM_BeginParseSession
0    233db COM_Parse
0    233ea SkipWhitespace^35
0    23429 COM_Compress
0    23579 COM_ParseExt
0    236da SkipRestOfLine
0    23714 Q_strrchr
0    23748 Q_strncpyz
0    2378b Q_stricmp
0    2380c Q_strlwr
0    23832 Q_strupr
0    23858 Q_strcat
0    23884 Q_CleanStr
0    238e5 Com_sprintf
0    23914 va
0    23943 Q_strkey^35
0    23982 Info_ValueForKey
0    23a72 UI_Alloc
0    23ab8 UI_InitMemory
0    23ac1 hashForString^37
0    23b05 String_Alloc
0    23bdd String_Init
0    23c1c PC_SourceError
0    23c4c LerpColor
0    23cb9 Float_Parse
0    23ce5 PC_Float_Parse
0    23d3a Color_Parse
0    23d6f PC_Color_Parse
0    23da4 Int_Parse
0    23dd0 PC_Int_Parse
0    23e28 Rect_Parse
0    23e6f PC_Rect_Parse
0    23eb6 String_Parse
0    23ee2 PC_String_Parse
0    23f03 PC_Script_Parse
0    23f93 Init_Display
0    23f9a GradientBar_Paint
0    23fdb Window_Init
0    24017 Fade
0    24088 Window_Paint
0    243ad Item_SetScreenCoords
0    2440d Item_UpdatePosition
0    2445b Menu_UpdatePosition
0    244b6 Menu_PostParse
0    244e8 Menu_ClearFocus
0    2456e IsVisible
0    2458c Rect_ContainsPoint
0    245d0 Menu_ItemsMatchingGroup
0    2463b Menu_GetMatchingItemByNumber
0    246bb Script_SetColor
0    2475d Script_SetAsset
0    24774 Script_SetBackground
0    24794 Menu_FindItemByName
0    247e6 Script_SetTeamColor
0    2481b Script_SetItemColor
0    248f2 Menu_ShowItemByName
0    24970 Menu_FadeItemByName
0    249f0 Menus_FindByName
0    24a25 Menus_OpenByName
0    24a2e Menu_RunCloseScript^37
0    24a58 Menus_CloseByName
0    24a7e Menus_CloseAll
0    24aab Script_Show
0    24ac9 Script_Hide
0    24ae7 Script_FadeIn
0    24b05 Script_FadeOut
0    24b23 Script_Open
0    24b39 Script_ConditionalOpen
0    24b88 Script_Close
0    24b9e Menu_TransitionItemByName
0    24c85 Script_Transition
0    24ce9 Menu_OrbitItemByName
0    24d72 Script_Orbit
0    24de2 Script_SetFocus
0    24e65 Script_SetPlayerModel
0    24e81 Script_SetPlayerHead
0    24e9d Script_SetCvar
0    24ec7 Script_Exec
0    24eec Script_Play
0    24f15 Script_playLooped
0    24f3d Item_RunScript
0    24fd8 Item_EnableShowViaCvar
0    250b1 Item_SetFocus
0    2520d Item_ListBox_MaxScroll
0    2526b Item_ListBox_ThumbPosition
0    252f6 Item_ListBox_ThumbDrawPosition
0    253b5 Item_Slider_ThumbPosition
0    25448 Item_Slider_OverSlider
0    2547d Item_ListBox_OverLB
0    25623 Item_ListBox_MouseEnter
0    25753 Item_MouseEnter
0    2584c Item_MouseLeave
0    25894 Item_SetMouseOver
0    258bd Item_OwnerDraw_HandleKey
0    258f2 Item_ListBox_HandleKey
0    25db4 Item_YesNo_HandleKey
0    25e35 Item_Multi_CountSettings
0    25e4d Item_Multi_FindCvarByValue
0    25ed2 Item_Multi_Setting
0    25f63 Item_Multi_HandleKey
0    26051 Item_TextField_HandleKey
0    2639c Scroll_ListBox_AutoFunc^37
0    263f9 Scroll_ListBox_ThumbFunc^37
0    2657e Scroll_Slider_ThumbFunc^37
0    26617 Item_StartCapture
0    26702 Item_StopCapture
0    26705 Item_Slider_HandleKey
0    267fd Item_HandleKey
0    268cc Item_Action
0    268e3 Menu_SetPrevCursorItem
0    269a6 Menu_SetNextCursorItem
0    26a65 Window_CloseCinematic^37
0    26a8d Menu_CloseCinematics^37
0    26ae5 Display_CloseCinematics^37
0    26b02 Menus_Activate
0    26b53 Display_VisibleMenuCount
0    26b7d Menus_HandleOOBClick
0    26c43 Item_CorrectedTextRect^37
0    26c6b Menu_HandleKey
0    26f3f ToWindowCoords
0    26f8b Item_SetTextExtents
0    270f5 Item_TextColor
0    27222 Item_Text_AutoWrapped_Paint
0    273b7 Item_Text_Wrapped_Paint
0    274b4 Item_Text_Paint
0    2754f Item_TextField_Paint
0    276ae Item_YesNo_Paint
0    277b8 Item_Multi_Paint
0    27896 Controls_GetKeyAssignment^37
0    278f8 Controls_GetConfig
0    2792a Controls_SetConfig
0    27988 BindingIDFromName
0    279b9 BindingFromName
0    27a3c Item_Slider_Paint
0    27b1d Item_Bind_Paint
0    27c51 Item_Bind_HandleKey
0    27e07 AdjustFrom640
0    27e4a Item_Model_Paint
0    27f96 Item_ListBox_Paint
0    284a4 Item_OwnerDraw_Paint
0    2873f Item_Paint
0    28b5d Menu_Init
0    28b98 Menu_GetFocused
0    28bcc Menu_SetFeederSelection
0    28c71 Menus_AnyFullScreenVisible
0    28c9e Menus_ActivateByName
0    28d19 Item_Init
0    28d36 Menu_HandleMouseMove
0    28e9d Menu_Paint
0    28f87 Item_ValidateTypeData
0    29044 KeywordHash_Key
0    290a8 KeywordHash_Add
0    290d2 KeywordHash_Find
0    29111 ItemParse_name
0    2912a ItemParse_focusSound
0    29154 ItemParse_text
0    2916d ItemParse_group
0    29186 ItemParse_asset_model
0    291ca ItemParse_asset_shader
0    291f0 ItemParse_model_origin
0    29236 ItemParse_model_fovx
0    2925c ItemParse_model_fovy
0    29282 ItemParse_model_rotation
0    292a8 ItemParse_model_angle
0    292cc ItemParse_rect
0    292e5 ItemParse_style
0    292fe ItemParse_decoration
0    29311 ItemParse_notselectable
0    29338 ItemParse_wrapped
0    2934b ItemParse_autowrapped
0    2935e ItemParse_horizontalscroll
0    29371 ItemParse_type
0    29390 ItemParse_elementwidth
0    293b6 ItemParse_elementheight
0    293dc ItemParse_feeder
0    293f5 ItemParse_elementtype
0    2942a ItemParse_columns
0    294d5 ItemParse_border
0    294ee ItemParse_bordersize
0    29507 ItemParse_visible
0    2952f ItemParse_ownerdraw
0    2954e ItemParse_align
0    29567 ItemParse_textalign
0    29580 ItemParse_textalignx
0    29599 ItemParse_textaligny
0    295b2 ItemParse_textscale
0    295cb ItemParse_textstyle
0    295e4 ItemParse_backcolor
0    2961b ItemParse_forecolor
0    29660 ItemParse_bordercolor
0    29697 ItemParse_outlinecolor
0    296b0 ItemParse_background
0    296d6 ItemParse_cinematic
0    296ef ItemParse_doubleClick
0    29724 ItemParse_onFocus
0    2973d ItemParse_leaveFocus
0    29756 ItemParse_mouseEnter
0    2976f ItemParse_mouseExit
0    29788 ItemParse_mouseEnterText
0    297a1 ItemParse_mouseExitText
0    297ba ItemParse_action
0    297d3 ItemParse_special
0    297ec ItemParse_cvarTest
0    29805 ItemParse_cvar
0    29846 ItemParse_maxChars
0    2987f ItemParse_maxPaintChars
0    298b8 ItemParse_cvarFloat
0    2991f ItemParse_cvarStrList
0    299ec ItemParse_cvarFloatList
0    29aaf ItemParse_addColorRange
0    29b10 ItemParse_ownerdrawFlag
0    29b35 ItemParse_enableCvar
0    29b54 ItemParse_disableCvar
0    29b73 ItemParse_showCvar
0    29b92 ItemParse_hideCvar
0    29bb1 Item_SetupKeywordHash
0    29bdd Item_Parse
0    29c64 Item_InitControls
0    29c9f MenuParse_font
0    29ce1 MenuParse_name
0    29d0e MenuParse_fullscreen
0    29d2b MenuParse_rect
0    29d46 MenuParse_style
0    29d63 MenuParse_visible
0    29d8f MenuParse_onOpen
0    29dac MenuParse_onClose
0    29dc9 MenuParse_onESC
0    29de6 MenuParse_border
0    29e03 MenuParse_borderSize
0    29e20 MenuParse_backcolor
0    29e57 MenuParse_forecolor
0    29e9c MenuParse_bordercolor
0    29ed3 MenuParse_focuscolor
0    29f0a MenuParse_disablecolor
0    29f41 MenuParse_outlinecolor
0    29f5e MenuParse_background
0    29f88 MenuParse_cinematic
0    29fa5 MenuParse_ownerdrawFlag
0    29fce MenuParse_ownerdraw
0    29feb MenuParse_popup
0    2a002 MenuParse_outOfBounds
0    2a019 MenuParse_soundLoop
0    2a036 MenuParse_fadeClamp
0    2a053 MenuParse_fadeAmount
0    2a070 MenuParse_fadeCycle
0    2a08d MenuParse_itemDef
0    2a112 Menu_SetupKeywordHash
0    2a13e Menu_Parse
0    2a1ce Menu_New
0    2a202 Menu_Count
0    2a208 Menu_PaintAll
0    2a261 Menu_Reset
0    2a267 Display_CaptureItem
0    2a2a4 Display_MouseMove
0    2a324 Display_CursorType
0    2a378 Display_HandleKey
0    2a3ba Menu_OverActiveItem^37
1        4 forceModelModificationCount^0
1        8 enemyModelModificationCount^0
1        c enemyColorsModificationCount^0
1       10 teamModelModificationCount^0
1       14 teamColorsModificationCount^0
1       18 atmosphereModificationCount^0
1       1c weaponsOrderModificationCount^0
1       20 gametypeModificationCount^0
1       24 hudFilesModificationCount^0
1       28 rmodeModificationCount^0
1       2c raspectModificationCount^0
1       30 rheightModificationCount^0
1       34 rwidthModificationCount^0
1       38 rfullscreenModificationCount^0
1       3c splitXModificationCount^0
1       40 splitYModificationCount^0
1       44 intShaderTime
1       48 linearLight
1       70 cvarTable^0
1      afc randSeed^1
1      b00 bg_itemlist
1     5450 bg_numItems
1     54b0 eventnames
1     5730 pm_stopspeed
1     5734 pm_duckScale
1     5738 pm_swimScale
1     573c pm_ladderScale
1     5740 pm_ladderfriction
1     5744 pm_ladderAccelerate
1     5748 pm_accelerate
1     574c pm_airaccelerate
1     5750 pm_wateraccelerate
1     5754 pm_flyaccelerate
1     5758 pm_friction
1     575c pm_waterfriction
1     5760 pm_flightfriction
1     5764 pm_spectatorfriction
1     5768 c_pmove
1     576c pm_respawntimer^3
1     57f4 commands^9
1     58e4 menuScoreboard
1     58e8 menuEditPlayer
1     597c updateModel
1     5980 drawTeamOverlayModificationCount
1     5a10 handicapValues^11
1     5a64 uitogamecode^11
1     5b9c font^12
1     5ba0 metrics^12
1     5ba4 propMap^12
1     6570 shaderAnimNames^18
1     65f0 shaderAnimCounts^18
1     6670 shaderAnimSTRatio^18
1     66f0 cl_numparticles
1     66f4 initparticles
1     66f8 roll^18
1     66fc cg_customSoundNames^19
1     67d4 player_stop
1     67d8 black_bars
1     6800 bg_weaponlist
1     86d4 vec3_origin
1     86e0 axisDefault
1     8704 colorBlack
1     8714 colorWhite
1     8724 g_color_table
1     87a4 bytedirs
1     8f44 captureFunc^37
1     8f48 captureData^37
1     8f4c itemCapture^37
1     8f50 DC
1     8f54 g_waitingForKey^37
1     8f58 g_editingField^37
1     8f5c g_bindItem^37
1     8f60 g_editItem^37
1     8f64 menuCount
1     8f68 openMenuCount
1     8f6c debugMode^37
1     8f70 lastListBoxClickTime^37
1     8f74 strPoolIndex^37
1     8f78 strHandleCount^37
1     8f80 commandList
1     9028 scriptCommandCount
1     90ec g_bindings^37
1     96a4 g_bindCount^37
1     96e0 itemParseKeywords
1     99d4 menuParseKeywords
2     b3b1 locase
2   d91f3c _stackStart
2   da1f3c _stackEnd
3     9800 trap_GetValue
3     9804 cgDC
3    1b6f4 trap_GetAsyncFiles
3    1b6f8 trap_R_SwitchWorld
3    1b6fc trap_R_AddPolyBufferToScene
3    1b700 trap_R_AddLinearLightToScene
3    1b704 trap_R_AddRefEntityToScene2
3    1b708 cg_holdMultiple
3    1b818 cg_rune_abilityMin
3    1b928 cg_rune_ability
3    1ba38 cg_berserk
3    1bb48 cg_kiTrail
3    1bc58 cg_contrails
3    1bd68 cg_playerScale
3    1be78 cg_splitY
3    1bf88 cg_splitX
3    1c098 cg_worlds
3    1c1a8 cgwp_flameCycle
3    1c2b8 cg_altGrapple
3    1c3c8 cgwp_grapplePull
3    1c4d8 cgwp_grappleEnable
3    1c5e8 cg_gunCenter
3    1c6f8 cg_weaponOrder
3    1c808 cgwp_chainCycle
3    1c918 cgwp_proxCycle
3    1ca28 cgwp_nailCycle
3    1cb38 cgwp_grappleCycle
3    1cc48 cgwp_bfgCycle
3    1cd58 cgwp_railCycle
3    1ce68 cgwp_plasmaCycle
3    1cf78 cgwp_rocketCycle
3    1d088 cgwp_grenadeCycle
3    1d198 cgwp_machineCycle
3    1d2a8 cgwp_shotgunCycle
3    1d3b8 cgwp_lightCycle
3    1d4c8 cgwp_gauntCycle
3    1d5d8 cg_atmosphericEffects
3    1d6e8 cg_atmosphere
3    1d7f8 cg_wallWalk
3    1d908 cg_gravity
3    1da18 cg_jumpVelocity
3    1db28 cg_hasteFactor
3    1dc38 cg_scoutFactor
3    1dd48 cg_ability
3    1de58 cg_stamina
3    1df68 cg_staminaBar
3    1e078 cg_healthBar
3    1e188 cg_damagePlum
3    1e298 cg_reverseControls
3    1e3a8 cg_upsideDown
3    1e4b8 cg_sideview
3    1e5c8 cg_birdsEye
3    1e6d8 cg_birdsEyeAngle
3    1e7e8 cg_birdsEyeRange
3    1e8f8 cg_itemTimer
3    1ea08 cg_developer
3    1eb18 cg_altPortal
3    1ec28 cgwp_portalEnable
3    1ed38 cg_fullscreen
3    1ee48 cg_width
3    1ef58 cg_height
3    1f068 cg_aspect
3    1f178 cg_mode
3    1f288 cg_gametype
3    1f398 cg_followKiller
3    1f4a8 cg_fovAdjust
3    1f5b8 cg_deadBodyDarken
3    1f6c8 cg_teamColors
3    1f7d8 cg_teamModel
3    1f8e8 cg_enemyColors
3    1f9f8 cg_enemyModel
3    1fb08 cg_hitSounds
3    1fc18 cg_trueLightning
3    1fd28 cg_oldPlasma
3    1fe38 cg_oldRocket
3    1ff48 cg_oldRail
3    20058 cg_bigFont
3    20168 cg_smallFont
3    20278 cg_noProjectileTrail
3    20388 cg_noTaunt
3    20498 cg_cameraMode
3    205a8 cg_smoothClients
3    206b8 cg_scorePlum
3    207c8 cg_timescale
3    208d8 cg_timescaleFadeSpeed
3    209e8 cg_timescaleFadeEnd
3    20af8 cg_cameraOrbitDelay
3    20c08 cg_cameraOrbit
3    20d18 cg_hudFiles
3    20e28 cg_obeliskRespawnDelay
3    20f38 cg_recordSPDemoName
3    21048 cg_recordSPDemo
3    21158 cg_singlePlayerActive
3    21268 cg_enableBreath
3    21378 cg_enableDust
3    21488 cg_singlePlayer
3    21598 cg_currentSelectedPlayerName
3    216a8 cg_currentSelectedPlayer
3    217b8 cg_blueTeamName
3    218c8 cg_redTeamName
3    219d8 cg_blood
3    21ae8 cg_paused
3    21bf8 cg_buildScript
3    21d08 cg_teamChatsOnly
3    21e18 cg_drawFriend
3    21f28 cg_stats
3    22038 cg_teamOverlayUserinfo
3    22148 cg_drawTeamOverlay
3    22258 cg_deferPlayers
3    22368 cg_predictItems
3    22478 cg_forceModel
3    22588 cg_teamChatHeight
3    22698 cg_teamChatTime
3    227a8 cg_thirdPerson
3    228b8 cg_thirdPersonAngle
3    229c8 cg_thirdPersonRange
3    22ad8 cg_tracerLength
3    22be8 cg_tracerWidth
3    22cf8 cg_tracerChance
3    22e08 cg_footsteps
3    22f18 cg_showmiss
3    23028 cg_noPlayerAnims
3    23138 cg_nopredict
3    23248 cg_errorDecay
3    23358 cg_debugEvents
3    23468 cg_debugPosition
3    23578 cg_debugAnim
3    23688 cg_animSpeed
3    23798 cg_swingSpeed
3    238a8 cg_bobroll
3    239b8 cg_bobpitch
3    23ac8 cg_bobup
3    23bd8 cg_runroll
3    23ce8 cg_runpitch
3    23df8 cg_centertime
3    23f08 cg_gun_z
3    24018 cg_gun_y
3    24128 cg_gun_x
3    24238 cg_gun_frame
3    24348 cg_railTrailRadius
3    24458 cg_railTrailTime
3    24568 cg_lagometer
3    24678 cg_addMarks
3    24788 cg_simpleItems
3    24898 cg_brassTime
3    249a8 cg_crosshairY
3    24ab8 cg_crosshairX
3    24bc8 cg_crosshairHealth
3    24cd8 cg_crosshairSize
3    24de8 cg_drawWeaponSelect
3    24ef8 cg_drawRewards
3    25008 cg_drawCrosshairNames
3    25118 cg_drawCrosshair
3    25228 cg_drawSpeed
3    25338 cg_drawAttacker
3    25448 cg_drawAmmoWarning
3    25558 cg_drawIcons
3    25668 cg_draw3dIcons
3    25778 cg_drawSnapshot
3    25888 cg_drawFPS
3    25998 cg_drawTimer
3    25aa8 cg_drawStatus
3    25bb8 cg_draw2D
3    25cc8 cg_gibs
3    25dd8 cg_shadows
3    25ee8 cg_viewsize
3    25ff8 cg_fov
3    26108 cg_zoomFov
3    26218 cg_drawGun
3    26328 cg_autoswitch
3    26438 cg_ignore
3    26548 cg_items
3    38548 cg_weapons
3    3d750 cg_entities
3    fb750 cg
3   37d818 cgs
3   3a8644 pml
3   3a86d4 pm
3   3a86d8 one_over_mapgrid_factor^7
3   3a86e0 tracemap^7
3   4686fc cg_atmFx^8
3   4aae20 kludgeResult^8
3   4aae24 kludgeChecked^8
3   4aae4c lagometer
3   4ab454 teamChat2
3   4ab554 teamChat1
3   4ab654 systemChat
3   4ab754 numSortedTeamPlayers
3   4ab758 sortedTeamPlayers
3   4abbf8 numbers^12
3   4ae81c bigchars^12
3   4b1498 loadingItemIcons^16
3   4b1500 loadingPlayerIcons^16
3   4b1540 loadingItemIconCount^16
3   4b1544 loadingPlayerIconCount^16
3   4b1548 cg_freeLocalEntities
3   4b154c cg_activeLocalEntities
3   4b1670 cg_localEntities
3   543670 oldtime
3   543674 rup
3   543680 rright
3   54368c rforward
3   543698 pvup
3   5436a4 pvright
3   5436b0 pvforward
3   5436bc particles
3   5626bc free_particles
3   5626c0 active_particles
3   5626c4 numShaderAnims^18
3   5626c8 shaderAnims^18
3   5646c8 markTotal^18
3   5646cc cg_freeMarkPolys
3   5646d0 cg_activeMarkPolys
3   5647f0 cg_markPolys
3   5767f8 cg_polyBuffersInuse
3   5769f8 cg_polyBuffers
3   bf6ff8 eventParm2
3   bf7038 eventParms
3   bf7078 events
3   bf70b8 eventStack
3   bf70bc cg_triggerEntities^22
3   bf80bc cg_numTriggerEntities^22
3   bf80c0 cg_solidEntities^22
3   bf90c0 cg_numSolidEntities^22
3   bf90c4 cg_pmove^22
3   bf9564 localClient^25
3   bf9568 cg_kiTrails^28
3   d23568 trailPos^28
3   d2f568 trailHead^28
3   d2f668 trailLength^28
3   d2f768 trailTime^28
3   d2f8f4 frustum^30
3   d2f934 weaponRawOrder
3   d2fa4c weaponOrder
3   d4357c com_tokenline^35
3   d43580 com_lines^35
3   d43584 com_parsename^35
3   d43984 com_token^35
3   d44d94 menuParseKeywordHash
3   d45594 itemParseKeywordHash
3   d45d94 g_nameBind2
3   d45db4 g_nameBind1
3   d45dd4 strHandle^37
3   d47dd4 strPool^37
3   d67dd4 outOfMemory
3   d67dd8 allocPoint
3   d67ddc memoryPool^37
3   d87ddc menuStack
3   d87e1c Menus
3   d91f1c scrollInfo^37
