0 ffffff90 acos
0 ffffff93 ceil
0 ffffff94 floor
0 ffffff95 sqrt
0 ffffff96 atan2
0 ffffff97 cos
0 ffffff98 sin
0 ffffff99 strncpy
0 ffffff9a memcpy
0 ffffff9b memset
0 ffffffa2 trap_getCameraInfo
0 ffffffa4 trap_startCamera
0 ffffffa5 trap_loadCamera
0 ffffffae trap_S_StopLoopingSound
0 ffffffaf trap_S_AddRealLoopingSound
0 ffffffb0 trap_R_RemapShader
0 ffffffb8 trap_SnapVector
0 ffffffc0 trap_Key_GetKey
0 ffffffc1 trap_Key_SetCatcher
0 ffffffc2 trap_Key_GetCatcher
0 ffffffc3 trap_Key_IsDown
0 ffffffc5 trap_MemoryRemaining
0 ffffffc6 trap_R_RegisterShaderNoMip
0 ffffffc7 trap_SetUserCmdValue
0 ffffffc8 trap_GetUserCmd
0 ffffffc9 trap_GetCurrentCmdNumber
0 ffffffca trap_GetServerCommand
0 ffffffcb trap_GetSnapshot
0 ffffffcc trap_GetCurrentSnapshotNumber
0 ffffffcd trap_GetGameState
0 ffffffce trap_GetGlconfig
0 ffffffcf trap_R_LerpTag
0 ffffffd0 trap_R_ModelBounds
0 ffffffd1 trap_R_DrawStretchPic
0 ffffffd2 trap_R_SetColor
0 ffffffd3 trap_R_RenderScene
0 ffffffd4 trap_R_AddLightToScene
0 ffffffd5 trap_R_AddPolyToScene
0 ffffffd6 trap_R_AddRefEntityToScene
0 ffffffd7 trap_R_ClearScene
0 ffffffd8 trap_R_RegisterShader
0 ffffffd9 trap_R_RegisterSkin
0 ffffffda trap_R_RegisterModel
0 ffffffdb trap_R_LoadWorldMap
0 ffffffdc trap_S_StartBackgroundTrack
0 ffffffdd trap_S_RegisterSound
0 ffffffde trap_S_Respatialize
0 ffffffdf trap_S_UpdateEntityPosition
0 ffffffe0 trap_S_AddLoopingSound
0 ffffffe1 trap_S_ClearLoopingSounds
0 ffffffe2 trap_S_StartLocalSound
0 ffffffe3 trap_S_StartSound
0 ffffffe4 trap_CM_MarkFragments
0 ffffffe5 trap_CM_TransformedBoxTrace
0 ffffffe6 trap_CM_BoxTrace
0 ffffffe7 trap_CM_TransformedPointContents
0 ffffffe8 trap_CM_PointContents
0 ffffffe9 trap_CM_TempBoxModel
0 ffffffeb trap_CM_InlineModel
0 ffffffec trap_CM_NumInlineModels
0 ffffffed trap_CM_LoadMap
0 ffffffee trap_UpdateScreen
0 ffffffef trap_SendClientCommand
0 fffffff0 trap_AddCommand
0 fffffff1 trap_SendConsoleCommand
0 fffffff2 trap_FS_FCloseFile
0 fffffff3 trap_FS_Write
0 fffffff4 trap_FS_Read
0 fffffff5 trap_FS_FOpenFile
0 fffffff6 trap_Args
0 fffffff7 trap_Argv
0 fffffff8 trap_Argc
0 fffffff9 trap_Cvar_VariableStringBuffer
0 fffffffa trap_Cvar_Set
0 fffffffb trap_Cvar_Update
0 fffffffc trap_Cvar_Register
0 fffffffd trap_Milliseconds
0 fffffffe trap_Error
0 ffffffff trap_Print
0        0 vmMain
0       8a CG_RegisterCvars
0      131 CG_ForceModelChange
0      15c CG_UpdateCvars
0      228 CG_CrosshairPlayer
0      239 CG_LastAttacker
0      24a CG_Printf
0      263 CG_Error
0      27c Com_Error
0      295 Com_Printf
0      2ae CG_Argv
0      2d3 CG_RegisterItemSounds^0
0      370 CG_RegisterSounds^0
0      8eb CG_RegisterGraphics^0
0      f28 CG_BuildSpectatorString
0      f7a CG_RegisterClients^0
0      fc1 CG_ConfigString
0      fe6 CG_StartMusic
0     101a ResizeScreen
0     109c CG_Init
0     1384 CG_Shutdown
0     1387 CG_EventHandling
0     138a CG_SetScoreCatcher
0     141c CG_KeyEvent
0     143c CG_MouseEvent
0     14b0 swapfunc^1
0     1537 med3^1
0     15ca qsort
0     197d strlen
0     1998 strcat
0     19d2 strcpy
0     19fe strcmp
0     1a3a strchr
0     1a6a strstr
0     1ab8 tolower
0     1ad0 tan
0     1ae7 rand
0     1afd atof
0     1bbe atoi
0     1c36 abs
0     1c4f fabs
0     1c68 BG_FindItemForPowerup
0     1cb8 BG_FindItemForWeapon
0     1ce5 BG_PlayerTouchesItem
0     1d3f BG_CanItemBeGrabbed
0     2023 BG_EvaluateTrajectory
0     225d BG_EvaluateTrajectoryDelta
0     23b5 BG_AddPredictableEventToPlayerstate
0     23f8 BG_TouchJumpPad
0     248a BG_PlayerStateToEntityState
0     266f replace1
0     26a9 BG_StripColor
0     2702 hex2dec^2
0     2788 DecodedString
0     2874 BG_CleanName
0     297f Q_stradd
0     29b2 Q_strlen
0     29d1 AddInt^2
0     2aac AddFloat^2
0     2bc1 AddString^2
0     2c53 ED_vsprintf
0     2e43 BG_sprintf
0     2e60 PM_AddEvent
0     2e71 PM_AddTouchEnt
0     2eca PM_StartTorsoAnim^3
0     2f14 PM_StartLegsAnim^3
0     2f68 PM_ContinueLegsAnim^3
0     2f88 PM_ContinueTorsoAnim^3
0     2fa8 PM_ForceLegsAnim^3
0     2fb8 PM_ClipVelocity
0     3029 PM_Friction^3
0     313d PM_Accelerate^3
0     31b7 PM_CmdScale^3
0     325b PM_SetMovementDir^3
0     337a PM_CheckJump^3
0     342b PM_CheckWaterJump^3
0     350f PM_WaterJumpMove^3
0     3550 PM_WaterMove^3
0     3689 PM_FlyMove^3
0     3714 PM_AirMove^3
0     37d1 PM_GrappleMove^3
0     387f PM_WalkMove^3
0     3a93 PM_DeadMove^3
0     3b0a PM_NoclipMove^3
0     3c62 PM_FootstepForSurface^3
0     3c7b PM_CrashLand^3
0     3d7c PM_CorrectAllSolid^3
0     3e6b PM_GroundTraceMissed^3
0     3f04 PM_GroundTrace^3
0     4079 PM_SetWaterLevel^3
0     414e PM_CheckDuck^3
0     4229 PM_Footsteps^3
0     4369 PM_WaterEvents^3
0     43ac PM_BeginWeaponChange^3
0     4407 PM_FinishWeaponChange^3
0     4478 PM_TorsoAnimation^3
0     4497 PM_Weapon^3
0     477a PM_Animate^3
0     479f PM_DropTimers^3
0     4829 PM_UpdateViewAngles
0     48d7 PM_LadderMove^3
0     4a03 CheckLadder^3
0     4a76 PmoveSingle
0     5028 Pmove
0     50c7 PM_SlideMove
0     54b3 PM_StepSlideMove
0     563f CG_GenerateTracemap
0     5fdf BG_LoadTraceMap
0     63c9 BG_ClampPointToTracemapExtends^5
0     641c BG_GetSkyHeightAtPoint
0     6459 BG_GetSkyGroundHeightAtPoint
0     6496 etpro_FinalizeTracemapClamp
0     64c1 CG_AddPolyToPool^6
0     65ca CG_AtmosphericKludge
0     663d CG_SetParticleActive^6
0     6656 CG_RainParticleGenerate^6
0     67c4 CG_RainParticleCheckVisible^6
0     686f CG_RainParticleRender^6
0     6bc3 CG_SnowParticleGenerate^6
0     6cd7 CG_SnowParticleCheckVisible^6
0     6d7c CG_SnowParticleRender^6
0     6fd1 CG_EffectGust^6
0     7057 CG_EffectGustCurrent^6
0     7153 CG_EP_ParseFloats^6
0     71b8 CG_EP_ParseInts^6
0     7224 CG_EffectParse
0     7518 CG_AddAtmosphericEffects
0     75d4 CG_TargetCommand_f^7
0     7606 CG_SizeUp_f^7
0     761c CG_SizeDown_f^7
0     7632 CG_Viewpos_f^7
0     764a CG_ScoresDown_f^7
0     7676 CG_ScoresUp_f^7
0     7693 CG_TellTarget_f^7
0     76be CG_TellAttacker_f^7
0     76e9 CG_StartOrbit_f^7
0     7731 CG_StartCamera
0     7777 CG_Camera_f^7
0     778a CG_ConsoleCommand
0     77c8 CG_InitConsoleCommands
0     787b CG_DrawField^8
0     79b1 CG_Draw3DModel
0     7a25 CG_Draw3DModelColor
0     7b10 CG_DrawHead
0     7bd8 CG_DrawFlagModel
0     7ce8 CG_DrawStatusBarHead^8
0     7e40 CG_DrawStatusBarFlag^8
0     7e59 CG_DrawTeamBackground
0     7eba CG_DrawStatusBar^8
0     8110 CG_DrawAttacker^8
0     81c6 CG_DrawSpeedMeter^8
0     821d CG_DrawSnapshot^8
0     8257 CG_DrawFPS^8
0     82e4 CG_DrawTimer^8
0     8334 CG_DrawTeamOverlay^8
0     8644 CG_DrawUpperRight^8
0     86b9 CG_DrawScores^8
0     8ba6 CG_DrawPowerups^8
0     8d1d CG_DrawLowerRight^8
0     8d55 CG_DrawPickupItem^8
0     8dfc CG_DrawLowerLeft^8
0     8e2b CG_DrawTeamInfo^8
0     8f55 CG_DrawReward^8
0     9053 CG_AddLagometerFrameInfo
0     9073 CG_AddLagometerSnapshotInfo
0     90ba CG_DrawDisconnect^8
0     9138 CG_DrawLagometer^8
0     9363 CG_CenterPrint
0     93a1 CG_DrawCenterString^8
0     945b CG_DrawCrosshair^8
0     9595 CG_ScanForCrosshairEntity^8
0     95ff CG_DrawCrosshairNames^8
0     965f CG_DrawSpectator^8
0     96b4 CG_DrawVote^8
0     970a CG_DrawTeamVote^8
0     979d CG_DrawScoreboard^8
0     97a7 CG_DrawIntermission^8
0     97bf CG_DrawFollow^8
0     9809 CG_DrawAmmoWarning^8
0     9838 CG_DrawWarmup^8
0     999a CG_Draw2D^8
0     9a60 CG_DrawTourneyScoreboard^8
0     9a66 CG_CalculatePing^8
0     9aad CG_WarmupEvents^8
0     9b3a CG_WarmupEvent
0     9b65 CG_ApplyClientChange^8
0     9b6e CG_TrackClientTeamChange
0     9c21 CG_DrawActive
0     9c64 CG_Fade
0     9c82 CG_AdjustFrom640
0     9cbf CG_FillRect
0     9cf2 CG_FillScreen
0     9d1a CG_DrawPic
0     9d42 CG_SelectFont
0     9d55 CG_FileExist^9
0     9d84 CG_LoadFont^9
0     a1c5 CG_LoadFonts
0     a1d6 DrawStringLength^9
0     a263 CG_DrawString
0     a50a CG_DrawStrlen
0     a54d CG_TileClearBox^9
0     a5aa CG_TileClear
0     a637 CG_FadeColor
0     a679 CG_FadeColorTime
0     a6be CG_GetColorForHealth
0     a753 CG_ColorForHealth
0     a768 UI_ProportionalStringWidth
0     a7ab UI_DrawProportionalString2^9
0     a881 UI_ProportionalSizeScale
0     a890 UI_DrawProportionalString
0     a9f5 CG_BlackBars
0     aa22 CG_BubbleTrail
0     abbb CG_SmokePuff
0     ad54 CG_SpawnEffect
0     adf9 CG_Lightning_Discharge
0     ae47 CG_LightningBoltBeam
0     ae8d CG_KamikazeEffect
0     af27 CG_ObeliskExplode
0     af62 CG_ObeliskPain
0     af95 CG_InvulnerabilityImpact
0     b057 CG_InvulnerabilityJuiced
0     b0ff CG_DamagePlum
0     b1c5 CG_ScorePlum
0     b285 CG_MakeExplosion
0     b39b CG_Bleed
0     b403 CG_LaunchGib^10
0     b480 CG_GibPlayer
0     b747 CG_GibPlayerHeadshot
0     b7af CG_PositionEntityOnTag
0     b863 CG_PositionRotatedEntityOnTag
0     b919 CG_SetEntitySoundPosition
0     b972 CG_EntityEffects^11
0     ba11 CG_General^11
0     ba74 CG_Speaker^11
0     bace CG_Item^11
0     be9c CG_Missile^11
0     c021 CG_Grapple^11
0     c098 CG_Mover^11
0     c110 CG_Beam
0     c140 CG_PersonalPortal^11
0     c309 CG_Portal^11
0     c376 CG_AdjustPositionForMover
0     c460 CG_InterpolateEntityPosition^11
0     c524 CG_CalcEntityLerpPositions^11
0     c5bb CG_TeamBase^11
0     c621 CG_LaserSight^11
0     c665 CG_AddCEntity^11
0     c73f CG_AddPacketEntities
0     c84d CG_PlaceString
0     c8fb CG_Obituary^12
0     cc4f CG_UseItem^12
0     cccd CG_ItemPickup^12
0     cd3e CG_WaterLevel
0     cde2 CG_PainEvent
0     ce9f CG_EntityEvent
0     d9cc CG_CheckEvents
0     da50 CG_DrawLoadingIcons^13
0     dac3 CG_LoadingString
0     db02 CG_LoadingItem
0     db3f CG_LoadingClient
0     dc38 CG_DrawInformation
0     df0b CG_InitLocalEntities
0     df3f CG_FreeLocalEntity
0     df6f CG_AllocLocalEntity
0     dfb1 CG_BloodTrail
0     e01e CG_FragmentBounceMark
0     e0af CG_FragmentBounceSound
0     e103 CG_ReflectVelocity
0     e1ed CG_AddFragment^14
0     e2f0 CG_AddFadeRGB^14
0     e408 CG_AddMoveScaleFade^14
0     e4f6 CG_EmitPolyVerts^14
0     e713 CG_AddScaleFade^14
0     e7b2 CG_AddFallScaleFade^14
0     e866 CG_AddExplosion^14
0     e8df CG_AddSpriteExplosion^14
0     e9ab CG_AddKamikaze
0     ee35 CG_AddInvulnerabilityImpact
0     ee40 CG_AddInvulnerabilityJuiced
0     ee9d CG_AddRefEntity^14
0     eeb8 CG_AddScorePlum
0     f0de ChooseDamageColor
0     f1a3 CG_AddDamagePlum
0     f366 CG_AddLocalEntities
0     f416 CG_InitMarkPolys
0     f44a CG_FreeMarkPoly
0     f47a CG_AllocMark
0     f4d5 CG_ImpactMark
0     f7bc CG_AddMarks
0     f9c0 CG_ClearParticles
0     fa5b CG_AddParticleToScene
0    11191 CG_AddParticles
0    11389 CG_ParticleExplosion
0    11493 CG_CustomSound
0    11507 CG_ParseAnimationFile^16
0    11965 CG_FileExists^16
0    1198b CG_FindClientModelFile^16
0    11b11 CG_FindClientHeadFile^16
0    11cb1 CG_RegisterClientSkin^16
0    11d7c CG_RegisterClientModelname^16
0    11fe2 CG_IsKnownModel^16
0    1211a CG_ColorFromChar^16
0    12178 CG_SetColorInfo^16
0    12232 CG_GetTeamColors^16
0    12272 CG_LoadClientInfo^16
0    1244b CG_CopyClientInfoModel^16
0    124eb CG_ScanForExistingClientInfo^16
0    12586 CG_SetDeferredClientInfo^16
0    12691 CG_SetSkinAndModel^16
0    12a7f CG_NewClientInfo
0    12d67 CG_LoadDeferredPlayers
0    12daa CG_SetLerpFrameAnimation^16
0    12e00 CG_RunLerpFrame^16
0    12fb6 CG_ClearLerpFrame^16
0    12fef CG_PlayerAnimation^16
0    130b6 CG_SwingAngles^16
0    131b7 CG_AddPainTwitch^16
0    131fe CG_PlayerAngles^16
0    133e4 CG_HasteTrail^16
0    13459 CG_TrailItem^16
0    134bc CG_PlayerFlag^16
0    1365b CG_PlayerPowerups^16
0    1381b CG_PlayerFloatSprite^16
0    13867 CG_PlayerSprites^16
0    1393c CG_PlayerShadow^16
0    139ca CG_PlayerSplash^16
0    13ab8 CG_AddRefEntityWithPowerups
0    13b56 CG_PlayerStats
0    13cb6 CG_Player
0    14460 CG_ResetPlayerEntity
0    14542 CG_CheckAmmo
0    145c1 CG_DamageFeedback
0    14738 CG_Respawn
0    14752 CG_CheckPlayerstateEvents^17
0    1484e pushReward^17
0    1487b CG_CheckLocalSounds
0    14bee CG_TransitionPlayerState
0    14ca8 CG_PB_FindFreePolyBuffer
0    14d53 CG_PB_ClearPolyBuffers
0    14d5f CG_PB_RenderPolyBuffers
0    14d83 CG_BuildSolidList
0    14e0f CG_ClipMoveToEntities^19
0    14f1c CG_Trace
0    14f5c CG_PointContents
0    14fd4 CG_InterpolatePlayerState^19
0    150fc CG_StoreEvent
0    1513f CG_PlayDroppedEvents
0    151d4 CG_AddArmor^19
0    151f0 CG_AddAmmo^19
0    1523b CG_AddWeapon^19
0    1527e CG_CheckArmor^19
0    152b4 CG_AddFallDamage
0    152ff CG_PickupPrediction^19
0    1543f CG_TouchItem^19
0    155c9 CG_TouchTriggerPrediction^19
0    156ab CG_CheckTimers^19
0    1576e CG_IsUnacceptableError^19
0    15d7e CG_PredictPlayerState
0    16176 CG_DrawClientScore^20
0    164e3 CG_ScoreboardClick
0    16563 CG_TeamScoreboard^20
0    165f1 CG_DrawOldScoreboard
0    16956 CG_DrawOldTourneyScoreboard
0    16ac5 CG_ParseScores^21
0    16cde CG_ParseTeamInfo^21
0    16db5 CG_ParseServerinfo
0    16ea8 CG_ParseSysteminfo
0    16f19 CG_ParseWarmup^21
0    16fa3 CG_SetConfigValues
0    17032 CG_ShaderStateChanged
0    170de CG_ConfigStringModified^21
0    172df CG_AddToTeamChat^21
0    17442 CG_MapRestart^21
0    1748f CG_RemoveChatEscapeChar^21
0    174d1 CG_ServerCommand^21
0    17715 CG_ExecuteNewServerCommands
0    17740 CG_ResetEntity
0    17780 CG_TransitionEntity^22
0    177ad CG_SetInitialSnapshot
0    17825 CG_TransitionSnapshot^22
0    1797f CG_SetNextSnap^22
0    17a8a CG_ReadNextSnapshot^22
0    17af8 CG_ProcessSnapshots
0    17be4 CG_ItemTimer
0    17d92 CG_TestModel_f
0    17e1f CG_TestGun_f
0    17e2b CG_TestModelNextFrame_f
0    17e41 CG_TestModelPrevFrame_f
0    17e5e CG_TestModelNextSkin_f
0    17e74 CG_TestModelPrevSkin_f
0    17e91 CG_AddTestModel^24
0    17f16 CG_CalcVrect^24
0    17f83 CG_OffsetThirdPersonView^24
0    18134 CG_StepOffset^24
0    18156 CG_OffsetFirstPersonView^24
0    1839f CG_ZoomDown_f
0    183c3 CG_ZoomUp_f
0    183d0 CG_CalcFov^24
0    18538 CG_DamageBlendBlob^24
0    18616 CG_CalcViewValues^24
0    1878e CG_PowerupTimerSounds^24
0    187d9 CG_AddBufferedSound
0    18819 CG_PlayBufferedSounds^24
0    1885b CG_FirstFrame^24
0    188b0 CG_DrawActiveFrame
0    18a3c CG_SetupFrustum
0    18b82 CG_CullPoint
0    18bcb CG_MachineGunEjectBrass^25
0    18dbe CG_ShotgunEjectBrass^25
0    18fdf CG_RailTrail
0    19367 CG_RocketTrail^25
0    1944e CG_PlasmaTrail^25
0    1970a CG_GrappleTrail
0    1979f CG_GrenadeTrail^25
0    197ab CG_RegisterWeapon
0    19d5c CG_RegisterItemVisuals
0    19e50 CG_MapTorsoToWeaponFrame^25
0    19eba CG_CalculateWeaponPosition^25
0    19f9d CG_LightningBolt^25
0    1a178 CG_SpawnRailTrail^25
0    1a1b0 CG_MachinegunSpinAngle^25
0    1a242 CG_AddWeaponWithPowerups^25
0    1a2a9 CG_AddPlayerWeapon
0    1a760 CG_CenterGun
0    1a79c CG_AddViewWeapon
0    1a99e CG_DrawWeaponSelect
0    1abf1 CG_WeaponSelectable
0    1ac42 CG_NextWeapon_f
0    1acad CG_PrevWeapon_f
0    1ad18 CG_Weapon_f
0    1adbe CG_OutOfAmmoChange
0    1adfa CG_FireWeapon
0    1aecd CG_MissileHitWall
0    1b1c4 CG_MissileHitPlayer
0    1b1f4 CG_ShotgunPellet^25
0    1b2cb CG_ShotgunPattern^25
0    1b37c CG_ShotgunFire
0    1b437 CG_Tracer
0    1b642 CG_CalcMuzzlePoint^25
0    1b728 CG_Bullet
0    1b7ed RateWeapon
0    1b80e contains
0    1b83e UpdateWeaponOrder
0    1b984 NextWeapon
0    1b9c0 PrevWeapon
0    1ba09 hud_weapons
0    1bb27 Q_rand
0    1bb3c Q_random
0    1bb4e Q_crandom
0    1bb5f VectorCompare
0    1bb8d VectorLength
0    1bbbe VectorLengthSquared
0    1bbe8 Distance
0    1bc1f DistanceSquared
0    1bc63 VectorNormalizeFast
0    1bcbc VectorInverse
0    1bce0 CrossProduct
0    1bd39 ByteToDir
0    1bd57 RotatePointAroundVector
0    1be68 RotateAroundDirection
0    1bea4 vectoangles
0    1bf52 AnglesToAxis
0    1bf87 AxisClear
0    1bfc2 AxisCopy
0    1bfe4 ProjectPointOnPlane
0    1c09b Q_rsqrt
0    1c0d6 Q_fabs
0    1c0e6 LerpAngle
0    1c11b AngleSubtract
0    1c140 AnglesSubtract
0    1c18e AngleMod
0    1c1a4 AngleNormalize360
0    1c1b2 AngleNormalize180
0    1c1d1 AngleDelta
0    1c1e1 VectorNormalize
0    1c24b VectorNormalize2
0    1c2c7 MatrixMultiply
0    1c430 AngleVectors
0    1c522 PerpendicularVector
0    1c584 COM_StripExtension
0    1c5cf COM_BeginParseSession
0    1c5e4 COM_Parse
0    1c5f3 SkipWhitespace^28
0    1c632 COM_ParseExt
0    1c793 SkipRestOfLine
0    1c7cd Q_strrchr
0    1c801 Q_strncpyz
0    1c844 Q_stricmp
0    1c8c5 Q_strlwr
0    1c8eb Q_strcat
0    1c917 Q_CleanStr
0    1c978 Com_sprintf
0    1c9a7 va
0    1c9d6 Q_strkey^28
0    1ca15 Info_ValueForKey
0   9fadfc _stackStart
0   a0adfc _stackEnd
1        4 forceModelModificationCount^0
1        8 enemyModelModificationCount^0
1        c enemyColorsModificationCount^0
1       10 teamModelModificationCount^0
1       14 teamColorsModificationCount^0
1       18 atmosphereModificationCount^0
1       1c weaponsOrderModificationCount^0
1       20 gametypeModificationCount^0
1       24 rmodeModificationCount^0
1       28 raspectModificationCount^0
1       2c rheightModificationCount^0
1       30 rwidthModificationCount^0
1       34 rfullscreenModificationCount^0
1       38 intShaderTime
1       3c linearLight
1       64 cvarTable^0
1      914 randSeed^1
1      918 bg_itemlist
1     13a8 bg_numItems
1     1408 eventnames
1     1668 pm_stopspeed
1     166c pm_duckScale
1     1670 pm_swimScale
1     1674 pm_ladderScale
1     1678 pm_ladderfriction
1     167c pm_ladderAccelerate
1     1680 pm_accelerate
1     1684 pm_airaccelerate
1     1688 pm_wateraccelerate
1     168c pm_flyaccelerate
1     1690 pm_friction
1     1694 pm_waterfriction
1     1698 pm_flightfriction
1     169c pm_spectatorfriction
1     16a0 c_pmove
1     16a4 pm_respawntimer^3
1     170c commands^7
1     17c4 drawTeamOverlayModificationCount
1     1854 font^9
1     1858 metrics^9
1     185c propMap^9
1     21c4 shaderAnimNames^15
1     2244 shaderAnimCounts^15
1     22c4 shaderAnimSTRatio^15
1     2344 cl_numparticles
1     2348 initparticles
1     234c roll^15
1     2350 cg_customSoundNames^16
1     2428 player_stop
1     242c black_bars
1     24ec vec3_origin
1     24f8 axisDefault
1     251c colorWhite
1     252c g_color_table
1     25ac bytedirs
2     5eaa locase
3      800 trap_GetValue
3      804 trap_R_SwitchWorld
3      808 trap_R_AddPolyBufferToScene
3      80c trap_R_AddLinearLightToScene
3      810 trap_R_AddRefEntityToScene2
3      814 cg_worlds
3      924 cgwp_flameCycle
3      a34 cg_altGrapple
3      b44 cgwp_grapplePull
3      c54 cgwp_grappleEnable
3      d64 cg_gunCenter
3      e74 cg_weaponOrder
3      f84 cgwp_grappleCycle
3     1094 cgwp_bfgCycle
3     11a4 cgwp_railCycle
3     12b4 cgwp_plasmaCycle
3     13c4 cgwp_rocketCycle
3     14d4 cgwp_grenadeCycle
3     15e4 cgwp_machineCycle
3     16f4 cgwp_shotgunCycle
3     1804 cgwp_lightCycle
3     1914 cgwp_gauntCycle
3     1a24 cg_atmosphericEffects
3     1b34 cg_atmosphere
3     1c44 cg_wallWalk
3     1d54 cg_gravity
3     1e64 cg_jumpVelocity
3     1f74 cg_hasteFactor
3     2084 cg_healthBar
3     2194 cg_damagePlum
3     22a4 cg_reverseControls
3     23b4 cg_upsideDown
3     24c4 cg_sideview
3     25d4 cg_birdsEye
3     26e4 cg_birdsEyeAngle
3     27f4 cg_birdsEyeRange
3     2904 cg_itemTimer
3     2a14 cg_developer
3     2b24 cg_altPortal
3     2c34 cgwp_portalEnable
3     2d44 cg_fullscreen
3     2e54 cg_width
3     2f64 cg_height
3     3074 cg_aspect
3     3184 cg_mode
3     3294 cg_gametype
3     33a4 cg_followKiller
3     34b4 cg_fovAdjust
3     35c4 cg_deadBodyDarken
3     36d4 cg_teamColors
3     37e4 cg_teamModel
3     38f4 cg_enemyColors
3     3a04 cg_enemyModel
3     3b14 cg_hitSounds
3     3c24 cg_trueLightning
3     3d34 cg_oldPlasma
3     3e44 cg_oldRocket
3     3f54 cg_oldRail
3     4064 cg_bigFont
3     4174 cg_smallFont
3     4284 cg_noProjectileTrail
3     4394 cg_noTaunt
3     44a4 cg_cameraMode
3     45b4 cg_smoothClients
3     46c4 cg_scorePlum
3     47d4 cg_timescale
3     48e4 cg_timescaleFadeSpeed
3     49f4 cg_timescaleFadeEnd
3     4b04 cg_cameraOrbitDelay
3     4c14 cg_cameraOrbit
3     4d24 cg_blood
3     4e34 cg_paused
3     4f44 cg_buildScript
3     5054 cg_teamChatsOnly
3     5164 cg_drawFriend
3     5274 cg_stats
3     5384 cg_teamOverlayUserinfo
3     5494 cg_drawTeamOverlay
3     55a4 cg_deferPlayers
3     56b4 cg_predictItems
3     57c4 cg_forceModel
3     58d4 cg_teamChatHeight
3     59e4 cg_teamChatTime
3     5af4 cg_thirdPerson
3     5c04 cg_thirdPersonAngle
3     5d14 cg_thirdPersonRange
3     5e24 cg_tracerLength
3     5f34 cg_tracerWidth
3     6044 cg_tracerChance
3     6154 cg_footsteps
3     6264 cg_showmiss
3     6374 cg_noPlayerAnims
3     6484 cg_nopredict
3     6594 cg_errorDecay
3     66a4 cg_debugEvents
3     67b4 cg_debugPosition
3     68c4 cg_debugAnim
3     69d4 cg_animSpeed
3     6ae4 cg_swingSpeed
3     6bf4 cg_bobroll
3     6d04 cg_bobpitch
3     6e14 cg_bobup
3     6f24 cg_runroll
3     7034 cg_runpitch
3     7144 cg_centertime
3     7254 cg_gun_z
3     7364 cg_gun_y
3     7474 cg_gun_x
3     7584 cg_gun_frame
3     7694 cg_railTrailRadius
3     77a4 cg_railTrailTime
3     78b4 cg_lagometer
3     79c4 cg_addMarks
3     7ad4 cg_simpleItems
3     7be4 cg_brassTime
3     7cf4 cg_crosshairY
3     7e04 cg_crosshairX
3     7f14 cg_crosshairHealth
3     8024 cg_crosshairSize
3     8134 cg_drawWeaponSelect
3     8244 cg_drawRewards
3     8354 cg_drawCrosshairNames
3     8464 cg_drawCrosshair
3     8574 cg_drawSpeed
3     8684 cg_drawAttacker
3     8794 cg_drawAmmoWarning
3     88a4 cg_drawIcons
3     89b4 cg_draw3dIcons
3     8ac4 cg_drawSnapshot
3     8bd4 cg_drawFPS
3     8ce4 cg_drawTimer
3     8df4 cg_drawStatus
3     8f04 cg_draw2D
3     9014 cg_gibs
3     9124 cg_shadows
3     9234 cg_viewsize
3     9344 cg_fov
3     9454 cg_zoomFov
3     9564 cg_drawGun
3     9674 cg_autoswitch
3     9784 cg_ignore
3     9894 cg_items
3     b494 cg_weapons
3     c2a4 cg_entities
3    c72a4 cg
3   16f2e0 cgs
3   197e54 pml
3   197ee4 pm
3   197ee8 one_over_mapgrid_factor^5
3   197ef0 tracemap^5
3   257f0c cg_atmFx^6
3   29a630 kludgeResult^6
3   29a634 kludgeChecked^6
3   29a650 lagometer
3   29ac58 numSortedTeamPlayers
3   29ac5c sortedTeamPlayers
3   29acfc numbers^9
3   29d920 bigchars^9
3   2a059c loadingItemIcons^13
3   2a0604 loadingPlayerIcons^13
3   2a0644 loadingItemIconCount^13
3   2a0648 loadingPlayerIconCount^13
3   2a064c cg_freeLocalEntities
3   2a0650 cg_activeLocalEntities
3   2a0774 cg_localEntities
3   332774 oldtime
3   332778 rup
3   332784 rright
3   332790 rforward
3   33279c pvup
3   3327a8 pvright
3   3327b4 pvforward
3   3327c0 particles
3   3517c0 free_particles
3   3517c4 active_particles
3   3517c8 numShaderAnims^15
3   3517cc shaderAnims^15
3   3537cc markTotal^15
3   3537d0 cg_freeMarkPolys
3   3537d4 cg_activeMarkPolys
3   3538f4 cg_markPolys
3   3658fc cg_polyBuffersInuse
3   365afc cg_polyBuffers
3   9e60fc eventParm2
3   9e613c eventParms
3   9e617c events
3   9e61bc eventStack
3   9e61c0 cg_triggerEntities^19
3   9e65c0 cg_numTriggerEntities^19
3   9e65c4 cg_solidEntities^19
3   9e69c4 cg_numSolidEntities^19
3   9e69c8 cg_pmove^19
3   9e6aac localClient^20
3   9e6b3c frustum^24
3   9e6b7c weaponRawOrder
3   9e6bac weaponOrder
3   9fa5f4 com_tokenline^28
3   9fa5f8 com_lines^28
3   9fa5fc com_parsename^28
3   9fa9fc com_token^28
