0 fffffdbf trap_AAS_PredictRoute
0 fffffdc1 trap_BotAddAvoidSpot
0 fffffdc2 trap_BotSetAvoidGoalTime
0 fffffdc3 trap_BotPredictVisiblePosition
0 fffffdc4 trap_BotRemoveFromAvoidGoals
0 fffffdc5 trap_BotGetChatMessage
0 fffffdc6 trap_BotNumInitialChats
0 fffffdc8 trap_BotGetNextCampSpotGoal
0 fffffdc9 trap_BotMutateGoalFuzzyLogic
0 fffffdca trap_BotInterbreedGoalFuzzyLogic
0 fffffdcb trap_GeneticParentsAndChildSelection
0 fffffdcc trap_BotResetWeaponState
0 fffffdcd trap_BotFreeWeaponState
0 fffffdce trap_BotAllocWeaponState
0 fffffdcf trap_BotLoadWeaponWeights
0 fffffdd0 trap_BotGetWeaponInfo
0 fffffdd1 trap_BotChooseBestFightWeapon
0 fffffdd2 trap_BotInitMoveState
0 fffffdd3 trap_BotFreeMoveState
0 fffffdd4 trap_BotAllocMoveState
0 fffffdd5 trap_BotMovementViewTarget
0 fffffdd7 trap_BotResetLastAvoidReach
0 fffffdd8 trap_BotResetAvoidReach
0 fffffdd9 trap_BotMoveInDirection
0 fffffdda trap_BotMoveToGoal
0 fffffddb trap_BotResetMoveState
0 fffffddc trap_BotFreeGoalState
0 fffffddd trap_BotAllocGoalState
0 fffffdde trap_BotSaveGoalFuzzyLogic
0 fffffde0 trap_BotLoadItemWeights
0 fffffde1 trap_BotUpdateEntityItems
0 fffffde4 trap_BotGetLevelItemGoal
0 fffffde5 trap_BotItemGoalInVisButNotVisible
0 fffffde6 trap_BotTouchingGoal
0 fffffde7 trap_BotChooseNBGItem
0 fffffde8 trap_BotChooseLTGItem
0 fffffde9 trap_BotGetSecondGoal
0 fffffdea trap_BotGetTopGoal
0 fffffdeb trap_BotGoalName
0 fffffdec trap_BotDumpGoalStack
0 fffffded trap_BotDumpAvoidGoals
0 fffffdee trap_BotEmptyGoalStack
0 fffffdef trap_BotPopGoal
0 fffffdf0 trap_BotPushGoal
0 fffffdf1 trap_BotResetAvoidGoals
0 fffffdf2 trap_BotResetGoalState
0 fffffdf3 trap_BotSetChatName
0 fffffdf4 trap_BotSetChatGender
0 fffffdf5 trap_BotLoadChatFile
0 fffffdf6 trap_BotReplaceSynonyms
0 fffffdf7 trap_UnifyWhiteSpaces
0 fffffdf8 trap_BotMatchVariable
0 fffffdf9 trap_BotFindMatch
0 fffffdfb trap_BotEnterChat
0 fffffdfd trap_BotReplyChat
0 fffffdfe trap_BotInitialChat
0 fffffdff trap_BotNumConsoleMessages
0 fffffe00 trap_BotNextConsoleMessage
0 fffffe01 trap_BotRemoveConsoleMessage
0 fffffe02 trap_BotQueueConsoleMessage
0 fffffe03 trap_BotFreeChatState
0 fffffe04 trap_BotAllocChatState
0 fffffe05 trap_Characteristic_String
0 fffffe08 trap_Characteristic_BFloat
0 fffffe0a trap_BotFreeCharacter
0 fffffe0b trap_BotLoadCharacter
0 fffffe58 trap_EA_ResetInput
0 fffffe59 trap_EA_GetInput
0 fffffe5b trap_EA_View
0 fffffe5f trap_EA_SelectWeapon
0 fffffe66 trap_EA_Crouch
0 fffffe67 trap_EA_Respawn
0 fffffe68 trap_EA_Use
0 fffffe69 trap_EA_Attack
0 fffffe6a trap_EA_Talk
0 fffffe6b trap_EA_Gesture
0 fffffe6c trap_EA_Action
0 fffffe6d trap_EA_Command
0 fffffe6e trap_EA_SayTeam
0 fffffec1 trap_AAS_PredictClientMovement
0 fffffec2 trap_AAS_Swimming
0 fffffec3 trap_AAS_AreaTravelTimeToGoalArea
0 fffffec4 trap_AAS_AreaReachability
0 fffffec5 trap_AAS_IntForBSPEpairKey
0 fffffec6 trap_AAS_FloatForBSPEpairKey
0 fffffec7 trap_AAS_VectorForBSPEpairKey
0 fffffec8 trap_AAS_ValueForBSPEpairKey
0 fffffec9 trap_AAS_NextBSPEntity
0 fffffeca trap_AAS_PointContents
0 fffffecb trap_AAS_TraceAreas
0 fffffecc trap_AAS_PointAreaNum
0 fffffecd trap_AAS_Time
0 fffffece trap_AAS_PresenceTypeBoundingBox
0 fffffecf trap_AAS_Initialized
0 fffffed0 trap_AAS_EntityInfo
0 fffffed1 trap_AAS_AreaInfo
0 fffffed2 trap_AAS_BBoxAreas
0 fffffed3 trap_AAS_EnableRoutingArea
0 ffffff2c trap_BotUserCommand
0 ffffff2d trap_BotGetServerCommand
0 ffffff2e trap_BotGetSnapshotEntity
0 ffffff30 trap_BotLibUpdateEntity
0 ffffff31 trap_BotLibLoadMap
0 ffffff32 trap_BotLibStartFrame
0 ffffff35 trap_BotLibVarSet
0 ffffff36 trap_BotLibShutdown
0 ffffff37 trap_BotLibSetup
0 ffffff90 ceil
0 ffffff91 floor
0 ffffff95 sqrt
0 ffffff96 atan2
0 ffffff97 cos
0 ffffff98 sin
0 ffffff99 strncpy
0 ffffff9a memcpy
0 ffffff9b memset
0 ffffffd5 trap_SnapVector
0 ffffffd9 trap_FS_GetFileList
0 ffffffda trap_GetEntityToken
0 ffffffdb trap_GetUsercmd
0 ffffffdd trap_BotAllocateClient
0 ffffffde trap_EntityContact
0 ffffffdf trap_EntitiesInBox
0 ffffffe0 trap_UnlinkEntity
0 ffffffe1 trap_LinkEntity
0 ffffffe3 trap_AdjustAreaPortalState
0 ffffffe5 trap_InPVS
0 ffffffe6 trap_PointContents
0 ffffffe7 trap_Trace
0 ffffffe8 trap_SetBrushModel
0 ffffffe9 trap_GetServerinfo
0 ffffffea trap_SetUserinfo
0 ffffffeb trap_GetUserinfo
0 ffffffec trap_GetConfigstring
0 ffffffed trap_SetConfigstring
0 ffffffee trap_SendServerCommand
0 ffffffef trap_DropClient
0 fffffff0 trap_LocateGameData
0 fffffff1 trap_SendConsoleCommand
0 fffffff2 trap_FS_FCloseFile
0 fffffff3 trap_FS_Write
0 fffffff4 trap_FS_Read
0 fffffff5 trap_FS_FOpenFile
0 fffffff6 trap_Argv
0 fffffff7 trap_Argc
0 fffffff8 trap_Cvar_VariableStringBuffer
0 fffffff9 trap_Cvar_VariableIntegerValue
0 fffffffa trap_Cvar_Set
0 fffffffb trap_Cvar_Update
0 fffffffc trap_Cvar_Register
0 fffffffd trap_Milliseconds
0 fffffffe trap_Error
0 ffffffff trap_Print
0        0 vmMain
0       96 G_Printf
0       b7 G_BroadcastServerCommand
0       ee G_Error
0      107 G_FindTeams
0      1fc G_RemapTeamShaders
0      1ff G_RegisterCvars
0      2be UpdateGameType
0      515 G_UpdateCvars^0
0      5c7 G_LocateSpawnSpots^0
0      848 G_InitGame^0
0      a0f G_ShutdownGame^0
0      a41 Com_Error
0      a5a Com_Printf
0      a73 AddTournamentPlayer
0      aed RemoveTournamentLoser
0      b14 AdjustTournamentScores
0      b69 SortRanks^0
0      c24 CalculateRanks
0      f39 SendScoreboardMessageToAllClients^0
0      f62 MoveClientToIntermission
0      ff9 FindIntermissionPoint
0     1068 BeginIntermission
0     10c0 ExitLevel
0     116d G_LogPrintf
0     11e5 LogExit
0     1277 CheckIntermissionExit
0     134b ScoreIsTied^0
0     1398 CheckExitRules^0
0     148e ClearBodyQue^0
0     14c1 G_WarmupEnd^0
0     16e9 CheckTournament^0
0     180e CheckVote^0
0     1873 PrintTeam^0
0     18b4 SetLeader
0     1974 CheckTeamLeader
0     1a46 CheckTeamVote^0
0     1afb CheckCvars
0     1b28 G_RunThink
0     1b61 InitHoards^0
0     1c26 G_RunFrame^0
0     1deb BotNumActivePlayers^1
0     1e40 BotIsFirstInRankings
0     1ea3 BotIsLastInRankings
0     1f06 BotFirstClientInRankings
0     1f76 BotLastClientInRankings
0     1fe6 BotRandomOpponentName
0     20ad BotMapTitle^1
0     20b2 BotWeaponNameForMeansOfDeath
0     20f9 BotRandomWeaponName
0     2140 BotVisibleEnemies
0     21cd BotValidChatPosition
0     2295 BotChat_EnterGame
0     234f BotChat_ExitGame
0     23fa BotChat_StartLevel
0     249a BotChat_EndLevel
0     25dd BotChat_Death
0     2856 BotChat_Kill
0     29aa BotChat_EnemySuicide
0     2a67 BotChat_HitTalking
0     2b57 BotChat_HitNoDeath
0     2c64 BotChat_HitNoKill
0     2d45 BotChat_Random
0     2ecc BotChatTime
0     2ed1 BotChatTest
0     36f9 BotGetItemTeamGoal
0     3740 BotGetMessageTeamGoal
0     377d BotGetTime
0     37fc FindClientByName
0     385d FindEnemyByName
0     38e2 NumPlayersOnSameTeam
0     3926 BotGetPatrolWaypoints
0     3a54 BotAddressedToBot
0     3b75 BotMatch_HelpAccompany
0     3db2 BotMatch_DefendKeyArea
0     3e6c BotMatch_GetItem
0     3f08 BotMatch_Camp
0     40c9 BotMatch_Patrol
0     416d BotMatch_GetFlag
0     4200 BotMatch_RushBase
0     427f BotMatch_TaskPreference
0     4340 BotMatch_ReturnFlag
0     43b7 BotMatch_JoinSubteam
0     4424 BotMatch_LeaveSubteam
0     448f BotMatch_WhichTeam
0     44e9 BotMatch_CheckPoint
0     4643 BotMatch_FormationSpace
0     46a5 BotMatch_Dismiss
0     470d BotMatch_Suicide
0     4750 BotMatch_StartTeamLeaderShip
0     47a7 BotMatch_StopTeamLeaderShip
0     4818 BotMatch_WhoIsTeamLeader
0     484c BotMatch_WhatAreYouDoing
0     496b BotMatch_WhatIsMyCommand
0     4996 BotNearestVisibleItem
0     4a2e BotMatch_WhereAreYou
0     4b5c BotMatch_LeadTheWay
0     4cba BotMatch_Kill
0     4d5b BotMatch_CTF
0     4e34 BotMatch_EnterGame
0     4e59 BotMatch_NewLeader
0     4e92 BotMatchMessage
0     4ff6 BotResetNodeSwitches
0     4ffc BotDumpNodeSwitches
0     503f BotRecordNodeSwitch
0     5076 BotGetAirGoal
0     5133 BotGoForAir
0     51b0 BotNearbyGoal
0     521c BotReachedGoal
0     531d BotGetItemLongTermGoal
0     53b4 BotGetLongTermGoal
0     619f BotLongTermGoal
0     6403 AIEnter_Intermission
0     643f AINode_Intermission
0     6482 AIEnter_Observer
0     64a2 AINode_Observer
0     64ba AIEnter_Stand
0     64dd AINode_Stand
0     657a AIEnter_Respawn
0     65fe AINode_Respawn
0     667d BotSelectActivateWeapon
0     671e BotClearPath
0     695a AIEnter_Seek_ActivateEntity
0     6970 AINode_Seek_ActivateEntity
0     6d8e AIEnter_Seek_NBG
0     6dd1 AINode_Seek_NBG
0     704b AIEnter_Seek_LTG
0     708e AINode_Seek_LTG
0     73d9 AIEnter_Battle_Fight
0     740a AIEnter_Battle_SuicidalFight
0     743b AINode_Battle_Fight
0     7720 AIEnter_Battle_Chase
0     7741 AINode_Battle_Chase
0     79eb AIEnter_Battle_Retreat
0     7a01 AINode_Battle_Retreat
0     7cff AIEnter_Battle_NBG
0     7d15 AINode_Battle_NBG
0     7f98 BotSetUserInfo^4
0     7fcb BotCTFCarryingFlag
0     7fee BotTeam
0     8046 BotOppositeTeam
0     8068 BotEnemyFlag
0     807c BotTeamFlag
0     8090 EntityIsDead
0     80ba EntityCarriesFlag
0     80d9 EntityIsInvisible
0     80fa EntityIsShooting
0     810c EntityIsChatting
0     811e BotRememberLastOrderedTask
0     815b BotSetTeamStatus
0     815e BotSetLastOrderedTask
0     8252 BotRefuseOrder
0     8284 BotCTFSeekGoals
0     87c6 BotCTFRetreatGoals
0     8810 BotTeamGoals
0     8833 BotPointAreaNum
0     8876 ClientName
0     88c1 ClientFromName
0     8906 ClientOnSameTeamFromName
0     895f stristr
0     89c4 EasyClientName
0     8b28 BotSynonymContext
0     8b4e BotChooseWeapon
0     8bb5 BotSetupForMovement
0     8c6b BotCheckItemPickup
0     8c6e BotUpdateInventory
0     8eb9 BotUpdateBattleInventory
0     8eff BotBattleUseItems
0     8f3f BotSetTeleportTime
0     8f66 BotIsDead
0     8f7b BotIsObserver
0     8fb1 BotIntermission
0     8fd9 BotInLavaOrSlime
0     8ff3 BotCreateWayPoint
0     9051 BotFindWayPoint
0     9080 BotFreeWaypoints
0     90a3 BotInitWaypoints
0     90c7 TeamPlayIsOn
0     90d9 BotAggression
0     91b4 BotWantsToRetreat
0     920a BotWantsToChase
0     9259 BotCanAndWantsToRocketJump
0     92c4 BotHasPersistantPowerupAndWeapon
0     937a BotGoCamp
0     93f4 BotWantsToCamp
0     9526 BotDontAvoid
0     9562 BotGoForPowerups
0     9597 BotRoamGoal
0     971d BotAttackMove
0     9a05 BotSameTeam
0     9a37 InFieldOfVision
0     9ac6 BotEntityVisible
0     9d0d BotFindEnemy
0     9f8c BotTeamFlagCarrierVisible
0     a001 BotEnemyFlagCarrierVisible
0     a076 BotAimAtEnemy
0     a822 BotCheckAttack
0     aaa2 BotMapScripts
0     ac53 BotSetMovedir
0     ac89 BotModelMinsMaxs
0     ad79 BotFuncButtonActivateGoal
0     b282 BotFuncDoorActivateGoal
0     b342 BotTriggerMultipleActivateGoal
0     b477 BotPopFromActivateGoalStack
0     b4b4 BotPushOntoActivateGoalStack
0     b544 BotClearActivateGoalStack
0     b55a BotEnableActivateGoalAreas
0     b5b2 BotIsGoingToActivateEntity
0     b628 BotGetActivateGoal
0     baa8 BotGoForActivateGoal
0     baff BotRandomMove
0     bb39 BotAIBlocked
0     bcd4 BotAIPredictObstacles
0     bdc4 BotCheckConsoleMessages
0     bfb9 BotCheckForGrenades
0     bfe2 BotCheckEvents
0     c201 BotCheckSnapshot
0     c270 BotCheckAir
0     c292 BotAlternateRoute
0     c2f5 BotGetAlternateRouteGoal
0     c394 BotSetupAlternativeRouteGoals
0     c3a0 BotDeathmatchAI
0     c593 BotSetupDeathmatchAI
0     c67d BotAI_Print
0     c6d7 BotAI_Trace
0     c750 BotAI_GetClientState
0     c781 BotAI_GetEntityState
0     c7f0 BotAI_GetSnapshotEntity
0     c821 BotAI_BotInitialChat
0     c8a3 BotTestAAS
0     c91a BotSetInfoConfigString
0     ca87 BotUpdateInfoConfigStrings
0     cae0 BotInterbreedBots
0     cbbd BotWriteInterbreeded
0     cc31 BotInterbreedEndMatch
0     cc6c BotInterbreeding
0     cd0c BotEntityInfo
0     cd18 NumBots
0     cd1e BotTeamLeader
0     cd54 AngleDifference
0     cd84 BotChangeViewAngle
0     cdf8 BotChangeViewAngles
0     cfff BotInputToUserCommand
0     d307 BotUpdateInput
0     d3be BotAIRegularUpdate
0     d3cf RemoveColorEscapeSequences
0     d43e BotAI
0     d67b BotScheduleBotThink
0     d6c0 BotWriteSessionData
0     d750 BotReadSessionData
0     d7cd BotAISetupClient
0     da16 BotAIShutdownClient
0     dab5 BotResetState
0     dbd2 BotAILoadMap
0     dc3a BotAIStartFrame
0     dfd2 BotInitLibrary
0     e161 BotAISetup
0     e20b BotAIShutdown
0     e256 BotValidTeamLeader
0     e27d BotNumTeamMates
0     e2e4 BotClientTravelTimeToGoal
0     e315 BotSortTeamMatesByBaseTravelTime
0     e417 BotSetTeamMateTaskPreference
0     e43d BotGetTeamMateTaskPreference
0     e478 BotSortTeamMatesByTaskPreference
0     e566 BotSayTeamOrderAlways
0     e5b9 BotSayTeamOrder
0     e5c5 BotCTFOrders_BothFlagsNotAtBase
0     e810 BotCTFOrders_FlagNotAtBase
0     eae0 BotCTFOrders_EnemyFlagNotAtBase
0     ece7 BotCTFOrders_BothFlagsAtBase
0     efb2 BotCTFOrders
0     f016 BotCreateGroup
0     f084 BotTeamOrders
0     f160 FindHumanTeamLeader
0     f1c8 BotTeamAI
0     f3bf BotVoiceChat_Defend
0     f443 swapfunc^8
0     f4ca med3^8
0     f55d qsort
0     f910 strlen
0     f92b strcat
0     f965 strcpy
0     f991 strcmp
0     f9cd strchr
0     f9fd strstr
0     fa4b tolower
0     fa63 toupper
0     fa7b memmove
0     face srand
0     fad5 rand
0     faeb atof
0     fbac atoi
0     fc24 abs
0     fc3d fabs
0     fc56 BG_FindItemForHealth
0     fc8d BG_FindItemForAmmo
0     fcc4 BG_FindItemForPowerup
0     fd14 BG_FindItemForWeapon
0     fd41 BG_FindItem
0     fd70 BG_PlayerTouchesItem
0     fdca BG_CanItemBeGrabbed
0    100b2 BG_EvaluateTrajectory
0    102ec BG_EvaluateTrajectoryDelta
0    10444 BG_AddPredictableEventToPlayerstate
0    1047b BG_TouchJumpPad
0    1050d BG_PlayerStateToEntityState
0    106f2 BG_CleanName
0    107fd Q_strcpy
0    1082d Q_stradd
0    10860 Q_strlen
0    1087f AddInt^9
0    1095a AddFloat^9
0    10a6f AddString^9
0    10b01 ED_vsprintf
0    10cf1 BG_sprintf
0    10d0e _atoi^9
0    10d7e _atof^9
0    10e36 _atos^9
0    10ebc Q_sscanf
0    10ffb PM_AddEvent
0    1100c PM_AddTouchEnt
0    11065 PM_StartTorsoAnim^10
0    110af PM_StartLegsAnim^10
0    11103 PM_ContinueLegsAnim^10
0    11123 PM_ContinueTorsoAnim^10
0    11143 PM_ForceLegsAnim^10
0    11153 PM_ClipVelocity
0    111c4 PM_Friction^10
0    112d8 PM_Accelerate^10
0    11352 PM_CmdScale^10
0    113f6 PM_SetMovementDir^10
0    11515 PM_CheckJump^10
0    115c6 PM_CheckWaterJump^10
0    116aa PM_WaterJumpMove^10
0    116eb PM_WaterMove^10
0    11824 PM_FlyMove^10
0    118af PM_AirMove^10
0    1196c PM_GrappleMove^10
0    11a1a PM_WalkMove^10
0    11c2e PM_DeadMove^10
0    11ca5 PM_NoclipMove^10
0    11dfd PM_FootstepForSurface^10
0    11e16 PM_CrashLand^10
0    11f17 PM_CorrectAllSolid^10
0    12006 PM_GroundTraceMissed^10
0    1209f PM_GroundTrace^10
0    12214 PM_SetWaterLevel^10
0    122e9 PM_CheckDuck^10
0    123c4 PM_Footsteps^10
0    12504 PM_WaterEvents^10
0    12547 PM_BeginWeaponChange^10
0    125a2 PM_FinishWeaponChange^10
0    12613 PM_TorsoAnimation^10
0    12632 PM_Weapon^10
0    12915 PM_Animate^10
0    1293a PM_DropTimers^10
0    129c4 PM_UpdateViewAngles
0    12a72 PM_LadderMove^10
0    12b9e CheckLadder^10
0    12c11 PmoveSingle
0    131c3 Pmove
0    13262 PM_SlideMove
0    1364e PM_StepSlideMove
0    137da P_DamageFeedback
0    13895 P_WorldEffects
0    139c5 G_SetClientSound
0    139f1 ClientImpacts
0    13a8d G_ListPortals
0    13d28 G_TouchTriggers
0    13ee3 SpectatorThink
0    13ffa ClientInactivityTimer
0    14091 ClientTimerActions
0    141c3 ClientIntermissionThink
0    14291 ClientEvents
0    143a0 SendPendingPredictableEvents
0    14443 ClientThink_real
0    14b63 ClientThink
0    14be2 G_RunClient
0    14c08 SpectatorClientEndFrame
0    14ce0 ClientEndFrame
0    14fcb UpdateTournamentInfo
0    15115 SpawnModelOnVictoryPad^13
0    152e2 CelebrateStop^13
0    15309 CelebrateStart^13
0    15339 PodiumPlacementThink^13
0    155bc SpawnPodium^13
0    15694 SpawnModelsOnVictoryPads
0    15736 Svcmd_AbortPodium_f
0    15750 trap_Cvar_VariableValue
0    15766 G_ParseInfos
0    1585c G_LoadArenasFromFile^14
0    158dc G_LoadArenas^14
0    15981 G_GetArenaInfoByMap
0    159c0 PlayerIntroSound^14
0    15a11 G_AddRandomBot
0    15b94 G_RemoveRandomBot
0    15bfd G_CountHumanPlayers^14
0    15c4d G_CountBotPlayers^14
0    15cc7 G_CheckMinimumPlayers
0    15e04 G_CheckBotSpawn
0    15e62 AddBotToSpawnQueue^14
0    15ea5 G_RemoveQueuedBotBegin
0    15ecd G_BotConnect
0    15f2f G_AddBot
0    16176 Svcmd_AddBot_f
0    1621d Svcmd_BotList_f
0    162d9 G_SpawnBots^14
0    16385 G_LoadBotsFromFile^14
0    16405 G_LoadBots^14
0    16491 G_GetBotInfoByName
0    164d4 G_InitBots
0    165a5 SP_info_player_deathmatch
0    165de SP_info_player_start
0    165ed SP_info_player_intermission
0    165f0 SpotWouldTelefrag
0    1666d SelectRandomFurthestSpawnPoint^15
0    16810 SelectSpawnPoint
0    16826 SelectInitialSpawnPoint
0    1689e SelectSpectatorSpawnPoint
0    168af InitBodyQue
0    168df BodySink
0    16915 CopyToBodyQue
0    16a90 SetClientViewAngle
0    16ae5 respawn
0    16b3e TeamCount
0    16b87 TeamConnectedCount
0    16bd0 TeamLeader
0    16c15 PickTeam
0    16c4f ClientUserinfoChanged
0    17092 ClientConnect
0    1726a ClientBegin
0    1736b ClientSpawn
0    178a8 ClientDisconnect
0    179e0 DeathmatchScoreboardMessage
0    17b18 Cmd_Score_f
0    17b21 CheatsOk
0    17b51 ConcatArgs
0    17bbc SanitizeString
0    17c09 ClientNumberFromString
0    17cd5 Cmd_Give_f
0    17e9c Cmd_God_f
0    17ee5 Cmd_Notarget_f
0    17f2e Cmd_Noclip_f
0    17f86 Cmd_LevelShot_f
0    17fd3 Cmd_TeamTask_f
0    1802a Cmd_Kill_f
0    18078 BroadcastTeamChange
0    180fe AllowTeamSwitch^16
0    1814f SetTeam
0    184d7 StopFollowing
0    1855a Cmd_Team_f^16
0    18631 Cmd_Follow_f^16
0    186d1 Cmd_FollowCycle_f
0    1877b G_SayTo^16
0    1880c G_Say^16
0    18972 Cmd_Say_f^16
0    189ab Cmd_Tell_f^16
0    18a3a Cmd_GameCommand_f
0    18a9d Cmd_Where_f
0    18abf ValidVoteCommand^16
0    18c4a Cmd_CallVote_f
0    18e47 Cmd_Vote_f^16
0    18f13 G_RevertVote
0    19035 Cmd_CallTeamVote_f^16
0    193a6 Cmd_TeamVote_f^16
0    194aa Cmd_SetViewpos_f^16
0    19523 Cmd_DropFlag_f
0    195e4 Cmd_DropPowerup_f
0    1965f Cmd_DropItem_f
0    19690 Cmd_DropAmmo_f
0    196fe Cmd_DropHealth_f
0    1974c Cmd_Drop_f
0    199c5 Cmd_RBounce_f
0    19a0f Cmd_Cloak_f
0    19a74 Cmd_Boots_f
0    19ac3 Cmd_Stats_f^16
0    19ac6 ClientCommand
0    19dec ScorePlum
0    19e21 AddScore
0    19e6e TossClientItems
0    19fa8 LookAtKiller
0    1a044 GibEntity
0    1a068 body_die
0    1a088 CheckAlmostCapture
0    1a167 CheckAlmostScored
0    1a204 player_pain
0    1a26f CheckFrozen
0    1a3d6 player_frozen
0    1a499 player_die
0    1a99c CheckArmor
0    1a9f9 G_LocationDamage
0    1ac6a G_Damage
0    1b12c CanDamage
0    1b2ec G_RadiusDamage
0    1b485 G_WaterRadiusDamage
0    1b628 SpawnTime
0    1b6e2 Pickup_Powerup
0    1b887 Pickup_PersistantPowerup
0    1baa1 Pickup_Holdable
0    1bb22 Add_Ammo^18
0    1bb5f Pickup_Ammo^18
0    1bb9e Pickup_Weapon^18
0    1bc63 Pickup_Health^18
0    1bd9d Pickup_Armor
0    1be0b RespawnItem
0    1bf14 Touch_Item
0    1c27d LaunchItem
0    1c3b6 Drop_Item
0    1c40f Use_Item
0    1c418 FinishSpawningItem
0    1c53d G_CheckTeamItems
0    1c58f ClearRegisteredItems
0    1c5f7 RegisterItem
0    1c60f SaveRegisteredItems
0    1c657 G_ItemDisabled
0    1c670 G_SpawnItem
0    1c731 G_BounceItem
0    1c879 G_RunItem
0    1c946 G_Alloc
0    1c995 G_InitMemory
0    1c99b Svcmd_GameMem_f
0    1c9a8 SP_info_camp
0    1c9ba SP_info_null
0    1c9c3 SP_info_notnull
0    1c9d5 SP_light
0    1c9de Use_Shooter
0    1caf2 InitShooter_Finish^20
0    1cb16 InitShooter
0    1cb80 SP_shooter_rocket
0    1cb8b SP_shooter_plasma
0    1cb96 SP_shooter_grenade
0    1cba1 fire_portal
0    1ccd8 TeleportPlayer_real^21
0    1d0a8 TeleportPlayer
0    1d0bb SP_misc_teleporter_dest
0    1d0f7 SP_misc_model
0    1d100 locateCamera
0    1d1ef SP_misc_portal_surface
0    1d24d SP_misc_portal_camera
0    1d29d PortalDestroy
0    1d309 PortalDie^21
0    1d312 PortalTouch^21
0    1d4ac PortalEnable^21
0    1d624 DropPortalDestination
0    1d840 DropPortalSource
0    1da41 UsePowerup
0    1dbd1 G_BounceMissile
0    1dce9 G_ExplodeMissile
0    1de11 G_MissileImpact
0    1e15d G_RunMissile
0    1e237 fire_plasma
0    1e378 fire_grenade
0    1e494 fire_bfg
0    1e5ec fire_rocket
0    1e747 fire_grapple
0    1e86f G_TestEntityPosition
0    1e8e7 G_CreateRotationMatrix
0    1e909 G_TransposeMatrix
0    1e948 G_RotatePoint
0    1e9b0 G_TryPushingEntity
0    1ec2f G_MoverPush
0    1ef17 G_MoverTeam
0    1f070 G_RunMover
0    1f09c SetMoverState
0    1f2b4 MatchTeam
0    1f2dc ReturnToPos1
0    1f30d ReturnToApos1
0    1f33e Reached_BinaryMover
0    1f484 Use_BinaryMover
0    1f696 InitMover
0    1f801 InitRotator
0    1f96c Blocked_Door
0    1f9e1 Touch_DoorTriggerSpectator^24
0    1fa7e Touch_DoorTrigger
0    1faf3 Think_SpawnNewDoorTrigger
0    1fbeb Think_MatchTeam
0    1fc01 SP_func_door_rotating
0    1fe07 SP_func_door
0    1ffca Touch_Plat
0    1fff4 Touch_PlatCenterTrigger
0    2001d SpawnPlatTrigger
0    200ef SP_func_plat
0    201d4 Touch_Button
0    201f7 SP_func_button
0    20319 Think_BeginMoving
0    20329 Reached_Train
0    20400 Think_SetupTrainTargets
0    204b7 SP_path_corner
0    204d8 SP_func_train
0    20563 SP_func_static
0    2058e SP_func_rotating
0    2061c SP_func_bobbing
0    206be SP_func_pendulum
0    20767 G_MapExist
0    207b1 G_LoadMap
0    2085f ParseMapRotation
0    20a1f G_WriteClientSessionData
0    20a75 G_ReadClientSessionData
0    20adb G_ClearClientSessionData
0    20af8 G_InitSessionData
0    20c0c G_InitWorldSession
0    20c34 G_WriteSessionData
0    20c6f G_SpawnString
0    20cbb G_SpawnFloat
0    20cdd G_SpawnInt
0    20cff G_SpawnVector
0    20d2e SP_item_botroam
0    20d31 G_CallSpawn
0    20db4 G_NewString
0    20e3c G_ParseField
0    20f22 G_SpawnGEntityFromSpawnVars
0    2107a G_AddSpawnVarToken
0    210bb G_ParseSpawnVars
0    2114b SP_worldspawn
0    21229 G_SpawnEntitiesFromString
0    21252 StringToFilter^28
0    21319 UpdateIPBans^28
0    213c6 G_FilterPacket
0    2146f AddIP^28
0    214c5 G_ProcessIPBans
0    2151b Svcmd_AddIP_f
0    2153b Svcmd_RemoveIP_f
0    215a1 Svcmd_EntityList_f
0    2165b ClientForString
0    216f6 Svcmd_ForceTeam_f
0    2173b Svcmd_Freeze_f
0    2181d Svcmd_Rotate_f
0    21874 ConsoleCommand
0    219fd Use_Target_Give
0    21a65 SP_target_give
0    21a6e Use_target_remove_powerups
0    21aef SP_target_remove_powerups
0    21af8 Think_Target_Delay
0    21b0b Use_Target_Delay
0    21b46 SP_target_delay
0    21b7d Use_Target_Score
0    21b9b SP_target_score
0    21bb1 Use_Target_Print
0    21c44 SP_target_print
0    21c4d Use_Target_Speaker
0    21cbc SP_target_speaker
0    21db1 target_laser_think
0    21eda target_laser_on
0    21ef5 target_laser_off
0    21f04 target_laser_use
0    21f27 target_laser_start
0    21fb4 SP_target_laser
0    21fc6 target_teleporter_use
0    22003 SP_target_teleporter
0    2202e target_relay_use
0    220be SP_target_relay
0    220c7 target_kill_use
0    220e4 SP_target_kill
0    220ed SP_target_position
0    220ff target_location_linkup^29
0    22172 SP_target_location
0    22193 target_use_exec
0    22245 SP_target_exec
0    2229d target_earthquake
0    222b2 SP_target_earthquake
0    22319 target_player_stop
0    2233d SP_target_player_stop
0    2237a Team_InitGame
0    223b4 OtherTeam
0    223ca TeamName
0    223f7 PrintMsg
0    2244d AddTeamScore
0    22538 OnSameTeam
0    2256c Team_SetFlagStatus^30
0    22609 Team_CheckDroppedItem
0    22669 Team_ForceGesture^30
0    226b5 Team_FragBonuses
0    22bc6 Team_CheckHurtCarrier
0    22c44 Team_ResetFlag^30
0    22cba Team_ResetFlags
0    22cd5 Team_ReturnFlagSound^30
0    22d12 Team_TakeFlagSound^30
0    22dab Team_CaptureFlagSound^30
0    22de8 Team_ReturnFlag
0    22e1d Team_FreeEntity
0    22e73 Team_DroppedFlagThink
0    22ed2 Team_TouchOurFlag^30
0    23177 Team_TouchEnemyFlag^30
0    231e3 Pickup_Team
0    2327b Team_GetLocation
0    232f9 Team_GetLocationMsg
0    23360 SelectRandomTeamSpawnPoint
0    2341f SelectCTFSpawnPoint
0    2346a SortClients^30
0    23475 TeamplayInfoMessage
0    235ac CheckTeamStatus
0    23665 SP_team_CTF_redplayer
0    23668 SP_team_CTF_blueplayer
0    2366b SP_team_CTF_redspawn
0    2366e SP_team_CTF_bluespawn
0    23671 SP_team_CTF_goldplayer
0    23674 SP_team_CTF_greenplayer
0    23677 SP_team_CTF_goldspawn
0    2367a SP_team_CTF_greenspawn
0    2367d InitTrigger
0    236b8 multi_wait
0    236c1 multi_trigger
0    23764 Use_Multi
0    23770 Touch_Multi
0    23785 SP_trigger_multiple
0    237df trigger_always_think
0    237f5 SP_trigger_always
0    2381f trigger_push_touch
0    2384e AimAtTarget
0    23944 SP_trigger_push
0    23985 Use_target_push
0    23a00 SP_target_push
0    23aa4 trigger_teleporter_touch
0    23afe SP_trigger_teleport
0    23b49 hurt_use
0    23b61 hurt_touch
0    23c17 SP_trigger_hurt
0    23c68 func_timer_think
0    23ca2 func_timer_use
0    23cc5 SP_func_timer
0    23d37 AddRemap
0    23db2 BuildShaderStateConfig
0    23df8 G_FindConfigstringIndex
0    23e6c G_ModelIndex
0    23e7f G_SoundIndex
0    23e92 G_TeamCommand
0    23ecb G_Find
0    23f2a G_PickTarget
0    23f96 G_UseTargets
0    2402c vtos
0    2406c G_SetMovedir
0    240b6 vectoyaw
0    24105 G_InitGentity
0    2412d G_Spawn
0    241d4 G_FreeEntity
0    24207 G_TempEntity
0    24255 G_KillBox
0    24308 G_AddPredictableEvent
0    24325 G_AddEvent
0    243a1 G_Sound
0    243ba G_SetOrigin
0    243f3 G_ResetHistory
0    24467 G_StoreHistory
0    244d3 TimeShiftLerp^33
0    2452c G_TimeShiftClient
0    2467c G_TimeShiftAllClients
0    246d6 G_DoTimeShiftFor
0    2471c G_UnTimeShiftClient
0    24761 G_UnTimeShiftAllClients
0    247b7 G_UndoTimeShiftFor
0    247dd G_PredictPlayerClipVelocity^33
0    24855 G_PredictPlayerSlideMove
0    24b30 G_PredictPlayerStepSlideMove
0    24be5 G_PredictPlayerMove
0    24bf1 CalcMuzzlePointOrigin
0    24c50 G_BounceProjectile
0    24cfd Weapon_Gauntlet
0    24d00 CheckGauntletAttack
0    24e2b SnapVectorTowards
0    24ec1 Bullet_Fire^34
0    25088 BFG_Fire
0    250e0 ShotgunPellet^34
0    2516b ShotgunPattern^34
0    25248 weapon_supershotgun_fire^34
0    252be weapon_grenadelauncher_fire
0    25319 Weapon_RocketLauncher_Fire
0    253f1 Weapon_Plasmagun_Fire
0    25425 weapon_railgun_fire
0    25668 Weapon_GrapplingHook_Fire
0    25696 Weapon_HookFree
0    256c3 Weapon_HookThink
0    2574f Weapon_LightningFire
0    25943 dropWeapon
0    259b8 ThrowWeapon
0    25a99 Laser_Think
0    25b6e Laser_Gen
0    25bfc LogAccuracyHit
0    25c53 FireWeapon
0    25da2 KamikazeRadiusDamage^34
0    25efd KamikazeShockWave^34
0    26085 KamikazeDamage^34
0    2620c G_StartKamikaze
0    2631e G_Suck^35
0    2651e fire_special_grenade
0    26683 fire_special_railgun
0    26907 G_MissileDie
0    2692a rocket_think
0    26a94 fire_special_rocket
0    26caa fire_flame
0    26d82 Weapon_fire_flame
0    26db6 Q_rand
0    26dcb Q_random
0    26ddd Q_crandom
0    26dee VectorCompare
0    26e1c VectorLength
0    26e4d VectorLengthSquared
0    26e77 Distance
0    26eae VectorInverse
0    26ed2 CrossProduct
0    26f2b DirToByte
0    26f86 ByteToDir
0    26fa4 vectoangles
0    27052 ProjectPointOnPlane
0    27109 Q_fabs
0    27119 AngleMod
0    2712f AngleNormalize360
0    2713d AngleNormalize180
0    2715c RadiusFromBounds
0    271b7 AddPointToBounds
0    27234 VectorNormalize
0    2729e VectorNormalize2
0    2731a AngleVectors
0    2740c PerpendicularVector
0    2746e COM_BeginParseSession
0    27483 COM_Parse
0    27492 COM_ParseWarning
0    274b2 SkipWhitespace^37
0    274f1 COM_ParseExt
0    27652 SkipRestOfLine
0    2768c Com_InitSeparators
0    2769e SkipTillSeparators
0    276e1 COM_ParseSep
0    27869 Com_Split
0    27953 Q_strrchr
0    27987 Q_strncpyz
0    279ca Q_stricmpn
0    27a59 Q_strncmp
0    27aaf Q_stricmp
0    27b30 Q_strcat
0    27b5c Q_CleanStr
0    27bbd Com_sprintf
0    27bec va
0    27c1b Q_strkey^37
0    27c5a Info_ValueForKey
0    27d4a Info_RemoveKey^37
0    27df0 Info_Validate
0    27e21 Info_ValidateKeyValue
0    27e5a Info_SetValueForKey
0   4031b8 _stackStart
0   4131b8 _stackEnd
1        4 gameCvarTable^0
1      f38 lastTime
1     1118 VEC_UP^4
1     1124 MOVEDIR_UP^4
1     1130 VEC_DOWN^4
1     113c MOVEDIR_DOWN^4
1     1320 randSeed^8
1     1324 bg_itemlist
1     1db4 bg_numItems
1     1ea0 pm_stopspeed
1     1ea4 pm_duckScale
1     1ea8 pm_swimScale
1     1eac pm_ladderScale
1     1eb0 pm_ladderfriction
1     1eb4 pm_ladderAccelerate
1     1eb8 pm_accelerate
1     1ebc pm_airaccelerate
1     1ec0 pm_wateraccelerate
1     1ec4 pm_flyaccelerate
1     1ec8 pm_friction
1     1ecc pm_waterfriction
1     1ed0 pm_flightfriction
1     1ed4 pm_spectatorfriction
1     1ed8 c_pmove
1     1edc pm_respawntimer^10
1     1f24 offsetFirst^13
1     1f30 offsetSecond^13
1     1f3c offsetThird^13
1     1f48 playerMins
1     1f54 playerMaxs
1     1f90 gc_orders^16
1     1fac voteCommands^16
1     1fdc modNames
1     20b4 PORTAL_SIZE^21
1     20f4 fields
1     2208 spawns
1     244c num_target_execs
1     2488 remapCount
1     24e8 vec3_origin
1     24f4 bytedirs
2     616b ctfFlagStatusRemap^30
2     6170 oneFlagStatusRemap^30
2     65fc locase
3      f00 trap_GetValue
3      f04 mapnamesModificationCounts
3      f2c mapnames
3     19cc g_clients
3    329cc svf_self_portal2
3    329d0 wp_flameRadius
3    32ae0 wp_flameSplash
3    32bf0 wp_flameDamage
3    32d00 wp_flameCycle
3    32e10 wp_grappleTime
3    32f20 wp_grappleSpeed
3    33030 wp_grappleDamage
3    33140 wp_grappleCycle
3    33250 wp_grapplePull
3    33360 wp_portalTime
3    33470 wp_portalSpeed
3    33580 wp_portalRadius
3    33690 wp_portalSplash
3    337a0 wp_portalDamage
3    338b0 wp_portalCycle
3    339c0 wp_flameEnable
3    33ad0 g_altGrapple
3    33be0 wp_grappleEnable
3    33cf0 g_altPortal
3    33e00 wp_portalEnable
3    33f10 wp_bfgTime
3    34020 wp_bfgSpeed
3    34130 wp_bfgRadius
3    34240 wp_bfgSplash
3    34350 wp_bfgDamage
3    34460 wp_bfgCycle
3    34570 wp_railDamage
3    34680 wp_railCycle
3    34790 wp_plasmaTime
3    348a0 wp_plasmaSpeed
3    349b0 wp_plasmaRadius
3    34ac0 wp_plasmaSplash
3    34bd0 wp_plasmaDamage
3    34ce0 wp_plasmaCycle
3    34df0 wp_rocketTime
3    34f00 wp_rocketSpeed
3    35010 wp_rocketRadius
3    35120 wp_rocketSplash
3    35230 wp_rocketDamage
3    35340 wp_rocketCycle
3    35450 wp_grenadeTime
3    35560 wp_grenadeSpeed
3    35670 wp_grenadeRadius
3    35780 wp_grenadeSplash
3    35890 wp_grenadeDamage
3    359a0 wp_grenadeCycle
3    35ab0 wp_machineDamageTeam
3    35bc0 wp_machineDamage
3    35cd0 wp_machineCycle
3    35de0 wp_shotgunDamage
3    35ef0 wp_shotgunCycle
3    36000 wp_lightDamage
3    36110 wp_lightCycle
3    36220 wp_gauntDamage
3    36330 wp_gauntCycle
3    36440 wp_gauntEnable
3    36550 wp_rocketAccel
3    36660 wp_rocketVuln
3    36770 wp_rocketBounce
3    36880 wp_plasmaBounce
3    36990 wp_bfgBounce
3    36aa0 wp_rocketHoming
3    36bb0 wp_railBounce
3    36cc0 wp_grenadeVortex
3    36dd0 wp_grenadeCluster
3    36ee0 g_holdMultiple
3    36ff0 g_hordeBlue
3    37100 g_hordeRed
3    37210 g_hordeMode
3    37320 g_supportsWeaponOrder
3    37430 g_bootsGravity
3    37540 g_enableBoots
3    37650 g_enableCloak
3    37760 g_dropWeapon
3    37870 g_wallWalk
3    37980 g_jumpVelocity
3    37a90 g_hasteFactor
3    37ba0 g_thawTime
3    37cb0 g_freezeTag
3    37dc0 g_upsideDown
3    37ed0 g_sideview
3    37fe0 g_thirdPerson
3    380f0 g_birdsEye
3    38200 g_locDamage
3    38310 g_instagib
3    38420 g_hotBFG
3    38530 g_hotRockets
3    38640 g_unholyTrinity
3    38750 g_multigame
3    38860 g_rotation
3    38970 pmove_msec
3    38a80 pmove_fixed
3    38b90 g_smoothClients
3    38ca0 g_predictPVS
3    38db0 g_unlagged
3    38ec0 g_listEntity
3    38fd0 g_allowVote
3    390e0 g_podiumDrop
3    391f0 g_podiumDist
3    39300 g_blood
3    39410 g_motd
3    39520 g_debugAlloc
3    39630 g_debugDamage
3    39740 g_debugMove
3    39850 g_inactivity
3    39960 g_forcerespawn
3    39a70 g_weaponTeamRespawn
3    39b80 g_weaponRespawn
3    39c90 g_quadfactor
3    39da0 g_knockback
3    39eb0 g_gravity
3    39fc0 g_speed
3    3a0d0 g_dedicated
3    3a1e0 g_needpass
3    3a2f0 g_filterBan
3    3a400 g_banIPs
3    3a510 g_password
3    3a620 g_logSync
3    3a730 g_log
3    3a840 g_warmup
3    3a950 g_teamForceBalance
3    3aa60 g_autoJoin
3    3ab70 g_friendlyFire
3    3ac80 g_synchronousClients
3    3ad90 g_capturelimit
3    3aea0 g_timelimit
3    3afb0 g_fraglimit
3    3b0c0 g_dmflags
3    3b1d0 g_maxGameClients
3    3b2e0 g_maxclients
3    3b3f0 g_gametype
3    3b500 g_fps
3    3b610 g_mapname
3    3b720 g_cheats
3    3b830 g_entities
3   30f830 level
3   3126c4 notleader
3   3127c4 nodeswitch
3   314474 numnodeswitches
3   314478 blue_numaltroutegoals
3   31447c blue_altroutegoals
3   31477c red_numaltroutegoals
3   314780 red_altroutegoals
3   314a80 altroutegoals_setup
3   314a84 max_bspmodelindex
3   314a88 lastteleport_time
3   314a8c lastteleport_origin
3   314a98 bot_spSkill
3   314ba8 bot_predictobstacles
3   314cb8 botai_freewaypoints
3   314cbc botai_waypoints
3   317ebc ctf_blueflag
3   317ef4 ctf_redflag
3   317f2c bot_challenge
3   31803c bot_testrchat
3   31814c bot_nochat
3   31825c bot_fastchat
3   31836c bot_rocketjump
3   31847c bot_grapple
3   31858c bot_instagib
3   31869c gametype
3   3196b0 bot_interbreedwrite
3   3197c0 bot_interbreedcycle
3   3198d0 bot_interbreedbots
3   3199e0 bot_interbreedchar
3   319af0 bot_developer
3   319c00 bot_testclusters
3   319d10 bot_testsolid
3   319e20 bot_report
3   319f30 bot_pause
3   31a040 bot_saveroutingcache
3   31a150 bot_memorydump
3   31a260 bot_thinktime
3   31a370 bot_interbreedmatchcount
3   31a374 bot_interbreed
3   31a378 regularupdate_time
3   31a37c numbots
3   31a380 botstates
3   31a480 mapname
3   31a4c0 floattime
3   31a4c4 ctftaskpreferences
3   31aec4 pml
3   31af54 pm
3   31baa8 podium3
3   31baac podium2
3   31bab0 podium1
3   31bab8 bot_minplayers
3   31bbc8 botSpawnQueue^14
3   31bc48 g_arenaInfos^14
3   31cc48 g_numArenas
3   31cc4c g_botInfos^14
3   31dc4c g_numBots^14
3   31dc50 ban_reason^15
3   31e154 itemRegistered
3   31e554 allocPoint^19
3   31e558 memoryPool^19
3   3de558 pushed_p
3   3de55c pushed
3   3e655c numIPFilters^28
3   3e6560 ipFilters^28
3   3e8560 target_execs
3   3e87e0 teamgame
3   3e9918 remappedShaders
3   3edb18 muzzle_origin^34
3   3edb24 muzzle^34
3   3edb30 up^34
3   3edb3c right^34
3   3edb48 forward^34
3   3edb54 s_quadFactor^34
3   3edb58 muzzle_origin^35
3   3edb64 muzzle^35
3   3edb70 up^35
3   3edb7c right^35
3   3edb88 forward^35
3   3edb94 s_quadFactor^35
3   4025b0 is_separator^37
3   4029b0 com_tokenline^37
3   4029b4 com_lines^37
3   4029b8 com_parsename^37
3   402db8 com_token^37
