0 fffffdbf trap_AAS_PredictRoute
0 fffffdc1 trap_BotAddAvoidSpot
0 fffffdc2 trap_BotSetAvoidGoalTime
0 fffffdc3 trap_BotPredictVisiblePosition
0 fffffdc4 trap_BotRemoveFromAvoidGoals
0 fffffdc5 trap_BotGetChatMessage
0 fffffdc6 trap_BotNumInitialChats
0 fffffdc8 trap_BotGetNextCampSpotGoal
0 fffffdc9 trap_BotMutateGoalFuzzyLogic
0 fffffdca trap_BotInterbreedGoalFuzzyLogic
0 fffffdcb trap_GeneticParentsAndChildSelection
0 fffffdcc trap_BotResetWeaponState
0 fffffdcd trap_BotFreeWeaponState
0 fffffdce trap_BotAllocWeaponState
0 fffffdcf trap_BotLoadWeaponWeights
0 fffffdd0 trap_BotGetWeaponInfo
0 fffffdd1 trap_BotChooseBestFightWeapon
0 fffffdd2 trap_BotInitMoveState
0 fffffdd3 trap_BotFreeMoveState
0 fffffdd4 trap_BotAllocMoveState
0 fffffdd5 trap_BotMovementViewTarget
0 fffffdd7 trap_BotResetLastAvoidReach
0 fffffdd8 trap_BotResetAvoidReach
0 fffffdd9 trap_BotMoveInDirection
0 fffffdda trap_BotMoveToGoal
0 fffffddb trap_BotResetMoveState
0 fffffddc trap_BotFreeGoalState
0 fffffddd trap_BotAllocGoalState
0 fffffdde trap_BotSaveGoalFuzzyLogic
0 fffffde0 trap_BotLoadItemWeights
0 fffffde1 trap_BotUpdateEntityItems
0 fffffde4 trap_BotGetLevelItemGoal
0 fffffde5 trap_BotItemGoalInVisButNotVisible
0 fffffde6 trap_BotTouchingGoal
0 fffffde7 trap_BotChooseNBGItem
0 fffffde8 trap_BotChooseLTGItem
0 fffffde9 trap_BotGetSecondGoal
0 fffffdea trap_BotGetTopGoal
0 fffffdeb trap_BotGoalName
0 fffffdec trap_BotDumpGoalStack
0 fffffded trap_BotDumpAvoidGoals
0 fffffdee trap_BotEmptyGoalStack
0 fffffdef trap_BotPopGoal
0 fffffdf0 trap_BotPushGoal
0 fffffdf1 trap_BotResetAvoidGoals
0 fffffdf2 trap_BotResetGoalState
0 fffffdf3 trap_BotSetChatName
0 fffffdf4 trap_BotSetChatGender
0 fffffdf5 trap_BotLoadChatFile
0 fffffdf6 trap_BotReplaceSynonyms
0 fffffdf7 trap_UnifyWhiteSpaces
0 fffffdf8 trap_BotMatchVariable
0 fffffdf9 trap_BotFindMatch
0 fffffdfb trap_BotEnterChat
0 fffffdfd trap_BotReplyChat
0 fffffdfe trap_BotInitialChat
0 fffffdff trap_BotNumConsoleMessages
0 fffffe00 trap_BotNextConsoleMessage
0 fffffe01 trap_BotRemoveConsoleMessage
0 fffffe02 trap_BotQueueConsoleMessage
0 fffffe03 trap_BotFreeChatState
0 fffffe04 trap_BotAllocChatState
0 fffffe05 trap_Characteristic_String
0 fffffe08 trap_Characteristic_BFloat
0 fffffe0a trap_BotFreeCharacter
0 fffffe0b trap_BotLoadCharacter
0 fffffe58 trap_EA_ResetInput
0 fffffe59 trap_EA_GetInput
0 fffffe5b trap_EA_View
0 fffffe5f trap_EA_SelectWeapon
0 fffffe66 trap_EA_Crouch
0 fffffe67 trap_EA_Respawn
0 fffffe68 trap_EA_Use
0 fffffe69 trap_EA_Attack
0 fffffe6a trap_EA_Talk
0 fffffe6b trap_EA_Gesture
0 fffffe6c trap_EA_Action
0 fffffe6d trap_EA_Command
0 fffffe6e trap_EA_SayTeam
0 fffffec1 trap_AAS_PredictClientMovement
0 fffffec2 trap_AAS_Swimming
0 fffffec3 trap_AAS_AreaTravelTimeToGoalArea
0 fffffec4 trap_AAS_AreaReachability
0 fffffec5 trap_AAS_IntForBSPEpairKey
0 fffffec6 trap_AAS_FloatForBSPEpairKey
0 fffffec7 trap_AAS_VectorForBSPEpairKey
0 fffffec8 trap_AAS_ValueForBSPEpairKey
0 fffffec9 trap_AAS_NextBSPEntity
0 fffffeca trap_AAS_PointContents
0 fffffecb trap_AAS_TraceAreas
0 fffffecc trap_AAS_PointAreaNum
0 fffffecd trap_AAS_Time
0 fffffece trap_AAS_PresenceTypeBoundingBox
0 fffffecf trap_AAS_Initialized
0 fffffed0 trap_AAS_EntityInfo
0 fffffed1 trap_AAS_AreaInfo
0 fffffed2 trap_AAS_BBoxAreas
0 fffffed3 trap_AAS_EnableRoutingArea
0 ffffff2c trap_BotUserCommand
0 ffffff2d trap_BotGetServerCommand
0 ffffff2e trap_BotGetSnapshotEntity
0 ffffff30 trap_BotLibUpdateEntity
0 ffffff31 trap_BotLibLoadMap
0 ffffff32 trap_BotLibStartFrame
0 ffffff35 trap_BotLibVarSet
0 ffffff36 trap_BotLibShutdown
0 ffffff37 trap_BotLibSetup
0 ffffff90 ceil
0 ffffff91 floor
0 ffffff95 sqrt
0 ffffff96 atan2
0 ffffff97 cos
0 ffffff98 sin
0 ffffff99 strncpy
0 ffffff9a memcpy
0 ffffff9b memset
0 ffffffd5 trap_SnapVector
0 ffffffd9 trap_FS_GetFileList
0 ffffffda trap_GetEntityToken
0 ffffffdb trap_GetUsercmd
0 ffffffdd trap_BotAllocateClient
0 ffffffde trap_EntityContact
0 ffffffdf trap_EntitiesInBox
0 ffffffe0 trap_UnlinkEntity
0 ffffffe1 trap_LinkEntity
0 ffffffe3 trap_AdjustAreaPortalState
0 ffffffe5 trap_InPVS
0 ffffffe6 trap_PointContents
0 ffffffe7 trap_Trace
0 ffffffe8 trap_SetBrushModel
0 ffffffe9 trap_GetServerinfo
0 ffffffea trap_SetUserinfo
0 ffffffeb trap_GetUserinfo
0 ffffffec trap_GetConfigstring
0 ffffffed trap_SetConfigstring
0 ffffffee trap_SendServerCommand
0 ffffffef trap_DropClient
0 fffffff0 trap_LocateGameData
0 fffffff1 trap_SendConsoleCommand
0 fffffff2 trap_FS_FCloseFile
0 fffffff3 trap_FS_Write
0 fffffff4 trap_FS_Read
0 fffffff5 trap_FS_FOpenFile
0 fffffff6 trap_Argv
0 fffffff7 trap_Argc
0 fffffff8 trap_Cvar_VariableStringBuffer
0 fffffff9 trap_Cvar_VariableIntegerValue
0 fffffffa trap_Cvar_Set
0 fffffffb trap_Cvar_Update
0 fffffffc trap_Cvar_Register
0 fffffffd trap_Milliseconds
0 fffffffe trap_Error
0 ffffffff trap_Print
0        0 vmMain
0       96 G_Printf
0       b7 G_BroadcastServerCommand
0       ee G_Error
0      107 G_FindTeams
0      1fc G_RemapTeamShaders
0      1ff G_RegisterCvars
0      293 UpdateGameType
0      4e7 G_UpdateCvars^0
0      576 G_LocateSpawnSpots^0
0      70f G_InitGame^0
0      8cb G_ShutdownGame^0
0      8fd Com_Error
0      916 Com_Printf
0      92f AddTournamentPlayer
0      9a9 RemoveTournamentLoser
0      9d0 AdjustTournamentScores
0      a25 SortRanks^0
0      ae0 CalculateRanks
0      d61 SendScoreboardMessageToAllClients^0
0      d8a MoveClientToIntermission
0      e15 FindIntermissionPoint
0      e84 BeginIntermission
0      edc ExitLevel
0      f89 G_LogPrintf
0     1001 LogExit
0     1093 CheckIntermissionExit
0     1167 ScoreIsTied^0
0     11b4 CheckExitRules^0
0     12aa ClearBodyQue^0
0     12dd G_WarmupEnd^0
0     14d5 CheckTournament^0
0     15fa CheckVote^0
0     165f PrintTeam^0
0     16a0 SetLeader
0     1760 CheckTeamLeader
0     1832 CheckTeamVote^0
0     18e7 CheckCvars
0     1914 G_RunThink
0     194d InitHoards^0
0     1a12 G_RunFrame^0
0     1bcd BotNumActivePlayers^1
0     1c22 BotIsFirstInRankings
0     1c85 BotIsLastInRankings
0     1ce8 BotFirstClientInRankings
0     1d58 BotLastClientInRankings
0     1dc8 BotRandomOpponentName
0     1e8f BotMapTitle^1
0     1e94 BotWeaponNameForMeansOfDeath
0     1ee9 BotRandomWeaponName
0     1f30 BotVisibleEnemies
0     1fbd BotValidChatPosition
0     2085 BotChat_EnterGame
0     213f BotChat_ExitGame
0     21ea BotChat_StartLevel
0     228a BotChat_EndLevel
0     23cd BotChat_Death
0     2646 BotChat_Kill
0     279a BotChat_EnemySuicide
0     2857 BotChat_HitTalking
0     2947 BotChat_HitNoDeath
0     2a54 BotChat_HitNoKill
0     2b35 BotChat_Random
0     2cbc BotChatTime
0     2cc1 BotChatTest
0     34e9 BotGetItemTeamGoal
0     3530 BotGetMessageTeamGoal
0     356d BotGetTime
0     35ec FindClientByName
0     364d FindEnemyByName
0     36d2 NumPlayersOnSameTeam
0     3716 BotGetPatrolWaypoints
0     3844 BotAddressedToBot
0     3965 BotMatch_HelpAccompany
0     3ba2 BotMatch_DefendKeyArea
0     3c5c BotMatch_GetItem
0     3cf8 BotMatch_Camp
0     3eb9 BotMatch_Patrol
0     3f5d BotMatch_GetFlag
0     3ff0 BotMatch_RushBase
0     406f BotMatch_TaskPreference
0     4130 BotMatch_ReturnFlag
0     41a7 BotMatch_JoinSubteam
0     4214 BotMatch_LeaveSubteam
0     427f BotMatch_WhichTeam
0     42d9 BotMatch_CheckPoint
0     4433 BotMatch_FormationSpace
0     4495 BotMatch_Dismiss
0     44fd BotMatch_Suicide
0     4540 BotMatch_StartTeamLeaderShip
0     4597 BotMatch_StopTeamLeaderShip
0     4608 BotMatch_WhoIsTeamLeader
0     463c BotMatch_WhatAreYouDoing
0     475b BotMatch_WhatIsMyCommand
0     4786 BotNearestVisibleItem
0     481e BotMatch_WhereAreYou
0     494c BotMatch_LeadTheWay
0     4aaa BotMatch_Kill
0     4b4b BotMatch_CTF
0     4c24 BotMatch_EnterGame
0     4c49 BotMatch_NewLeader
0     4c82 BotMatchMessage
0     4de6 BotResetNodeSwitches
0     4dec BotDumpNodeSwitches
0     4e2f BotRecordNodeSwitch
0     4e66 BotGetAirGoal
0     4f23 BotGoForAir
0     4fa0 BotNearbyGoal
0     500c BotReachedGoal
0     510d BotGetItemLongTermGoal
0     51a4 BotGetLongTermGoal
0     5f8f BotLongTermGoal
0     61f3 AIEnter_Intermission
0     622f AINode_Intermission
0     6272 AIEnter_Observer
0     6292 AINode_Observer
0     62aa AIEnter_Stand
0     62cd AINode_Stand
0     636a AIEnter_Respawn
0     63ee AINode_Respawn
0     646d BotSelectActivateWeapon
0     650e BotClearPath
0     674a AIEnter_Seek_ActivateEntity
0     6760 AINode_Seek_ActivateEntity
0     6b7e AIEnter_Seek_NBG
0     6bc1 AINode_Seek_NBG
0     6e3b AIEnter_Seek_LTG
0     6e7e AINode_Seek_LTG
0     71c9 AIEnter_Battle_Fight
0     71fa AIEnter_Battle_SuicidalFight
0     722b AINode_Battle_Fight
0     7510 AIEnter_Battle_Chase
0     7531 AINode_Battle_Chase
0     77db AIEnter_Battle_Retreat
0     77f1 AINode_Battle_Retreat
0     7aef AIEnter_Battle_NBG
0     7b05 AINode_Battle_NBG
0     7d88 BotSetUserInfo^4
0     7dbb BotCTFCarryingFlag
0     7dde BotTeam
0     7e36 BotOppositeTeam
0     7e58 BotEnemyFlag
0     7e6c BotTeamFlag
0     7e80 EntityIsDead
0     7eaa EntityCarriesFlag
0     7ec9 EntityIsInvisible
0     7eea EntityIsShooting
0     7efc EntityIsChatting
0     7f0e BotRememberLastOrderedTask
0     7f4b BotSetTeamStatus
0     7f4e BotSetLastOrderedTask
0     8042 BotRefuseOrder
0     8074 BotCTFSeekGoals
0     85b6 BotCTFRetreatGoals
0     8600 BotTeamGoals
0     8623 BotPointAreaNum
0     8666 ClientName
0     86b1 ClientFromName
0     86f6 ClientOnSameTeamFromName
0     874f stristr
0     87b4 EasyClientName
0     8918 BotSynonymContext
0     893e BotChooseWeapon
0     89a5 BotSetupForMovement
0     8a5b BotCheckItemPickup
0     8a5e BotUpdateInventory
0     8d0f BotUpdateBattleInventory
0     8d55 BotBattleUseItems
0     8d95 BotSetTeleportTime
0     8dbc BotIsDead
0     8dd1 BotIsObserver
0     8e07 BotIntermission
0     8e2f BotInLavaOrSlime
0     8e49 BotCreateWayPoint
0     8ea7 BotFindWayPoint
0     8ed6 BotFreeWaypoints
0     8ef9 BotInitWaypoints
0     8f1d TeamPlayIsOn
0     8f2f BotAggression
0     900a BotWantsToRetreat
0     9060 BotWantsToChase
0     90af BotCanAndWantsToRocketJump
0     911a BotHasPersistantPowerupAndWeapon
0     91d0 BotGoCamp
0     924a BotWantsToCamp
0     937c BotDontAvoid
0     93b8 BotGoForPowerups
0     93ed BotRoamGoal
0     9573 BotAttackMove
0     985b BotSameTeam
0     988d InFieldOfVision
0     991c BotEntityVisible
0     9b63 BotFindEnemy
0     9de2 BotTeamFlagCarrierVisible
0     9e57 BotEnemyFlagCarrierVisible
0     9ecc BotAimAtEnemy
0     a678 BotCheckAttack
0     a8f8 BotMapScripts
0     aaa9 BotSetMovedir
0     aadf BotModelMinsMaxs
0     abcf BotFuncButtonActivateGoal
0     b0d8 BotFuncDoorActivateGoal
0     b198 BotTriggerMultipleActivateGoal
0     b2cd BotPopFromActivateGoalStack
0     b30a BotPushOntoActivateGoalStack
0     b39a BotClearActivateGoalStack
0     b3b0 BotEnableActivateGoalAreas
0     b408 BotIsGoingToActivateEntity
0     b47e BotGetActivateGoal
0     b8fe BotGoForActivateGoal
0     b955 BotRandomMove
0     b98f BotAIBlocked
0     bb2a BotAIPredictObstacles
0     bc1a BotCheckConsoleMessages
0     be0f BotCheckForGrenades
0     be38 BotCheckEvents
0     c057 BotCheckSnapshot
0     c0c6 BotCheckAir
0     c0e8 BotAlternateRoute
0     c14b BotGetAlternateRouteGoal
0     c1ea BotSetupAlternativeRouteGoals
0     c1f6 BotDeathmatchAI
0     c3e9 BotSetupDeathmatchAI
0     c4d3 BotAI_Print
0     c52d BotAI_Trace
0     c5a6 BotAI_GetClientState
0     c5d7 BotAI_GetEntityState
0     c646 BotAI_GetSnapshotEntity
0     c677 BotAI_BotInitialChat
0     c6f9 BotTestAAS
0     c770 BotSetInfoConfigString
0     c8dd BotUpdateInfoConfigStrings
0     c936 BotInterbreedBots
0     ca13 BotWriteInterbreeded
0     ca87 BotInterbreedEndMatch
0     cac2 BotInterbreeding
0     cb62 BotEntityInfo
0     cb6e NumBots
0     cb74 BotTeamLeader
0     cbaa AngleDifference
0     cbda BotChangeViewAngle
0     cc4e BotChangeViewAngles
0     ce55 BotInputToUserCommand
0     d15d BotUpdateInput
0     d214 BotAIRegularUpdate
0     d225 RemoveColorEscapeSequences
0     d294 BotAI
0     d4d1 BotScheduleBotThink
0     d516 BotWriteSessionData
0     d5a6 BotReadSessionData
0     d623 BotAISetupClient
0     d86c BotAIShutdownClient
0     d90b BotResetState
0     da28 BotAILoadMap
0     da90 BotAIStartFrame
0     de28 BotInitLibrary
0     dfb7 BotAISetup
0     e061 BotAIShutdown
0     e0ac BotValidTeamLeader
0     e0d3 BotNumTeamMates
0     e13a BotClientTravelTimeToGoal
0     e16b BotSortTeamMatesByBaseTravelTime
0     e26d BotSetTeamMateTaskPreference
0     e293 BotGetTeamMateTaskPreference
0     e2ce BotSortTeamMatesByTaskPreference
0     e3bc BotSayTeamOrderAlways
0     e40f BotSayTeamOrder
0     e41b BotCTFOrders_BothFlagsNotAtBase
0     e666 BotCTFOrders_FlagNotAtBase
0     e936 BotCTFOrders_EnemyFlagNotAtBase
0     eb3d BotCTFOrders_BothFlagsAtBase
0     ee08 BotCTFOrders
0     ee6c BotCreateGroup
0     eeda BotTeamOrders
0     efb6 FindHumanTeamLeader
0     f01e BotTeamAI
0     f215 BotVoiceChat_Defend
0     f299 swapfunc^8
0     f320 med3^8
0     f3b3 qsort
0     f766 strlen
0     f781 strcat
0     f7bb strcpy
0     f7e7 strcmp
0     f823 strchr
0     f853 strstr
0     f8a1 tolower
0     f8b9 toupper
0     f8d1 memmove
0     f924 srand
0     f92b rand
0     f941 atof
0     fa02 atoi
0     fa7a abs
0     fa93 fabs
0     faac BG_FindItemForHealth
0     fae3 BG_FindItemForAmmo
0     fb1a BG_FindItemForPowerup
0     fb61 BG_FindItemForWeapon
0     fb8e BG_FindAmmoForWeapon
0     fbbb BG_FindItem
0     fbea BG_PlayerTouchesItem
0     fc44 BG_CanItemBeGrabbed
0     fd81 BG_EvaluateTrajectory
0     ffbb BG_EvaluateTrajectoryDelta
0    10113 BG_AddPredictableEventToPlayerstate
0    1014a BG_TouchJumpPad
0    101dc BG_PlayerStateToEntityState
0    103c1 BG_CleanName
0    104cc Q_strcpy
0    104fc Q_stradd
0    1052f Q_strlen
0    1054e AddInt^9
0    10629 AddFloat^9
0    1073e AddString^9
0    107d0 ED_vsprintf
0    109c0 BG_sprintf
0    109dd _atoi^9
0    10a4d _atof^9
0    10b05 _atos^9
0    10b8b Q_sscanf
0    10cca PM_AddEvent
0    10cdb PM_AddTouchEnt
0    10d34 PM_StartTorsoAnim^10
0    10d7e PM_StartLegsAnim^10
0    10dd2 PM_ContinueLegsAnim^10
0    10df2 PM_ContinueTorsoAnim^10
0    10e12 PM_ForceLegsAnim^10
0    10e22 PM_ClipVelocity
0    10e93 PM_Friction^10
0    10fa7 PM_Accelerate^10
0    11021 PM_CmdScale^10
0    110c5 PM_SetMovementDir^10
0    111e4 PM_CheckJump^10
0    11295 PM_CheckWaterJump^10
0    11379 PM_WaterJumpMove^10
0    113ba PM_WaterMove^10
0    114f3 PM_FlyMove^10
0    1157e PM_AirMove^10
0    1163b PM_GrappleMove^10
0    116e9 PM_WalkMove^10
0    118fd PM_DeadMove^10
0    11974 PM_NoclipMove^10
0    11acc PM_FootstepForSurface^10
0    11ae5 PM_CrashLand^10
0    11be6 PM_CorrectAllSolid^10
0    11cd5 PM_GroundTraceMissed^10
0    11d6e PM_GroundTrace^10
0    11ee3 PM_SetWaterLevel^10
0    11fb8 PM_CheckDuck^10
0    12107 PM_Footsteps^10
0    12254 PM_WaterEvents^10
0    12297 PM_BeginWeaponChange^10
0    122f2 PM_FinishWeaponChange^10
0    12363 PM_TorsoAnimation^10
0    12382 PM_Weapon^10
0    12677 PM_Animate^10
0    1269c PM_DropTimers^10
0    12726 PM_UpdateViewAngles
0    127d4 PM_LadderMove^10
0    12900 CheckLadder^10
0    12973 PmoveSingle
0    12f25 Pmove
0    12fc4 PM_SlideMove
0    133b0 PM_StepSlideMove
0    1353c P_DamageFeedback
0    135f7 P_WorldEffects
0    13727 G_SetClientSound
0    13753 ClientImpacts
0    137ef G_ListPortals
0    13a8a G_TouchTriggers
0    13c45 SpectatorThink
0    13d56 ClientInactivityTimer
0    13ded ClientTimerActions
0    14069 ClientIntermissionThink
0    14137 ClientEvents
0    1434f SendPendingPredictableEvents
0    143f2 ClientThink_real
0    14b00 ClientThink
0    14b7f G_RunClient
0    14ba5 SpectatorClientEndFrame
0    14c7d ClientEndFrame
0    14e73 UpdateTournamentInfo
0    14fbd SpawnModelOnVictoryPad^13
0    1518a CelebrateStop^13
0    151b1 CelebrateStart^13
0    151e1 PodiumPlacementThink^13
0    15464 SpawnPodium^13
0    1553c SpawnModelsOnVictoryPads
0    155de Svcmd_AbortPodium_f
0    155f8 trap_Cvar_VariableValue
0    1560e G_ParseInfos
0    15704 G_LoadArenasFromFile^14
0    15784 G_LoadArenas^14
0    15829 G_GetArenaInfoByMap
0    15868 PlayerIntroSound^14
0    158b9 G_AddRandomBot
0    15a3c G_RemoveRandomBot
0    15aa5 G_CountHumanPlayers^14
0    15af5 G_CountBotPlayers^14
0    15b6f G_CheckMinimumPlayers
0    15cac G_CheckBotSpawn
0    15d0a AddBotToSpawnQueue^14
0    15d4d G_RemoveQueuedBotBegin
0    15d75 G_BotConnect
0    15dd7 G_AddBot
0    1601e Svcmd_AddBot_f
0    160c5 Svcmd_BotList_f
0    16181 G_SpawnBots^14
0    1622d G_LoadBotsFromFile^14
0    162ad G_LoadBots^14
0    16339 G_GetBotInfoByName
0    1637c G_InitBots
0    1644d SP_info_player_deathmatch
0    16486 SP_info_player_start
0    16495 SP_info_player_intermission
0    16498 SpotWouldTelefrag
0    16515 SelectRandomFurthestSpawnPoint^15
0    166b8 SelectSpawnPoint
0    166ce SelectInitialSpawnPoint
0    16746 SelectSpectatorSpawnPoint
0    16757 InitBodyQue
0    16787 BodySink
0    167bd CopyToBodyQue
0    16938 SetClientViewAngle
0    1698d respawn
0    169e6 TeamCount
0    16a2f TeamConnectedCount
0    16a78 TeamLeader
0    16abd PickTeam
0    16af7 ClientUserinfoChanged
0    16ef6 ClientConnect
0    170ce ClientBegin
0    171cf ClientSpawn
0    17831 ClientDisconnect
0    17969 DeathmatchScoreboardMessage
0    17aa1 Cmd_Score_f
0    17aaa CheatsOk
0    17ada ConcatArgs
0    17b45 SanitizeString
0    17b92 ClientNumberFromString
0    17c5e Cmd_Give_f
0    17ebb Cmd_God_f
0    17f04 Cmd_Notarget_f
0    17f4d Cmd_Noclip_f
0    17fa5 Cmd_LevelShot_f
0    17ff2 Cmd_TeamTask_f
0    18049 Cmd_Kill_f
0    18097 BroadcastTeamChange
0    1811d AllowTeamSwitch^16
0    1816e SetTeam
0    18446 StopFollowing
0    184bd Cmd_Team_f^16
0    18578 Cmd_Follow_f^16
0    18618 Cmd_FollowCycle_f
0    186c2 G_SayTo^16
0    18753 G_Say^16
0    188b9 Cmd_Say_f^16
0    188f2 Cmd_Tell_f^16
0    18981 Cmd_GameCommand_f
0    189e4 Cmd_Where_f
0    18a06 ValidVoteCommand^16
0    18b91 Cmd_CallVote_f
0    18d8e Cmd_Vote_f^16
0    18e5a G_RevertVote
0    18f7c Cmd_CallTeamVote_f^16
0    192ed Cmd_TeamVote_f^16
0    193f1 Cmd_SetViewpos_f^16
0    1946a Cmd_DropFlag_f
0    194ed Cmd_DropPowerup_f
0    19568 Cmd_DropItem_f
0    19599 Cmd_DropAmmo_f
0    19607 Cmd_DropHealth_f
0    19655 Cmd_Drop_f
0    198ce Cmd_RBounce_f
0    19918 Cmd_Cloak_f
0    1997d Cmd_Boots_f
0    199cc Cmd_Stats_f^16
0    199cf ClientCommand
0    19dd5 ScorePlum
0    19e0a AddScore
0    19e57 TossClientItems
0    19f91 LookAtKiller
0    1a02d GibEntity
0    1a051 body_die
0    1a071 CheckAlmostCapture
0    1a150 CheckAlmostScored
0    1a1ed player_pain
0    1a258 CheckFrozen
0    1a3bf player_frozen
0    1a482 player_die
0    1a920 CheckArmor
0    1a97d RaySphereIntersections
0    1aaf5 G_InvulnerabilityEffect
0    1abaf G_LocationDamage
0    1ae20 G_Damage
0    1b2e2 CanDamage
0    1b4a2 G_RadiusDamage
0    1b63b G_WaterRadiusDamage
0    1b7de SpawnTime
0    1b894 Pickup_Powerup
0    1b9e1 Pickup_Holdable
0    1ba01 Add_Ammo^18
0    1ba6f Pickup_Ammo^18
0    1baae Pickup_Weapon^18
0    1bb9e Pickup_Health^18
0    1bc92 Pickup_Armor
0    1bce2 RespawnItem
0    1bdeb Touch_Item
0    1c103 LaunchItem
0    1c23c Drop_Item
0    1c295 Use_Item
0    1c29e FinishSpawningItem
0    1c3c3 G_CheckTeamItems
0    1c415 ClearRegisteredItems
0    1c47d RegisterItem
0    1c495 SaveRegisteredItems
0    1c4dd G_ItemDisabled
0    1c4f6 G_SpawnItem
0    1c5a6 G_BounceItem
0    1c6ee G_RunItem
0    1c7bb G_Alloc
0    1c80a G_InitMemory
0    1c810 Svcmd_GameMem_f
0    1c81d SP_info_camp
0    1c82f SP_info_null
0    1c838 SP_info_notnull
0    1c84a SP_light
0    1c853 Use_Shooter
0    1c967 InitShooter_Finish^20
0    1c98b InitShooter
0    1c9f5 SP_shooter_rocket
0    1ca00 SP_shooter_plasma
0    1ca0b SP_shooter_grenade
0    1ca16 fire_portal
0    1cb4d TeleportPlayer_real^21
0    1cf1d TeleportPlayer
0    1cf30 SP_misc_teleporter_dest
0    1cf60 SP_misc_model
0    1cf69 locateCamera
0    1d04f SP_misc_portal_surface
0    1d0ad SP_misc_portal_camera
0    1d0f1 PortalDestroy
0    1d15d PortalDie^21
0    1d166 PortalTouch^21
0    1d300 PortalEnable^21
0    1d478 DropPortalDestination
0    1d694 DropPortalSource
0    1d895 G_BounceMissile
0    1d9ad G_ExplodeMissile
0    1dad5 ProximityMine_Explode^22
0    1daf8 ProximityMine_Die^22
0    1db0a ProximityMine_Trigger
0    1dba8 ProximityMine_Activate^22
0    1dc4c ProximityMine_ExplodeOnPlayer^22
0    1dcd2 ProximityMine_Player^22
0    1ddaa G_MissileImpact
0    1e248 G_RunMissile
0    1e376 fire_plasma
0    1e4b7 fire_grenade
0    1e5d3 fire_bfg
0    1e72b fire_rocket
0    1e886 fire_grapple
0    1e9ae fire_nail
0    1eb69 fire_prox
0    1ec6f G_TestEntityPosition
0    1ece7 G_CreateRotationMatrix
0    1ed09 G_TransposeMatrix
0    1ed48 G_RotatePoint
0    1edb0 G_TryPushingEntity
0    1f02f G_MoverPush
0    1f317 G_MoverTeam
0    1f470 G_RunMover
0    1f49c SetMoverState
0    1f6b4 MatchTeam
0    1f6dc ReturnToPos1
0    1f70d ReturnToApos1
0    1f73e Reached_BinaryMover
0    1f884 Use_BinaryMover
0    1fa96 InitMover
0    1fc01 InitRotator
0    1fd6c Blocked_Door
0    1fde1 Touch_DoorTriggerSpectator^23
0    1fe7e Touch_DoorTrigger
0    1fef3 Think_SpawnNewDoorTrigger
0    1ffeb Think_MatchTeam
0    20001 SP_func_door_rotating
0    20207 SP_func_door
0    203ca Touch_Plat
0    203f4 Touch_PlatCenterTrigger
0    2041d SpawnPlatTrigger
0    204ef SP_func_plat
0    205d4 Touch_Button
0    205f7 SP_func_button
0    20719 Think_BeginMoving
0    20729 Reached_Train
0    20800 Think_SetupTrainTargets
0    208b7 SP_path_corner
0    208d8 SP_func_train
0    20963 SP_func_static
0    2098e SP_func_rotating
0    20a1c SP_func_bobbing
0    20abe SP_func_pendulum
0    20b67 G_MapExist
0    20bb1 G_LoadMap
0    20c5f ParseMapRotation
0    20e1f G_WriteClientSessionData
0    20e75 G_ReadClientSessionData
0    20edb G_ClearClientSessionData
0    20ef8 G_InitSessionData
0    20fe4 G_InitWorldSession
0    2100c G_WriteSessionData
0    21047 G_SpawnString
0    21093 G_SpawnFloat
0    210b5 G_SpawnInt
0    210d7 G_SpawnVector
0    21106 SP_item_botroam
0    21109 G_CallSpawn
0    2118c G_NewString
0    21214 G_ParseField
0    212fa G_SpawnGEntityFromSpawnVars
0    21452 G_AddSpawnVarToken
0    21493 G_ParseSpawnVars
0    21523 SP_worldspawn
0    21601 G_SpawnEntitiesFromString
0    2162a StringToFilter^27
0    216f1 UpdateIPBans^27
0    2179e G_FilterPacket
0    21847 AddIP^27
0    2189d G_ProcessIPBans
0    218f3 Svcmd_AddIP_f
0    21913 Svcmd_RemoveIP_f
0    21979 Svcmd_EntityList_f
0    21a33 ClientForString
0    21ace Svcmd_ForceTeam_f
0    21b13 Svcmd_Freeze_f
0    21bf5 Svcmd_Rotate_f
0    21c4c ConsoleCommand
0    21dd5 Use_Target_Give
0    21e3d SP_target_give
0    21e46 Use_target_remove_powerups
0    21e96 SP_target_remove_powerups
0    21e9f Think_Target_Delay
0    21eb2 Use_Target_Delay
0    21eed SP_target_delay
0    21f24 Use_Target_Score
0    21f42 SP_target_score
0    21f58 Use_Target_Print
0    21feb SP_target_print
0    21ff4 Use_Target_Speaker
0    22063 SP_target_speaker
0    22158 target_laser_think
0    22281 target_laser_on
0    2229c target_laser_off
0    222ab target_laser_use
0    222ce target_laser_start
0    2235b SP_target_laser
0    2236d target_teleporter_use
0    223aa SP_target_teleporter
0    223d5 target_relay_use
0    22465 SP_target_relay
0    2246e target_kill_use
0    2248b SP_target_kill
0    22494 SP_target_position
0    224a6 target_location_linkup^28
0    22519 SP_target_location
0    2253a target_use_exec
0    2257f SP_target_exec
0    225c3 target_earthquake
0    225d8 SP_target_earthquake
0    2263f target_player_stop
0    22663 SP_target_player_stop
0    226a0 Team_InitGame
0    226c6 OtherTeam
0    226dc TeamName
0    226f9 PrintMsg
0    2274f AddTeamScore
0    2283a OnSameTeam
0    2286e Team_SetFlagStatus^29
0    228df Team_CheckDroppedItem
0    22919 Team_ForceGesture^29
0    22965 Team_FragBonuses
0    22e66 Team_CheckHurtCarrier
0    22ee4 Team_ResetFlag^29
0    22f4e Team_ResetFlags
0    22f5f Team_ReturnFlagSound^29
0    22f9c Team_TakeFlagSound^29
0    2300b Team_CaptureFlagSound^29
0    23048 Team_ReturnFlag
0    2307d Team_FreeEntity
0    230b1 Team_DroppedFlagThink
0    230f2 Team_TouchOurFlag^29
0    23356 Team_TouchEnemyFlag^29
0    233aa Pickup_Team
0    23418 Team_GetLocation
0    23496 Team_GetLocationMsg
0    234fd SelectRandomTeamSpawnPoint
0    235b4 SelectCTFSpawnPoint
0    235ff SortClients^29
0    2360a TeamplayInfoMessage
0    23741 CheckTeamStatus
0    237fa SP_team_CTF_redplayer
0    237fd SP_team_CTF_blueplayer
0    23800 SP_team_CTF_redspawn
0    23803 SP_team_CTF_bluespawn
0    23806 InitTrigger
0    23841 multi_wait
0    2384a multi_trigger
0    238ed Use_Multi
0    238f9 Touch_Multi
0    2390e SP_trigger_multiple
0    23968 trigger_always_think
0    2397e SP_trigger_always
0    23990 trigger_push_touch
0    239bf AimAtTarget
0    23ab5 SP_trigger_push
0    23af6 Use_target_push
0    23b71 SP_target_push
0    23c15 trigger_teleporter_touch
0    23c6f SP_trigger_teleport
0    23cba hurt_use
0    23cd2 hurt_touch
0    23d88 SP_trigger_hurt
0    23dd9 func_timer_think
0    23e13 func_timer_use
0    23e36 SP_func_timer
0    23ea8 AddRemap
0    23f23 BuildShaderStateConfig
0    23f69 G_FindConfigstringIndex
0    23fdd G_ModelIndex
0    23ff0 G_SoundIndex
0    24003 G_TeamCommand
0    2403c G_Find
0    2409b G_PickTarget
0    24107 G_UseTargets
0    2419d vtos
0    241dd G_SetMovedir
0    24227 vectoyaw
0    24276 G_InitGentity
0    2429e G_Spawn
0    24345 G_FreeEntity
0    24378 G_TempEntity
0    243c6 G_KillBox
0    24479 G_AddPredictableEvent
0    24496 G_AddEvent
0    24512 G_Sound
0    2452b G_SetOrigin
0    24564 G_ResetHistory
0    245d8 G_StoreHistory
0    24644 TimeShiftLerp^32
0    2469d G_TimeShiftClient
0    247ed G_TimeShiftAllClients
0    24847 G_DoTimeShiftFor
0    2488d G_UnTimeShiftClient
0    248d2 G_UnTimeShiftAllClients
0    24928 G_UndoTimeShiftFor
0    2494e G_PredictPlayerClipVelocity^32
0    249c6 G_PredictPlayerSlideMove
0    24ca1 G_PredictPlayerStepSlideMove
0    24d56 G_PredictPlayerMove
0    24d62 CalcMuzzlePointOrigin
0    24dc1 G_BounceProjectile
0    24e6e Weapon_Gauntlet
0    24e71 CheckGauntletAttack
0    24f6a SnapVectorTowards
0    25000 Bullet_Fire^33
0    25209 BFG_Fire
0    25261 ShotgunPellet^33
0    2532e ShotgunPattern^33
0    2540b weapon_supershotgun_fire^33
0    25481 weapon_grenadelauncher_fire
0    254dc Weapon_RocketLauncher_Fire
0    255b4 Weapon_Plasmagun_Fire
0    255e8 weapon_railgun_fire
0    258e6 Weapon_GrapplingHook_Fire
0    25914 Weapon_HookFree
0    25941 Weapon_HookThink
0    259cd Weapon_LightningFire
0    25c48 Weapon_Nailgun_Fire
0    25c91 weapon_proxlauncher_fire
0    25cd5 dropWeapon
0    25d4a ThrowWeapon
0    25e2b Laser_Think
0    25f00 Laser_Gen
0    25f8e LogAccuracyHit
0    25fe5 FireWeapon
0    26139 G_Suck^34
0    26339 fire_special_grenade
0    2649e fire_special_railgun
0    26722 G_MissileDie
0    26745 rocket_think
0    268af fire_special_rocket
0    26ac5 fire_flame
0    26b9d Weapon_fire_flame
0    26bd1 Q_rand
0    26be6 Q_random
0    26bf8 Q_crandom
0    26c09 VectorCompare
0    26c37 VectorLength
0    26c68 VectorLengthSquared
0    26c92 Distance
0    26cc9 VectorInverse
0    26ced CrossProduct
0    26d46 DirToByte
0    26da1 ByteToDir
0    26dbf vectoangles
0    26e6d ProjectPointOnPlane
0    26f24 Q_fabs
0    26f34 AngleMod
0    26f4a AngleNormalize360
0    26f58 AngleNormalize180
0    26f77 RadiusFromBounds
0    26fd2 AddPointToBounds
0    2704f VectorNormalize
0    270b9 VectorNormalize2
0    27135 AngleVectors
0    27227 PerpendicularVector
0    27289 COM_BeginParseSession
0    2729e COM_Parse
0    272ad COM_ParseWarning
0    272cd SkipWhitespace^36
0    2730c COM_ParseExt
0    2746d SkipRestOfLine
0    274a7 Com_InitSeparators
0    274b9 SkipTillSeparators
0    274fc COM_ParseSep
0    27684 Com_Split
0    2776e Q_strrchr
0    277a2 Q_strncpyz
0    277e5 Q_stricmpn
0    27874 Q_strncmp
0    278ca Q_stricmp
0    2794b Q_strcat
0    27977 Q_CleanStr
0    279d8 Com_sprintf
0    27a07 va
0    27a36 Q_strkey^36
0    27a75 Info_ValueForKey
0    27b65 Info_RemoveKey^36
0    27c0b Info_Validate
0    27c3c Info_ValidateKeyValue
0    27c75 Info_SetValueForKey
0   501e54 _stackStart
0   511e54 _stackEnd
1        4 gameCvarTable^0
1     11f4 lastTime
1     142c VEC_UP^4
1     1438 MOVEDIR_UP^4
1     1444 VEC_DOWN^4
1     1450 MOVEDIR_DOWN^4
1     1634 randSeed^8
1     1638 bg_itemlist
1     2304 bg_numItems
1     23f0 pm_stopspeed
1     23f4 pm_duckScale
1     23f8 pm_swimScale
1     23fc pm_ladderScale
1     2400 pm_ladderfriction
1     2404 pm_ladderAccelerate
1     2408 pm_accelerate
1     240c pm_airaccelerate
1     2410 pm_wateraccelerate
1     2414 pm_flyaccelerate
1     2418 pm_friction
1     241c pm_waterfriction
1     2420 pm_flightfriction
1     2424 pm_spectatorfriction
1     2428 c_pmove
1     242c pm_respawntimer^10
1     252c offsetFirst^13
1     2538 offsetSecond^13
1     2544 offsetThird^13
1     2550 playerMins
1     255c playerMaxs
1     2590 gc_orders^16
1     25ac voteCommands^16
1     25dc modNames
1     26b8 PORTAL_SIZE^21
1     26e4 fields
1     27ec spawns
1     2a10 num_target_execs
1     2a14 remapCount
1     2abc vec3_origin
1     2ac8 bytedirs
2     65ff ctfFlagStatusRemap^29
2     6604 oneFlagStatusRemap^29
2     6a4b locase
3      f00 trap_GetValue
3      f04 g_clients
3    31804 svf_self_portal2
3    31808 wp_flameRadius
3    31918 wp_flameSplash
3    31a28 wp_flameDamage
3    31b38 wp_flameCycle
3    31c48 wp_chainDamage
3    31d58 wp_chainCycle
3    31e68 wp_proxTime
3    31f78 wp_proxSpeed
3    32088 wp_proxRadius
3    32198 wp_proxSplash
3    322a8 wp_proxDamage
3    323b8 wp_proxCycle
3    324c8 wp_nailTime
3    325d8 wp_nailSpeed
3    326e8 wp_nailDamage
3    327f8 wp_nailCycle
3    32908 wp_grappleTime
3    32a18 wp_grappleSpeed
3    32b28 wp_grappleDamage
3    32c38 wp_grappleCycle
3    32d48 wp_grapplePull
3    32e58 wp_portalTime
3    32f68 wp_portalSpeed
3    33078 wp_portalRadius
3    33188 wp_portalSplash
3    33298 wp_portalDamage
3    333a8 wp_portalCycle
3    334b8 wp_flameEnable
3    335c8 g_altGrapple
3    336d8 wp_grappleEnable
3    337e8 g_altPortal
3    338f8 wp_portalEnable
3    33a08 wp_classOA
3    33b18 wp_classMission
3    33c28 wp_classOriginal
3    33d38 wp_bfgTime
3    33e48 wp_bfgSpeed
3    33f58 wp_bfgRadius
3    34068 wp_bfgSplash
3    34178 wp_bfgDamage
3    34288 wp_bfgCycle
3    34398 wp_railDamage
3    344a8 wp_railCycle
3    345b8 wp_plasmaTime
3    346c8 wp_plasmaSpeed
3    347d8 wp_plasmaRadius
3    348e8 wp_plasmaSplash
3    349f8 wp_plasmaDamage
3    34b08 wp_plasmaCycle
3    34c18 wp_rocketTime
3    34d28 wp_rocketSpeed
3    34e38 wp_rocketRadius
3    34f48 wp_rocketSplash
3    35058 wp_rocketDamage
3    35168 wp_rocketCycle
3    35278 wp_grenadeTime
3    35388 wp_grenadeSpeed
3    35498 wp_grenadeRadius
3    355a8 wp_grenadeSplash
3    356b8 wp_grenadeDamage
3    357c8 wp_grenadeCycle
3    358d8 wp_machineDamageTeam
3    359e8 wp_machineDamage
3    35af8 wp_machineCycle
3    35c08 wp_shotgunDamage
3    35d18 wp_shotgunCycle
3    35e28 wp_lightDamage
3    35f38 wp_lightCycle
3    36048 wp_gauntDamage
3    36158 wp_gauntCycle
3    36268 wp_gauntEnable
3    36378 wp_rocketAccel
3    36488 wp_rocketVuln
3    36598 wp_rocketBounce
3    366a8 wp_plasmaBounce
3    367b8 wp_bfgBounce
3    368c8 wp_rocketHoming
3    369d8 wp_railBounce
3    36ae8 wp_grenadeVortex
3    36bf8 wp_grenadeCluster
3    36d08 g_hordeBlue
3    36e18 g_hordeRed
3    36f28 g_hordeMode
3    37038 g_supportsWeaponOrder
3    37148 g_bootsGravity
3    37258 g_enableBoots
3    37368 g_enableCloak
3    37478 g_dropWeapon
3    37588 g_wallWalk
3    37698 g_jumpVelocity
3    377a8 g_hasteFactor
3    378b8 g_thawTime
3    379c8 g_freezeTag
3    37ad8 g_upsideDown
3    37be8 g_sideview
3    37cf8 g_thirdPerson
3    37e08 g_birdsEye
3    37f18 g_locDamage
3    38028 g_instagib
3    38138 g_hotBFG
3    38248 g_hotRockets
3    38358 g_unholyTrinity
3    38468 g_multigame
3    38578 g_rotation
3    38688 pmove_msec
3    38798 pmove_fixed
3    388a8 g_smoothClients
3    389b8 g_proxMineTimeout
3    38ac8 g_enableBreath
3    38bd8 g_enableDust
3    38ce8 g_singlePlayer
3    38df8 g_blueteam
3    38f08 g_redteam
3    39018 g_cubeTimeout
3    39128 g_obeliskRespawnDelay
3    39238 g_obeliskRegenAmount
3    39348 g_obeliskRegenPeriod
3    39458 g_obeliskHealth
3    39568 g_predictPVS
3    39678 g_unlagged
3    39788 g_listEntity
3    39898 g_allowVote
3    399a8 g_podiumDrop
3    39ab8 g_podiumDist
3    39bc8 g_blood
3    39cd8 g_motd
3    39de8 g_debugAlloc
3    39ef8 g_debugDamage
3    3a008 g_debugMove
3    3a118 g_inactivity
3    3a228 g_forcerespawn
3    3a338 g_weaponTeamRespawn
3    3a448 g_weaponRespawn
3    3a558 g_quadfactor
3    3a668 g_knockback
3    3a778 g_gravity
3    3a888 g_speed
3    3a998 g_dedicated
3    3aaa8 g_needpass
3    3abb8 g_filterBan
3    3acc8 g_banIPs
3    3add8 g_password
3    3aee8 g_logSync
3    3aff8 g_log
3    3b108 g_warmup
3    3b218 g_teamForceBalance
3    3b328 g_autoJoin
3    3b438 g_friendlyFire
3    3b548 g_synchronousClients
3    3b658 g_capturelimit
3    3b768 g_timelimit
3    3b878 g_fraglimit
3    3b988 g_dmflags
3    3ba98 g_maxGameClients
3    3bba8 g_maxclients
3    3bcb8 g_gametype
3    3bdc8 g_fps
3    3bed8 g_mapname
3    3bfe8 g_cheats
3    3c0f8 g_entities
3   40e0f8 level
3   410f78 notleader
3   411078 nodeswitch
3   412d28 numnodeswitches
3   412d2c blue_numaltroutegoals
3   412d30 blue_altroutegoals
3   413030 red_numaltroutegoals
3   413034 red_altroutegoals
3   413334 altroutegoals_setup
3   413338 max_bspmodelindex
3   41333c lastteleport_time
3   413340 lastteleport_origin
3   41334c bot_spSkill
3   41345c bot_predictobstacles
3   41356c botai_freewaypoints
3   413570 botai_waypoints
3   416770 ctf_blueflag
3   4167a8 ctf_redflag
3   4167e0 bot_challenge
3   4168f0 bot_testrchat
3   416a00 bot_nochat
3   416b10 bot_fastchat
3   416c20 bot_rocketjump
3   416d30 bot_grapple
3   416e40 bot_instagib
3   416f50 gametype
3   417f64 bot_interbreedwrite
3   418074 bot_interbreedcycle
3   418184 bot_interbreedbots
3   418294 bot_interbreedchar
3   4183a4 bot_developer
3   4184b4 bot_testclusters
3   4185c4 bot_testsolid
3   4186d4 bot_report
3   4187e4 bot_pause
3   4188f4 bot_saveroutingcache
3   418a04 bot_memorydump
3   418b14 bot_thinktime
3   418c24 bot_interbreedmatchcount
3   418c28 bot_interbreed
3   418c2c regularupdate_time
3   418c30 numbots
3   418c34 botstates
3   418d34 mapname
3   418d74 floattime
3   418d78 ctftaskpreferences
3   419778 pml
3   419808 pm
3   41a754 podium3
3   41a758 podium2
3   41a75c podium1
3   41a764 bot_minplayers
3   41a874 botSpawnQueue^14
3   41a8f4 g_arenaInfos^14
3   41b8f4 g_numArenas
3   41b8f8 g_botInfos^14
3   41c8f8 g_numBots^14
3   41c8fc ban_reason^15
3   41ce00 itemRegistered
3   41d200 allocPoint^19
3   41d204 memoryPool^19
3   4dd204 pushed_p
3   4dd208 pushed
3   4e5208 numIPFilters^27
3   4e520c ipFilters^27
3   4e720c target_execs
3   4e748c teamgame
3   4e85b4 remappedShaders
3   4ec7b4 muzzle_origin^33
3   4ec7c0 muzzle^33
3   4ec7cc up^33
3   4ec7d8 right^33
3   4ec7e4 forward^33
3   4ec7f0 s_quadFactor^33
3   4ec7f4 muzzle_origin^34
3   4ec800 muzzle^34
3   4ec80c up^34
3   4ec818 right^34
3   4ec824 forward^34
3   4ec830 s_quadFactor^34
3   50124c is_separator^36
3   50164c com_tokenline^36
3   501650 com_lines^36
3   501654 com_parsename^36
3   501a54 com_token^36
