0 fffffdbf trap_AAS_PredictRoute
0 fffffdc1 trap_BotAddAvoidSpot
0 fffffdc2 trap_BotSetAvoidGoalTime
0 fffffdc3 trap_BotPredictVisiblePosition
0 fffffdc4 trap_BotRemoveFromAvoidGoals
0 fffffdc5 trap_BotGetChatMessage
0 fffffdc6 trap_BotNumInitialChats
0 fffffdc8 trap_BotGetNextCampSpotGoal
0 fffffdc9 trap_BotMutateGoalFuzzyLogic
0 fffffdca trap_BotInterbreedGoalFuzzyLogic
0 fffffdcb trap_GeneticParentsAndChildSelection
0 fffffdcc trap_BotResetWeaponState
0 fffffdcd trap_BotFreeWeaponState
0 fffffdce trap_BotAllocWeaponState
0 fffffdcf trap_BotLoadWeaponWeights
0 fffffdd0 trap_BotGetWeaponInfo
0 fffffdd1 trap_BotChooseBestFightWeapon
0 fffffdd2 trap_BotInitMoveState
0 fffffdd3 trap_BotFreeMoveState
0 fffffdd4 trap_BotAllocMoveState
0 fffffdd5 trap_BotMovementViewTarget
0 fffffdd7 trap_BotResetLastAvoidReach
0 fffffdd8 trap_BotResetAvoidReach
0 fffffdd9 trap_BotMoveInDirection
0 fffffdda trap_BotMoveToGoal
0 fffffddb trap_BotResetMoveState
0 fffffddc trap_BotFreeGoalState
0 fffffddd trap_BotAllocGoalState
0 fffffdde trap_BotSaveGoalFuzzyLogic
0 fffffde0 trap_BotLoadItemWeights
0 fffffde1 trap_BotUpdateEntityItems
0 fffffde4 trap_BotGetLevelItemGoal
0 fffffde5 trap_BotItemGoalInVisButNotVisible
0 fffffde6 trap_BotTouchingGoal
0 fffffde7 trap_BotChooseNBGItem
0 fffffde8 trap_BotChooseLTGItem
0 fffffde9 trap_BotGetSecondGoal
0 fffffdea trap_BotGetTopGoal
0 fffffdeb trap_BotGoalName
0 fffffdec trap_BotDumpGoalStack
0 fffffded trap_BotDumpAvoidGoals
0 fffffdee trap_BotEmptyGoalStack
0 fffffdef trap_BotPopGoal
0 fffffdf0 trap_BotPushGoal
0 fffffdf1 trap_BotResetAvoidGoals
0 fffffdf2 trap_BotResetGoalState
0 fffffdf3 trap_BotSetChatName
0 fffffdf4 trap_BotSetChatGender
0 fffffdf5 trap_BotLoadChatFile
0 fffffdf6 trap_BotReplaceSynonyms
0 fffffdf7 trap_UnifyWhiteSpaces
0 fffffdf8 trap_BotMatchVariable
0 fffffdf9 trap_BotFindMatch
0 fffffdfb trap_BotEnterChat
0 fffffdfd trap_BotReplyChat
0 fffffdfe trap_BotInitialChat
0 fffffdff trap_BotNumConsoleMessages
0 fffffe00 trap_BotNextConsoleMessage
0 fffffe01 trap_BotRemoveConsoleMessage
0 fffffe02 trap_BotQueueConsoleMessage
0 fffffe03 trap_BotFreeChatState
0 fffffe04 trap_BotAllocChatState
0 fffffe05 trap_Characteristic_String
0 fffffe08 trap_Characteristic_BFloat
0 fffffe0a trap_BotFreeCharacter
0 fffffe0b trap_BotLoadCharacter
0 fffffe58 trap_EA_ResetInput
0 fffffe59 trap_EA_GetInput
0 fffffe5b trap_EA_View
0 fffffe5f trap_EA_SelectWeapon
0 fffffe66 trap_EA_Crouch
0 fffffe67 trap_EA_Respawn
0 fffffe68 trap_EA_Use
0 fffffe69 trap_EA_Attack
0 fffffe6a trap_EA_Talk
0 fffffe6b trap_EA_Gesture
0 fffffe6c trap_EA_Action
0 fffffe6d trap_EA_Command
0 fffffe6e trap_EA_SayTeam
0 fffffec1 trap_AAS_PredictClientMovement
0 fffffec2 trap_AAS_Swimming
0 fffffec3 trap_AAS_AreaTravelTimeToGoalArea
0 fffffec4 trap_AAS_AreaReachability
0 fffffec5 trap_AAS_IntForBSPEpairKey
0 fffffec6 trap_AAS_FloatForBSPEpairKey
0 fffffec7 trap_AAS_VectorForBSPEpairKey
0 fffffec8 trap_AAS_ValueForBSPEpairKey
0 fffffec9 trap_AAS_NextBSPEntity
0 fffffeca trap_AAS_PointContents
0 fffffecb trap_AAS_TraceAreas
0 fffffecc trap_AAS_PointAreaNum
0 fffffecd trap_AAS_Time
0 fffffece trap_AAS_PresenceTypeBoundingBox
0 fffffecf trap_AAS_Initialized
0 fffffed0 trap_AAS_EntityInfo
0 fffffed1 trap_AAS_AreaInfo
0 fffffed2 trap_AAS_BBoxAreas
0 fffffed3 trap_AAS_EnableRoutingArea
0 ffffff2c trap_BotUserCommand
0 ffffff2d trap_BotGetServerCommand
0 ffffff2e trap_BotGetSnapshotEntity
0 ffffff30 trap_BotLibUpdateEntity
0 ffffff31 trap_BotLibLoadMap
0 ffffff32 trap_BotLibStartFrame
0 ffffff35 trap_BotLibVarSet
0 ffffff36 trap_BotLibShutdown
0 ffffff37 trap_BotLibSetup
0 ffffff90 ceil
0 ffffff91 floor
0 ffffff95 sqrt
0 ffffff96 atan2
0 ffffff97 cos
0 ffffff98 sin
0 ffffff99 strncpy
0 ffffff9a memcpy
0 ffffff9b memset
0 ffffffd5 trap_SnapVector
0 ffffffd9 trap_FS_GetFileList
0 ffffffda trap_GetEntityToken
0 ffffffdb trap_GetUsercmd
0 ffffffdd trap_BotAllocateClient
0 ffffffde trap_EntityContact
0 ffffffdf trap_EntitiesInBox
0 ffffffe0 trap_UnlinkEntity
0 ffffffe1 trap_LinkEntity
0 ffffffe3 trap_AdjustAreaPortalState
0 ffffffe5 trap_InPVS
0 ffffffe6 trap_PointContents
0 ffffffe7 trap_Trace
0 ffffffe8 trap_SetBrushModel
0 ffffffe9 trap_GetServerinfo
0 ffffffea trap_SetUserinfo
0 ffffffeb trap_GetUserinfo
0 ffffffec trap_GetConfigstring
0 ffffffed trap_SetConfigstring
0 ffffffee trap_SendServerCommand
0 ffffffef trap_DropClient
0 fffffff0 trap_LocateGameData
0 fffffff1 trap_SendConsoleCommand
0 fffffff2 trap_FS_FCloseFile
0 fffffff3 trap_FS_Write
0 fffffff4 trap_FS_Read
0 fffffff5 trap_FS_FOpenFile
0 fffffff6 trap_Argv
0 fffffff7 trap_Argc
0 fffffff8 trap_Cvar_VariableStringBuffer
0 fffffff9 trap_Cvar_VariableIntegerValue
0 fffffffa trap_Cvar_Set
0 fffffffb trap_Cvar_Update
0 fffffffc trap_Cvar_Register
0 fffffffd trap_Milliseconds
0 fffffffe trap_Error
0 ffffffff trap_Print
0        0 vmMain
0       96 G_Printf
0       b7 G_BroadcastServerCommand
0       ee G_Error
0      107 G_FindTeams
0      1fc G_RemapTeamShaders
0      1ff G_RegisterCvars
0      289 G_UpdateCvars^0
0      2fc G_LocateSpawnSpots^0
0      495 G_InitGame^0
0      640 G_ShutdownGame^0
0      672 Com_Error
0      68b Com_Printf
0      6a4 AddTournamentPlayer
0      71e RemoveTournamentLoser
0      745 AdjustTournamentScores
0      79a SortRanks^0
0      855 CalculateRanks
0      ad6 SendScoreboardMessageToAllClients^0
0      aff MoveClientToIntermission
0      b8a FindIntermissionPoint
0      bf9 BeginIntermission
0      c6d ExitLevel
0      d1a G_LogPrintf
0      d92 LogExit
0      e24 CheckIntermissionExit
0      ef8 ScoreIsTied^0
0      f45 CheckExitRules^0
0     103b ClearBodyQue^0
0     106e G_WarmupEnd^0
0     126b CheckTournament^0
0     138c CheckVote^0
0     13f1 PrintTeam^0
0     1432 SetLeader
0     14f2 CheckTeamLeader
0     15c4 CheckTeamVote^0
0     1679 CheckCvars
0     16a6 G_RunThink
0     16df G_RunFrame^0
0     1893 BotNumActivePlayers
0     18e8 BotIsFirstInRankings
0     194b BotIsLastInRankings
0     19ae BotFirstClientInRankings
0     1a1e BotLastClientInRankings
0     1a8e BotRandomOpponentName
0     1b55 BotMapTitle^1
0     1b5a BotWeaponNameForMeansOfDeath
0     1ba1 BotRandomWeaponName
0     1be8 BotVisibleEnemies
0     1c75 BotValidChatPosition
0     1d3d BotChat_EnterGame
0     1df7 BotChat_ExitGame
0     1ea2 BotChat_StartLevel
0     1f42 BotChat_EndLevel
0     2085 BotChat_Death
0     22fe BotChat_Kill
0     2452 BotChat_EnemySuicide
0     250f BotChat_HitTalking
0     25ff BotChat_HitNoDeath
0     270c BotChat_HitNoKill
0     27ed BotChat_Random
0     2974 BotChatTime
0     2979 BotChatTest
0     31a1 BotGetItemTeamGoal
0     31e8 BotGetMessageTeamGoal
0     3225 BotGetTime
0     32a4 FindClientByName
0     3305 FindEnemyByName
0     338a NumPlayersOnSameTeam
0     33ce BotGetPatrolWaypoints
0     34fc BotAddressedToBot
0     361d BotMatch_HelpAccompany
0     385a BotMatch_DefendKeyArea
0     3914 BotMatch_GetItem
0     39b0 BotMatch_Camp
0     3b71 BotMatch_Patrol
0     3c15 BotMatch_GetFlag
0     3ca8 BotMatch_RushBase
0     3d27 BotMatch_TaskPreference
0     3de8 BotMatch_ReturnFlag
0     3e5f BotMatch_JoinSubteam
0     3ecc BotMatch_LeaveSubteam
0     3f37 BotMatch_WhichTeam
0     3f91 BotMatch_CheckPoint
0     40eb BotMatch_FormationSpace
0     414d BotMatch_Dismiss
0     41b5 BotMatch_Suicide
0     41f8 BotMatch_StartTeamLeaderShip
0     424f BotMatch_StopTeamLeaderShip
0     42c0 BotMatch_WhoIsTeamLeader
0     42f4 BotMatch_WhatAreYouDoing
0     4413 BotMatch_WhatIsMyCommand
0     443e BotNearestVisibleItem
0     44d6 BotMatch_WhereAreYou
0     4604 BotMatch_LeadTheWay
0     4762 BotMatch_Kill
0     4803 BotMatch_CTF
0     48dc BotMatch_EnterGame
0     4901 BotMatch_NewLeader
0     493a BotMatchMessage
0     4a9e BotResetNodeSwitches
0     4aa4 BotDumpNodeSwitches
0     4ae7 BotRecordNodeSwitch
0     4b1e BotGetAirGoal
0     4bdb BotGoForAir
0     4c58 BotNearbyGoal
0     4cc4 BotReachedGoal
0     4dc5 BotGetItemLongTermGoal
0     4e5c BotGetLongTermGoal
0     5c47 BotLongTermGoal
0     5eab AIEnter_Intermission
0     5ee7 AINode_Intermission
0     5f2a AIEnter_Observer
0     5f4a AINode_Observer
0     5f62 AIEnter_Stand
0     5f85 AINode_Stand
0     6022 AIEnter_Respawn
0     60a6 AINode_Respawn
0     6125 BotSelectActivateWeapon
0     61c6 BotClearPath
0     6402 AIEnter_Seek_ActivateEntity
0     6418 AINode_Seek_ActivateEntity
0     6836 AIEnter_Seek_NBG
0     6879 AINode_Seek_NBG
0     6af3 AIEnter_Seek_LTG
0     6b36 AINode_Seek_LTG
0     6e81 AIEnter_Battle_Fight
0     6eb2 AIEnter_Battle_SuicidalFight
0     6ee3 AINode_Battle_Fight
0     71c8 AIEnter_Battle_Chase
0     71e9 AINode_Battle_Chase
0     7493 AIEnter_Battle_Retreat
0     74a9 AINode_Battle_Retreat
0     77a7 AIEnter_Battle_NBG
0     77bd AINode_Battle_NBG
0     7a40 BotSetUserInfo^4
0     7a73 BotCTFCarryingFlag
0     7a96 BotTeam
0     7aee BotOppositeTeam
0     7b10 BotEnemyFlag
0     7b24 BotTeamFlag
0     7b38 EntityIsDead
0     7b62 EntityCarriesFlag
0     7b81 EntityIsInvisible
0     7ba2 EntityIsShooting
0     7bb4 EntityIsChatting
0     7bc6 BotRememberLastOrderedTask
0     7c03 BotSetTeamStatus
0     7c06 BotSetLastOrderedTask
0     7cfa BotRefuseOrder
0     7d2c BotCTFSeekGoals
0     826e BotCTFRetreatGoals
0     82b8 BotTeamGoals
0     82db BotPointAreaNum
0     831e ClientName
0     8369 ClientFromName
0     83ae ClientOnSameTeamFromName
0     8407 stristr
0     846c EasyClientName
0     85d0 BotSynonymContext
0     85f6 BotChooseWeapon
0     865d BotSetupForMovement
0     8713 BotCheckItemPickup
0     8716 BotUpdateInventory
0     8965 BotUpdateBattleInventory
0     89ab BotBattleUseItems
0     89eb BotSetTeleportTime
0     8a12 BotIsDead
0     8a27 BotIsObserver
0     8a5d BotIntermission
0     8a85 BotInLavaOrSlime
0     8a9f BotCreateWayPoint
0     8afd BotFindWayPoint
0     8b2c BotFreeWaypoints
0     8b4f BotInitWaypoints
0     8b73 TeamPlayIsOn
0     8b85 BotAggression
0     8c60 BotWantsToRetreat
0     8cb6 BotWantsToChase
0     8d05 BotCanAndWantsToRocketJump
0     8d70 BotHasPersistantPowerupAndWeapon
0     8e26 BotGoCamp
0     8ea0 BotWantsToCamp
0     8fd2 BotDontAvoid
0     900e BotGoForPowerups
0     9043 BotRoamGoal
0     91c9 BotAttackMove
0     94b1 BotSameTeam
0     94e3 InFieldOfVision
0     9572 BotEntityVisible
0     97b9 BotFindEnemy
0     9a38 BotTeamFlagCarrierVisible
0     9aad BotEnemyFlagCarrierVisible
0     9b22 BotAimAtEnemy
0     a2ce BotCheckAttack
0     a54e BotMapScripts
0     a6ff BotSetMovedir
0     a735 BotModelMinsMaxs
0     a825 BotFuncButtonActivateGoal
0     ad2e BotFuncDoorActivateGoal
0     adee BotTriggerMultipleActivateGoal
0     af23 BotPopFromActivateGoalStack
0     af60 BotPushOntoActivateGoalStack
0     aff0 BotClearActivateGoalStack
0     b006 BotEnableActivateGoalAreas
0     b05e BotIsGoingToActivateEntity
0     b0d4 BotGetActivateGoal
0     b565 BotGoForActivateGoal
0     b5bc BotRandomMove
0     b5f6 BotAIBlocked
0     b791 BotAIPredictObstacles
0     b881 BotCheckConsoleMessages
0     ba76 BotCheckForGrenades
0     ba9f BotCheckEvents
0     bcc4 BotCheckSnapshot
0     bd33 BotCheckAir
0     bd55 BotAlternateRoute
0     bdb8 BotGetAlternateRouteGoal
0     be57 BotSetupAlternativeRouteGoals
0     be63 BotDeathmatchAI
0     c059 BotSetupDeathmatchAI
0     c143 BotAI_Print
0     c19d BotAI_Trace
0     c216 BotAI_GetClientState
0     c247 BotAI_GetEntityState
0     c2bd BotAI_GetSnapshotEntity
0     c2ee BotAI_BotInitialChat
0     c370 BotTestAAS
0     c3e7 BotSetInfoConfigString
0     c554 BotUpdateInfoConfigStrings
0     c5ad BotInterbreedBots
0     c68a BotWriteInterbreeded
0     c6fe BotInterbreedEndMatch
0     c739 BotInterbreeding
0     c7d9 BotEntityInfo
0     c7e5 NumBots
0     c7eb BotTeamLeader
0     c821 AngleDifference
0     c851 BotChangeViewAngle
0     c8c5 BotChangeViewAngles
0     cacc BotInputToUserCommand
0     cdd4 BotUpdateInput
0     ce8b BotAIRegularUpdate
0     ce9c RemoveColorEscapeSequences
0     cf0b BotAI
0     d153 BotScheduleBotThink
0     d198 BotWriteSessionData
0     d228 BotReadSessionData
0     d2a5 BotAISetupClient
0     d4ee BotAIShutdownClient
0     d58d BotResetState
0     d6aa BotAILoadMap
0     d712 BotAIStartFrame
0     dab3 BotInitLibrary
0     dc42 BotAISetup
0     dcec BotAIShutdown
0     dd37 BotValidTeamLeader
0     dd5e BotNumTeamMates
0     ddc5 BotClientTravelTimeToGoal
0     ddf6 BotSortTeamMatesByBaseTravelTime
0     def8 BotSetTeamMateTaskPreference
0     df1e BotGetTeamMateTaskPreference
0     df59 BotSortTeamMatesByTaskPreference
0     e047 BotSayTeamOrderAlways
0     e09a BotSayTeamOrder
0     e0a6 BotCTFOrders_BothFlagsNotAtBase
0     e2f1 BotCTFOrders_FlagNotAtBase
0     e5c1 BotCTFOrders_EnemyFlagNotAtBase
0     e7c8 BotCTFOrders_BothFlagsAtBase
0     ea93 BotCTFOrders
0     eaf7 BotCreateGroup
0     eb65 BotTeamOrders
0     ec41 FindHumanTeamLeader
0     eca9 BotTeamAI
0     eea0 BotVoiceChat_Defend
0     ef24 swapfunc^8
0     efab med3^8
0     f03e qsort
0     f3f1 strlen
0     f40c strcat
0     f446 strcpy
0     f472 strcmp
0     f4ae strchr
0     f4de strstr
0     f52c tolower
0     f544 toupper
0     f55c memmove
0     f5af srand
0     f5b6 rand
0     f5cc atof
0     f68d atoi
0     f705 abs
0     f71e fabs
0     f737 BG_FindItemForPowerup
0     f77e BG_FindItemForHealth
0     f7b5 BG_FindItemForAmmo
0     f7ec BG_FindItemForWeapon
0     f823 BG_FindItem
0     f852 BG_PlayerTouchesItem
0     f8ac BG_CanItemBeGrabbed
0     f9f6 BG_EvaluateTrajectory
0     fc30 BG_EvaluateTrajectoryDelta
0     fd88 BG_AddPredictableEventToPlayerstate
0     fdbf BG_TouchJumpPad
0     fe2c BG_PlayerStateToEntityState
0    10011 BG_CleanName
0    1011c Q_strcpy
0    1014c Q_stradd
0    1017f Q_strlen
0    1019e AddInt^9
0    10279 AddFloat^9
0    1038e AddString^9
0    10420 ED_vsprintf
0    10610 BG_sprintf
0    1062d _atoi^9
0    1069d _atof^9
0    10755 _atos^9
0    107db Q_sscanf
0    1091a PM_AddEvent
0    1092b PM_AddTouchEnt
0    10984 PM_StartTorsoAnim^10
0    109a7 PM_StartLegsAnim^10
0    109d4 PM_ContinueLegsAnim^10
0    109f4 PM_ContinueTorsoAnim^10
0    10a14 PM_ForceLegsAnim^10
0    10a24 PM_ClipVelocity
0    10a95 PM_Friction^10
0    10ba4 PM_Accelerate^10
0    10c1e PM_CmdScale^10
0    10cc2 PM_SetMovementDir^10
0    10de1 PM_CheckJump^10
0    10e70 PM_CheckWaterJump^10
0    10f54 PM_WaterJumpMove^10
0    10f95 PM_WaterMove^10
0    110ce PM_FlyMove^10
0    11159 PM_AirMove^10
0    11202 PM_GrappleMove^10
0    112b0 PM_WalkMove^10
0    114c4 PM_DeadMove^10
0    1153b PM_NoclipMove^10
0    11693 PM_FootstepForSurface^10
0    116ac PM_CrashLand^10
0    117ad PM_CorrectAllSolid^10
0    1189c PM_GroundTraceMissed^10
0    11935 PM_GroundTrace^10
0    11aaa PM_SetWaterLevel^10
0    11b7f PM_CheckDuck^10
0    11ccd PM_Footsteps^10
0    11e19 PM_WaterEvents^10
0    11e5c PM_BeginWeaponChange^10
0    11eb5 PM_FinishWeaponChange^10
0    11f15 PM_TorsoAnimation^10
0    11f34 PM_Weapon^10
0    1225e PM_Animate^10
0    12283 PM_DropTimers^10
0    1230d PM_UpdateViewAngles
0    123bb PM_LadderMove^10
0    124e7 CheckLadder^10
0    1255a PmoveSingle^10
0    12880 Pmove
0    12942 PM_SlideMove
0    12d2e PM_StepSlideMove
0    12eba P_DamageFeedback
0    12f75 P_WorldEffects
0    130a2 G_SetClientSound
0    130ce ClientImpacts
0    1316a G_ListPortals
0    13405 G_TouchTriggers
0    135c0 SpectatorThink
0    13660 ClientInactivityTimer
0    136f7 ClientTimerActions
0    1381b ClientIntermissionThink
0    1386d ClientEvents
0    13a62 SendPendingPredictableEvents
0    13b05 ClientThink_real
0    13ef9 ClientThink
0    13f29 G_RunClient
0    13f4f SpectatorClientEndFrame
0    14027 ClientEndFrame
0    14304 UpdateTournamentInfo
0    1444e SpawnModelOnVictoryPad^13
0    1461b CelebrateStop^13
0    14642 CelebrateStart^13
0    14672 PodiumPlacementThink^13
0    148f5 SpawnPodium^13
0    149cd SpawnModelsOnVictoryPads
0    14a6f Svcmd_AbortPodium_f
0    14a89 trap_Cvar_VariableValue
0    14a9f G_ParseInfos
0    14b95 G_LoadArenasFromFile^14
0    14c15 G_LoadArenas^14
0    14cba G_GetArenaInfoByMap
0    14cf9 PlayerIntroSound^14
0    14d4a G_AddRandomBot
0    14ecd G_RemoveRandomBot
0    14f36 G_CountHumanPlayers^14
0    14f86 G_CountBotPlayers^14
0    15000 G_CheckMinimumPlayers
0    1513d G_CheckBotSpawn
0    1519b AddBotToSpawnQueue^14
0    151de G_RemoveQueuedBotBegin
0    15206 G_BotConnect
0    15268 G_AddBot^14
0    154af Svcmd_AddBot_f
0    15556 Svcmd_BotList_f
0    15612 G_SpawnBots^14
0    156be G_LoadBotsFromFile^14
0    1573e G_LoadBots^14
0    157ca G_GetBotInfoByName
0    1580d G_InitBots
0    158de SP_info_player_deathmatch
0    15944 SP_info_player_start
0    15953 SP_info_player_intermission
0    15956 SpotWouldTelefrag
0    159d3 SelectRandomFurthestSpawnPoint^15
0    15b76 SelectSpawnPoint
0    15b8c SelectInitialSpawnPoint
0    15c04 SelectSpectatorSpawnPoint
0    15c15 InitBodyQue
0    15c45 BodySink
0    15c7b CopyToBodyQue
0    15df6 SetClientViewAngle
0    15e4b respawn
0    15ea4 TeamCount
0    15eed TeamConnectedCount
0    15f36 TeamLeader
0    15f7b PickTeam
0    15fb5 ClientUserinfoChanged
0    16272 ClientConnect
0    16466 ClientBegin
0    16558 ClientSpawn
0    16a49 ClientDisconnect
0    16b8f DeathmatchScoreboardMessage
0    16cbc Cmd_Score_f
0    16cc5 CheatsOk
0    16cf5 ConcatArgs
0    16d60 SanitizeString
0    16dad ClientNumberFromString
0    16e79 Cmd_Give_f
0    17041 Cmd_God_f
0    1708a Cmd_Notarget_f
0    170d3 Cmd_Noclip_f
0    1712b Cmd_LevelShot_f
0    17178 Cmd_TeamTask_f
0    171cf Cmd_Kill_f
0    1721d BroadcastTeamChange
0    172a3 AllowTeamSwitch^16
0    172f4 SetTeam
0    175cc StopFollowing
0    17643 Cmd_Team_f^16
0    176fe Cmd_Follow_f^16
0    1779e Cmd_FollowCycle_f
0    17848 G_SayTo^16
0    178d9 G_Say^16
0    17a3f Cmd_Say_f^16
0    17a78 Cmd_Tell_f^16
0    17b07 Cmd_GameCommand_f
0    17b6a Cmd_Where_f
0    17c03 TokenizeAlphanumeric
0    17ccd ValidVoteCommand^16
0    17ea9 Cmd_CallVote_f
0    180a6 Cmd_Vote_f^16
0    18172 G_RevertVote
0    18294 Cmd_CallTeamVote_f^16
0    18605 Cmd_TeamVote_f^16
0    18709 Cmd_SetViewpos_f^16
0    18782 Cmd_DropFlag_f
0    187f3 Cmd_DropPowerup_f
0    18865 Cmd_DropItem_f
0    18896 Cmd_DropAmmo_f
0    18904 Cmd_DropHealth_f
0    18952 Cmd_Drop_f
0    18b6e Cmd_RBounce_f
0    18bb8 Cmd_Cloak_f
0    18c17 Cmd_Boots_f
0    18c66 Cmd_Stats_f^16
0    18c69 ClientCommand
0    18f8f ScorePlum
0    18fc4 AddScore
0    19011 TossClientItems
0    19134 LookAtKiller
0    191d0 GibEntity
0    191f4 body_die
0    19214 CheckAlmostCapture
0    192ea CheckAlmostScored
0    19387 player_pain
0    193ea player_die
0    1984d CheckArmor
0    198aa G_LocationDamage
0    19b1b G_Damage
0    19fbf CanDamage
0    1a17f G_RadiusDamage
0    1a308 G_WaterRadiusDamage
0    1a4ab SpawnTime
0    1a561 Pickup_Powerup
0    1a6a5 Pickup_Holdable
0    1a6c5 Add_Ammo^18
0    1a6fc Pickup_Ammo^18
0    1a73b Pickup_Weapon^18
0    1a7fe Pickup_Health^18
0    1a8ef Pickup_Armor
0    1a93f RespawnItem
0    1aa31 Touch_Item
0    1ad02 LaunchItem
0    1ae3c Drop_Item
0    1ae95 Use_Item
0    1ae9e FinishSpawningItem
0    1afc3 G_CheckTeamItems
0    1b015 ClearRegisteredItems
0    1b081 RegisterItem
0    1b099 SaveRegisteredItems
0    1b0e1 G_ItemDisabled
0    1b0fa G_SpawnItem
0    1b206 G_BounceItem
0    1b34e G_RunItem
0    1b41b G_Alloc
0    1b46a G_InitMemory
0    1b470 Svcmd_GameMem_f
0    1b47d SP_info_camp
0    1b48f SP_info_null
0    1b498 SP_info_notnull
0    1b4aa SP_light
0    1b4b3 TeleportPlayer_real^20
0    1b883 TeleportPlayer
0    1b896 SP_misc_teleporter_dest
0    1b8d2 SP_misc_model
0    1b8db locateCamera
0    1b9c1 SP_misc_portal_surface
0    1ba1f SP_misc_portal_camera
0    1ba6f Use_Shooter
0    1bb83 InitShooter_Finish^20
0    1bba7 InitShooter
0    1bc11 SP_shooter_rocket
0    1bc1c SP_shooter_plasma
0    1bc27 SP_shooter_grenade
0    1bc32 PortalDestroy
0    1bc9e PortalDie^20
0    1bca7 PortalTouch^20
0    1be2f PortalEnable^20
0    1bfa7 DropPortalDestination
0    1c1c3 DropPortalSource
0    1c3c4 fire_grenade
0    1c3da G_BounceMissile
0    1c4f2 G_ExplodeMissile
0    1c61a G_MissileDie
0    1c63d G_MissileImpact
0    1c979 G_RunMissile
0    1ca53 fire_plasma
0    1cb94 G_Suck^21
0    1cd94 fire_grenade_real
0    1cf01 fire_portal
0    1d038 fire_bfg
0    1d18a rocket_think
0    1d2f4 fire_rocket
0    1d515 fire_grapple
0    1d673 G_TestEntityPosition
0    1d6eb G_CreateRotationMatrix
0    1d70d G_TransposeMatrix
0    1d74c G_RotatePoint
0    1d7b4 G_TryPushingEntity
0    1da33 G_MoverPush
0    1dd1b G_MoverTeam
0    1de74 G_RunMover
0    1dea0 SetMoverState
0    1e0b8 MatchTeam
0    1e0e0 ReturnToPos1
0    1e111 ReturnToApos1
0    1e142 Reached_BinaryMover
0    1e288 Use_BinaryMover
0    1e49a InitMover
0    1e605 InitRotator
0    1e770 Blocked_Door
0    1e7e5 Touch_DoorTriggerSpectator^22
0    1e882 Touch_DoorTrigger
0    1e8f7 Think_SpawnNewDoorTrigger
0    1e9ef Think_MatchTeam
0    1ea05 SP_func_door_rotating
0    1ec0b SP_func_door
0    1edce Touch_Plat
0    1edf8 Touch_PlatCenterTrigger
0    1ee21 SpawnPlatTrigger
0    1eef3 SP_func_plat
0    1efd8 Touch_Button
0    1effb SP_func_button
0    1f11d Think_BeginMoving
0    1f12d Reached_Train
0    1f204 Think_SetupTrainTargets
0    1f2bb SP_path_corner
0    1f2dc SP_func_train
0    1f367 SP_func_static
0    1f392 SP_func_rotating
0    1f420 SP_func_bobbing
0    1f4c2 SP_func_pendulum
0    1f56b G_MapExist
0    1f5b5 G_LoadMap
0    1f663 ParseMapRotation
0    1f82a G_WriteClientSessionData
0    1f880 G_ReadClientSessionData
0    1f8e6 G_ClearClientSessionData
0    1f903 G_InitSessionData
0    1f9ef G_InitWorldSession
0    1fa17 G_WriteSessionData
0    1fa52 G_SpawnString
0    1fa9e G_SpawnFloat
0    1fac0 G_SpawnInt
0    1fae2 G_SpawnVector
0    1fb11 SP_item_botroam
0    1fb14 G_CallSpawn
0    1fb97 G_NewString
0    1fc1f G_ParseField
0    1fd05 G_SpawnGEntityFromSpawnVars
0    1fdf2 G_AddSpawnVarToken
0    1fe33 G_ParseSpawnVars
0    1fec3 SP_worldspawn
0    1ffa8 G_SpawnEntitiesFromString
0    1ffd1 StringToFilter^26
0    20098 UpdateIPBans^26
0    20145 G_FilterPacket
0    201ee AddIP^26
0    20244 G_ProcessIPBans
0    2029a Svcmd_AddIP_f
0    202ba Svcmd_RemoveIP_f
0    20320 Svcmd_EntityList_f
0    203da ClientForString
0    20475 Svcmd_ForceTeam_f
0    204ba Svcmd_Freeze_f
0    20567 Svcmd_Rotate_f
0    205be ConsoleCommand
0    206f3 Use_Target_Give
0    2075b SP_target_give
0    20764 Use_target_remove_powerups
0    207a8 SP_target_remove_powerups
0    207b1 Think_Target_Delay
0    207c4 Use_Target_Delay
0    207ff SP_target_delay
0    20836 Use_Target_Score
0    20854 SP_target_score
0    2086a Use_Target_Print
0    208fd SP_target_print
0    20906 Use_Target_Speaker
0    20975 SP_target_speaker
0    20a6a target_laser_think
0    20b93 target_laser_on
0    20bae target_laser_off
0    20bbd target_laser_use
0    20be0 target_laser_start
0    20c6d SP_target_laser
0    20c7f target_teleporter_use
0    20cbc SP_target_teleporter
0    20ce7 target_relay_use
0    20d77 SP_target_relay
0    20d80 target_kill_use
0    20d9d SP_target_kill
0    20da6 SP_target_position
0    20db8 target_location_linkup^27
0    20e2b SP_target_location
0    20e4c target_use_exec
0    20e91 SP_target_exec
0    20ed5 target_earthquake
0    20eea SP_target_earthquake
0    20f51 target_player_stop
0    20f75 SP_target_player_stop
0    20fb2 Team_InitGame
0    20fdd OtherTeam
0    20ff3 TeamName
0    21010 PrintMsg
0    21066 AddTeamScore
0    21151 OnSameTeam
0    21185 Team_SetFlagStatus^28
0    211f6 Team_CheckDroppedItem
0    21230 Team_ForceGesture^28
0    2127c Team_FragBonuses
0    21774 Team_CheckHurtCarrier
0    217ef Team_ResetFlag^28
0    21859 Team_ResetFlags
0    2186a Team_ReturnFlagSound^28
0    21892 Team_TakeFlagSound^28
0    218ec Team_CaptureFlagSound^28
0    21914 Team_ReturnFlag
0    21949 Team_FreeEntity
0    2197d Team_DroppedFlagThink
0    219be Team_TouchOurFlag^28
0    21c22 Team_TouchEnemyFlag^28
0    21c7a Pickup_Team
0    21cf6 Team_GetLocation
0    21d74 Team_GetLocationMsg
0    21ddb SelectRandomTeamSpawnPoint
0    21e92 SelectCTFSpawnPoint
0    21edd SortClients^28
0    21ee8 TeamplayInfoMessage
0    2201b CheckTeamStatus
0    220d4 SP_team_CTF_redplayer
0    220d7 SP_team_CTF_blueplayer
0    220da SP_team_CTF_redspawn
0    220dd SP_team_CTF_bluespawn
0    220e0 InitTrigger
0    2211b multi_wait
0    22124 multi_trigger
0    221c7 Use_Multi
0    221d3 Touch_Multi
0    221e8 SP_trigger_multiple
0    22242 trigger_always_think
0    22258 SP_trigger_always
0    2226a trigger_push_touch
0    222a2 AimAtTarget
0    22398 SP_trigger_push
0    223d9 Use_target_push
0    22429 SP_target_push
0    224cd trigger_teleporter_touch
0    22527 SP_trigger_teleport
0    225a7 hurt_use
0    225bf hurt_touch
0    22675 SP_trigger_hurt
0    226c6 func_timer_think
0    22700 func_timer_use
0    22723 SP_func_timer
0    22795 AddRemap
0    22810 BuildShaderStateConfig
0    22856 G_FindConfigstringIndex
0    228ca G_ModelIndex
0    228dd G_SoundIndex
0    228f0 G_TeamCommand
0    22929 G_Find
0    22988 G_PickTarget
0    229f4 G_UseTargets
0    22a8a vtos
0    22aca G_SetMovedir
0    22b14 vectoyaw
0    22b63 G_InitGentity
0    22b8b G_Spawn
0    22c32 G_FreeEntity
0    22c65 G_TempEntity
0    22cbf G_KillBox
0    22d72 G_AddPredictableEvent
0    22d8f G_AddEvent
0    22e0b G_Sound
0    22e24 G_SetOrigin
0    22e5d G_ResetHistory
0    22ed1 G_StoreHistory
0    22f3d TimeShiftLerp^31
0    22f96 G_TimeShiftClient
0    230e6 G_TimeShiftAllClients
0    23140 G_DoTimeShiftFor
0    23186 G_UnTimeShiftClient
0    231cb G_UnTimeShiftAllClients
0    23221 G_UndoTimeShiftFor
0    23247 G_PredictPlayerClipVelocity^31
0    232bf G_PredictPlayerSlideMove
0    2359a G_PredictPlayerStepSlideMove
0    2364f G_PredictPlayerMove
0    2365b CalcMuzzlePointOrigin
0    236ba G_BounceProjectile
0    23767 Weapon_Gauntlet
0    2376a CheckGauntletAttack
0    23860 SnapVectorTowards
0    238f6 Bullet_Fire^32
0    23abd BFG_Fire
0    23b15 ShotgunPellet^32
0    23ba0 ShotgunPattern^32
0    23c7d weapon_supershotgun_fire^32
0    23cf3 SpreadFire_Powerup^32
0    23e05 weapon_grenadelauncher_fire
0    23e5a Weapon_RocketLauncher_Fire
0    23ede Weapon_Plasmagun_Fire
0    23f12 weapon_railgun_fire
0    24185 Weapon_GrapplingHook_Fire
0    241b3 Weapon_HookFree
0    241e0 Weapon_HookThink
0    2426c Weapon_LightningFire
0    2445a Laser_Think
0    2452f Laser_Gen
0    245bd dropWeapon
0    24632 ThrowWeapon
0    24713 LogAccuracyHit
0    2476a FireWeapon
0    24853 Q_rand
0    24868 Q_random
0    2487a Q_crandom
0    2488b VectorCompare
0    248b9 VectorLength
0    248ea VectorLengthSquared
0    24914 Distance
0    2494b VectorInverse
0    2496f CrossProduct
0    249c8 DirToByte
0    24a23 ByteToDir
0    24a41 vectoangles
0    24aef ProjectPointOnPlane
0    24ba6 Q_fabs
0    24bb6 AngleMod
0    24bcc AngleNormalize360
0    24bda AngleNormalize180
0    24bf9 RadiusFromBounds
0    24c54 AddPointToBounds
0    24cd1 VectorNormalize
0    24d3b VectorNormalize2
0    24db7 AngleVectors
0    24ea9 PerpendicularVector
0    24f0b COM_BeginParseSession
0    24f20 COM_Parse
0    24f2f COM_ParseWarning
0    24f4f SkipWhitespace^34
0    24f8e COM_ParseExt
0    250ef SkipRestOfLine
0    25129 Com_InitSeparators
0    2513b SkipTillSeparators
0    2517e COM_ParseSep
0    25306 Com_Split
0    253f0 Q_strrchr
0    25424 Q_strncpyz
0    25467 Q_stricmpn
0    254f6 Q_strncmp
0    2554c Q_stricmp
0    255cd Q_strcat
0    255f9 Q_CleanStr
0    2565a Com_sprintf
0    25689 va
0    256b8 Q_strkey^34
0    256f7 Info_ValueForKey
0    257e7 Info_RemoveKey^34
0    2588d Info_Validate
0    258be Info_ValidateKeyValue
0    258f7 Info_SetValueForKey
0   2e8344 _stackStart
0   2f8344 _stackEnd
1        4 gameCvarTable^0
1      edc VEC_UP^4
1      ee8 MOVEDIR_UP^4
1      ef4 VEC_DOWN^4
1      f00 MOVEDIR_DOWN^4
1     107c randSeed^8
1     1080 bg_itemlist
1     186c bg_numItems
1     1958 pm_stopspeed
1     195c pm_duckScale
1     1960 pm_swimScale
1     1964 pm_ladderScale
1     1968 pm_ladderfriction
1     196c pm_ladderAccelerate
1     1970 pm_accelerate
1     1974 pm_airaccelerate
1     1978 pm_wateraccelerate
1     197c pm_flyaccelerate
1     1980 pm_friction
1     1984 pm_waterfriction
1     1988 pm_flightfriction
1     198c pm_spectatorfriction
1     1990 c_pmove
1     1994 pm_respawntimer^10
1     19e8 offsetFirst^13
1     19f4 offsetSecond^13
1     1a00 offsetThird^13
1     1a0c playerMins
1     1a18 playerMaxs
1     1a4c gc_orders^16
1     1a68 voteCommands^16
1     1a98 modNames
1     1b68 PORTAL_SIZE^20
1     1b94 fields
1     1c9c spawns
1     1ec0 num_target_execs
1     1ec4 remapCount
1     1f20 vec3_origin
1     1f2c bytedirs
2     5bc2 ctfFlagStatusRemap^28
2     5bc7 oneFlagStatusRemap^28
2     601c locase
3      f00 trap_GetValue
3      f04 g_callvotable
3     1014 wp_grappleCycle
3     1124 wp_bfgCycle
3     1234 wp_railCycle
3     1344 wp_plasmaCycle
3     1454 wp_rocketCycle
3     1564 wp_grenadeCycle
3     1674 wp_machineCycle
3     1784 wp_shotgunCycle
3     1894 wp_lightCycle
3     19a4 wp_gauntCycle
3     1ab4 g_wallWalk
3     1bc4 g_listEntity
3     1cd4 g_podiumDrop
3     1de4 g_podiumDist
3     1ef4 g_logSync
3     2004 g_log
3     2114 g_maxclients
3     2224 g_clients
3    1b924 svf_self_portal2
3    1b928 g_hotBFG
3    1ba38 g_hotRockets
3    1bb48 g_instagib
3    1bc58 g_unholyTrinity
3    1bd68 g_enableBoots
3    1be78 g_locDamage
3    1bf88 g_dropWeapon
3    1c098 g_vortexGrenades
3    1c1a8 g_clusterGrenades
3    1c2b8 g_enableCloak
3    1c3c8 wp_rocketAccel
3    1c4d8 wp_rocketVuln
3    1c5e8 wp_plasmaBounce
3    1c6f8 wp_rocketBounce
3    1c808 wp_bfgBounce
3    1c918 wp_railBounce
3    1ca28 wp_rocketHoming
3    1cb38 g_thawTime
3    1cc48 g_flagReturn
3    1cd58 g_altGrapple
3    1ce68 g_altPortal
3    1cf78 wp_portalEnable
3    1d088 wp_grappleTime
3    1d198 wp_grappleSpeed
3    1d2a8 wp_grappleDamage
3    1d3b8 wp_grapplePull
3    1d4c8 wp_grappleEnable
3    1d5d8 wp_bfgTime
3    1d6e8 wp_bfgSpeed
3    1d7f8 wp_bfgRadius
3    1d908 wp_bfgSplash
3    1da18 wp_bfgDamage
3    1db28 wp_railDamage
3    1dc38 wp_plasmaTime
3    1dd48 wp_plasmaSpeed
3    1de58 wp_plasmaRadius
3    1df68 wp_plasmaSplash
3    1e078 wp_plasmaDamage
3    1e188 wp_rocketTime
3    1e298 wp_rocketSpeed
3    1e3a8 wp_rocketRadius
3    1e4b8 wp_rocketSplash
3    1e5c8 wp_rocketDamage
3    1e6d8 wp_grenadeTime
3    1e7e8 wp_grenadeSpeed
3    1e8f8 wp_grenadeRadius
3    1ea08 wp_grenadeSplash
3    1eb18 wp_grenadeDamage
3    1ec28 wp_machineDamageTeam
3    1ed38 wp_machineDamage
3    1ee48 wp_shotgunDamage
3    1ef58 wp_lightDamage
3    1f068 wp_gauntDamage
3    1f178 g_jumpVelocity
3    1f288 g_hasteFactor
3    1f398 g_predictPVS
3    1f4a8 g_unlagged
3    1f5b8 g_rotation
3    1f6c8 pmove_msec
3    1f7d8 pmove_fixed
3    1f8e8 g_smoothClients
3    1f9f8 g_filterBan
3    1fb08 g_banIPs
3    1fc18 g_teamForceBalance
3    1fd28 g_autoJoin
3    1fe38 g_allowVote
3    1ff48 g_blood
3    20058 g_warmup
3    20168 g_motd
3    20278 g_synchronousClients
3    20388 g_weaponTeamRespawn
3    20498 g_weaponRespawn
3    205a8 g_debugDamage
3    206b8 g_debugAlloc
3    207c8 g_debugMove
3    208d8 g_inactivity
3    209e8 g_forcerespawn
3    20af8 g_quadfactor
3    20c08 g_knockback
3    20d18 g_speed
3    20e28 g_gravity
3    20f38 g_needpass
3    21048 g_password
3    21158 g_friendlyFire
3    21268 g_capturelimit
3    21378 g_timelimit
3    21488 g_fraglimit
3    21598 g_dmflags
3    216a8 g_restarted
3    217b8 g_maxGameClients
3    218c8 g_cheats
3    219d8 g_dedicated
3    21ae8 g_fps
3    21bf8 g_mapname
3    21d08 g_gametype
3    21e18 g_entities
3   1f2e18 level
3   1f5c98 notleader
3   1f5d98 nodeswitch
3   1f7a48 numnodeswitches
3   1f7a4c blue_numaltroutegoals
3   1f7a50 blue_altroutegoals
3   1f7d50 red_numaltroutegoals
3   1f7d54 red_altroutegoals
3   1f8054 altroutegoals_setup
3   1f8058 max_bspmodelindex
3   1f805c lastteleport_time
3   1f8060 lastteleport_origin
3   1f806c bot_spSkill
3   1f817c bot_predictobstacles
3   1f828c botai_freewaypoints
3   1f8290 botai_waypoints
3   1fb490 ctf_blueflag
3   1fb4c8 ctf_redflag
3   1fb500 bot_challenge
3   1fb610 bot_testrchat
3   1fb720 bot_nochat
3   1fb830 bot_fastchat
3   1fb940 bot_rocketjump
3   1fba50 bot_grapple
3   1fbb60 bot_instagib
3   1fbc70 gametype
3   1fcc84 bot_interbreedwrite
3   1fcd94 bot_interbreedcycle
3   1fcea4 bot_interbreedbots
3   1fcfb4 bot_interbreedchar
3   1fd0c4 bot_developer
3   1fd1d4 bot_testclusters
3   1fd2e4 bot_testsolid
3   1fd3f4 bot_report
3   1fd504 bot_pause
3   1fd614 bot_saveroutingcache
3   1fd724 bot_memorydump
3   1fd834 bot_thinktime
3   1fd944 bot_interbreedmatchcount
3   1fd948 bot_interbreed
3   1fd94c regularupdate_time
3   1fd950 numbots
3   1fd954 botstates
3   1fda54 mapname
3   1fda94 floattime
3   1fda98 ctftaskpreferences
3   1fe498 destinationsAngles
3   1fe49c destinations
3   1fe4a0 portalsAngles
3   1fe4a4 portals
3   1fe4a8 items
3   1fe4ac pml
3   1fe53c pm
3   1fec84 podium3
3   1fec88 podium2
3   1fec8c podium1
3   1fec94 bot_minplayers
3   1feda4 botSpawnQueue^14
3   1fee24 g_arenaInfos^14
3   1ffe24 g_numArenas
3   1ffe28 g_botInfos^14
3   200e28 g_numBots^14
3   200e2c ban_reason^15
3   20132c props^16
3   203330 itemRegistered
3   203730 allocPoint^19
3   203734 memoryPool^19
3   2c3734 pushed_p
3   2c3738 pushed
3   2cb738 numIPFilters^26
3   2cb73c ipFilters^26
3   2cd73c target_execs
3   2cd9bc teamgame
3   2ceae4 remappedShaders
3   2d2ce4 muzzle_origin^32
3   2d2cf0 muzzle^32
3   2d2cfc up^32
3   2d2d08 right^32
3   2d2d14 forward^32
3   2d2d20 s_quadFactor^32
3   2e773c is_separator^34
3   2e7b3c com_tokenline^34
3   2e7b40 com_lines^34
3   2e7b44 com_parsename^34
3   2e7f44 com_token^34
