0 ffffff96 atan2
0 ffffff97 cos
0 ffffff98 sin
0 ffffff99 strncpy
0 ffffff9a memcpy
0 ffffff9b memset
0 ffffffae trap_VerifyCDKey
0 ffffffbd trap_LAN_GetServerAddressString
0 ffffffbe trap_LAN_GetServerCount
0 ffffffc9 trap_SetCDKey
0 ffffffca trap_GetCDKey
0 ffffffcb trap_MemoryRemaining
0 ffffffcc trap_Cvar_Update
0 ffffffcd trap_Cvar_Register
0 ffffffce trap_LAN_GetPingInfo
0 ffffffcf trap_LAN_GetPing
0 ffffffd0 trap_LAN_ClearPing
0 ffffffd1 trap_LAN_GetPingQueueCount
0 ffffffd2 trap_GetConfigString
0 ffffffd3 trap_GetClientState
0 ffffffd4 trap_GetGlconfig
0 ffffffd5 trap_GetClipboardData
0 ffffffd6 trap_Key_SetCatcher
0 ffffffd7 trap_Key_GetCatcher
0 ffffffd8 trap_Key_ClearStates
0 ffffffd9 trap_Key_SetOverstrikeMode
0 ffffffda trap_Key_GetOverstrikeMode
0 ffffffdb trap_Key_IsDown
0 ffffffdc trap_Key_SetBinding
0 ffffffdd trap_Key_GetBindingBuf
0 ffffffde trap_Key_KeynumToStringBuf
0 ffffffdf trap_S_StartLocalSound
0 ffffffe0 trap_S_RegisterSound
0 ffffffe2 trap_CM_LerpTag
0 ffffffe4 trap_R_DrawStretchPic
0 ffffffe5 trap_R_SetColor
0 ffffffe6 trap_R_RenderScene
0 ffffffe7 trap_R_AddLightToScene
0 ffffffe9 trap_R_AddRefEntityToScene
0 ffffffea trap_R_ClearScene
0 ffffffeb trap_R_RegisterShaderNoMip
0 ffffffec trap_R_RegisterSkin
0 ffffffed trap_R_RegisterModel
0 ffffffee trap_FS_GetFileList
0 ffffffef trap_FS_FCloseFile
0 fffffff1 trap_FS_Read
0 fffffff2 trap_FS_FOpenFile
0 fffffff3 trap_Cmd_ExecuteText
0 fffffff4 trap_Argv
0 fffffff8 trap_Cvar_Reset
0 fffffff9 trap_Cvar_SetValue
0 fffffffa trap_Cvar_VariableStringBuffer
0 fffffffb trap_Cvar_VariableValue
0 fffffffc trap_Cvar_Set
0 fffffffd trap_Milliseconds
0 fffffffe trap_Print
0 ffffffff trap_Error
0        0 vmMain
0       7c UI_RegisterCvars
0       b1 UI_UpdateCvars
0       d4 UI_VideoCheck
0      16a BG_StripColor
0      1c3 Q_stristr
0      224 Q_strlen
0      243 AddInt^1
0      31e AddFloat^1
0      433 AddString^1
0      4c5 ED_vsprintf
0      6b5 BG_sprintf
0      6d2 swapfunc^2
0      759 med3^2
0      7ec qsort
0      b9f strlen
0      bba strcat
0      bf4 strcpy
0      c20 strcmp
0      c5c strchr
0      c8c strstr
0      cda tolower
0      cf2 toupper
0      d0a memmove
0      d5d tan
0      d74 rand
0      d8a atof
0      e4b atoi
0      ec3 abs
0      edc fabs
0      ef5 UI_AddBotsMenu_FightEvent^3
0      f37 UI_AddBotsMenu_BotEvent^3
0      f59 UI_AddBotsMenu_BackEvent^3
0      f65 UI_AddBotsMenu_SetBotNames^3
0      fa0 UI_AddBotsMenu_UpEvent^3
0      fbb UI_AddBotsMenu_DownEvent^3
0      fd9 UI_AddBotsMenu_SortCompare^3
0     1023 UI_AddBotsMenu_GetSortedBotNums^3
0     104b UI_AddBotsMenu_Draw^3
0     106d UI_AddBotsMenu_Init^3
0     1257 UI_AddBots_Cache
0     1282 UI_AddBotsMenu
0     128d Com_Error
0     12a6 Com_Printf
0     12bf UI_ClampCvar
0     12dd UI_PushMenu
0     137c UI_PopMenu
0     13b0 UI_ForceMenuOff
0     13cf UI_LerpColor
0     143c UI_DrawBannerString2^4
0     1509 UI_DrawBannerString
0     15b2 UI_ProportionalStringWidth
0     15f5 UI_DrawProportionalString2^4
0     16c9 UI_ProportionalSizeScale
0     16d8 UI_DrawProportionalString
0     183d UI_DrawProportionalString_AutoWrapped
0     1939 UI_DrawString2^4
0     1a23 UI_DrawString
0     1b39 UI_DrawChar
0     1b54 UI_IsFullscreen
0     1b6f NeedCDAction^4
0     1b7d NeedCDKeyAction^4
0     1b8b UI_SetActiveMenu
0     1bd9 UI_KeyEvent
0     1c29 UI_MouseEvent
0     1d43 UI_Argv
0     1d52 UI_Cvar_VariableString
0     1d61 UI_Cache_f
0     1dbb UI_ConsoleCommand
0     1e7c UI_Shutdown
0     1e7f UI_Init
0     1e96 UI_AdjustFrom640
0     1ed3 UI_DrawNamedPic
0     1f06 UI_DrawHandlePic
0     1f60 UI_DrawCursor^4
0     1f88 UI_FillRect
0     1fbb UI_DrawRect
0     2042 UI_SetColor
0     204b UI_Refresh
0     2113 UI_CursorInRect
0     2142 UI_CDKeyMenu_Event^5
0     216e UI_CDKeyMenu_PreValidateKey^5
0     21c7 UI_CDKeyMenu_DrawKey^5
0     229a UI_CDKeyMenu_Init^5
0     2371 UI_CDKeyMenu_Cache
0     238d UI_CDKeyMenu
0     2398 UI_CDKeyMenu_f
0     239e UI_CinematicsMenu_BackEvent^6
0     23aa UI_CinematicsMenu_Event^6
0     23f7 UI_CinematicsMenu_Init^6
0     26cd UI_CinematicsMenu_Cache
0     26e4 UI_CinematicsMenu
0     26ef UI_CinematicsMenu_f
0     2713 ConfirmMenu_Event^7
0     2739 ConfirmMenu_Key^7
0     2793 ConfirmMenu_Draw^7
0     27cd ConfirmMenu_Cache
0     27d5 UI_ConfirmMenu_Style
0     289c UI_ConfirmMenu
0     28ad UI_ReadableSize^8
0     2958 UI_PrintTime^8
0     29ab UI_DisplayDownloadInfo^8
0     2bf9 UI_DrawConnectScreen
0     2d0a Controls_InitCvars^9
0     2d5a Controls_GetCvarDefault^9
0     2d95 Controls_GetCvarValue^9
0     2dd0 Controls_UpdateModel^9
0     2ebe Controls_Update^9
0     30c0 Controls_DrawKeyBinding^9
0     3253 Controls_StatusBar^9
0     3263 Controls_DrawPlayer^9
0     32b8 Controls_GetKeyAssignment^9
0     3316 Controls_GetConfig^9
0     33fb Controls_SetConfig^9
0     34b8 Controls_SetDefaults^9
0     354d Controls_MenuKey^9
0     36ca Controls_ResetDefaults_Action^9
0     36dc Controls_ResetDefaults_Draw^9
0     36f9 Controls_MenuEvent^9
0     378e Controls_ActionEvent^9
0     37be Controls_InitModel^9
0     37dd Controls_InitWeapons^9
0     3802 Controls_MenuInit^9
0     3d4d Controls_Cache
0     3d64 UI_ControlsMenu
0     3d6f UI_CreditMenu_Key^10
0     3d85 UI_CreditMenu_Draw^10
0     3f39 UI_CreditMenu
0     3f53 Demos_DrawFilter^11
0     403c UI_DemosSavePosition^11
0     4055 UI_DemosRestorePosition^11
0     406e UI_DemosReadDir^11
0     41da UI_UpdateDirectory^11
0     4268 UI_DemoClick^11
0     42f7 Demos_MenuEvent^11
0     435d UI_DemosDblclick^11
0     4363 UI_DemosMenu_Key^11
0     43c3 UI_cstrdiff
0     440a UI_cstricmp
0     44cd compare_entries^11
0     450d UI_demosort^11
0     45d0 UI_DemosFillList^11
0     4782 Demos_MenuInit^11
0     4945 Demos_Cache
0     496b UI_DemosMenu
0     4976 UI_DisplayOptionsMenu_Event^12
0     49c9 UI_DisplayOptionsMenu_Init^12
0     4b55 UI_DisplayOptionsMenu_Cache
0     4b6c UI_DisplayOptionsMenu
0     4b7e UI_Alloc
0     4bac UI_InitMemory
0     4bb5 UI_ParseInfos
0     4cab UI_LoadArenasFromFile^13
0     4d2b UI_LoadArenas^13
0     4f38 UI_GetArenaInfoByNumber
0     4f9b UI_GetArenaInfoByMap
0     4fda UI_GetSpecialArenaInfo
0     5019 UI_LoadBotsFromFile^13
0     50a2 UI_LoadBots^13
0     5128 UI_GetBotInfoByNumber
0     5153 UI_GetBotInfoByName
0     5196 UI_GetBestScore
0     521c UI_SetBestScore
0     52a3 UI_LogAwardData
0     5306 UI_GetAwardLevel
0     5330 UI_TierCompleted
0     53c7 UI_ShowTierVideo
0     5419 UI_CanShowTierVideo
0     5462 UI_GetCurrentGame
0     54f5 UI_NewGame
0     5529 UI_GetNumArenas
0     552f UI_GetNumSPArenas
0     5535 UI_GetNumSPTiers
0     553d UI_GetNumBots
0     5543 UI_SPUnlock_f
0     5599 UI_SPUnlockMedals_f
0     55d3 UI_InitGameinfo
0     55f9 InGame_RestartAction^14
0     560c InGame_QuitAction^14
0     561b InGame_Event
0     567b InGame_MenuInit
0     58f4 InGame_Cache
0     58fc UI_InGameMenu
0     5910 MainMenu_ExitAction^16
0     591f Main_MenuEvent
0     5976 MainMenu_Cache
0     5983 ErrorMessage_Key
0     5993 Main_MenuDraw^16
0     5a89 UI_TeamArenaExists^16
0     5ae9 UI_MainMenu
0     5ccf MField_Draw
0     5df9 MField_Paste
0     5e2e MField_KeyDownEvent
0     5f83 MField_CharEvent
0     60e4 MField_Clear
0     60fb MenuField_Init
0     617a MenuField_Draw
0     625d MenuField_Key
0     632f UI_Mods_MenuEvent^18
0     6365 UI_Mods_ParseInfos^18
0     63cf UI_Mods_LoadMods^18
0     6456 UI_Mods_MenuInit^18
0     652b UI_ModsMenu_Cache
0     654c UI_ModsMenu
0     6557 UI_NetworkOptionsMenu_Event^19
0     65d3 UI_NetworkOptionsMenu_Init^19
0     673e UI_NetworkOptionsMenu_Cache
0     6755 UI_NetworkOptionsMenu
0     6767 PlayerModel_UpdateGrid^21
0     686b PlayerModel_UpdateModel^21
0     68a1 PlayerModel_SaveChanges^21
0     68b2 PlayerModel_MenuEvent^21
0     6901 PlayerModel_MenuKey^21
0     6a16 PlayerModel_PicEvent^21
0     6b11 PlayerModel_DrawPlayer^21
0     6b65 PlayerModel_BuildList^21
0     6c92 PlayerModel_SetMenuItems^21
0     6d5c PlayerModel_MenuInit^21
0     6ffc PlayerModel_Cache
0     703b UI_PlayerModelMenu
0     7054 UI_PlayerInfo_SetWeapon^22
0     7213 UI_ForceLegsAnim^22
0     7235 UI_SetLegsAnim^22
0     7259 UI_ForceTorsoAnim^22
0     728d UI_SetTorsoAnim^22
0     72b1 UI_TorsoSequencing^22
0     7333 UI_LegsSequencing^22
0     7388 UI_PositionEntityOnTag^22
0     743c UI_PositionRotatedEntityOnTag^22
0     74f2 UI_SetLerpFrameAnimation^22
0     7543 UI_RunLerpFrame^22
0     766c UI_PlayerAnimation^22
0     7728 UI_SwingAngles^22
0     7829 UI_MovedirAdjustment^22
0     78d4 UI_PlayerAngles^22
0     79d2 UI_PlayerFloatSprite^22
0     79fa UI_MachinegunSpinAngle^22
0     7a92 UI_DrawPlayer
0     7de0 UI_RegisterClientSkin^22
0     7e5e UI_ParseAnimationFile^22
0     80c8 UI_RegisterClientModelname
0     81e6 UI_PlayerInfo_SetModel
0     823e UI_PlayerInfo_SetInfo
0     8428 PlayerSettings_DrawName^23
0     855a PlayerSettings_DrawHandicap^23
0     85c7 PlayerSettings_DrawEffects^23
0     8685 PlayerSettings_DrawPlayer^23
0     86ef PlayerSettings_SaveChanges^23
0     8711 PlayerSettings_MenuKey^23
0     872f PlayerSettings_SetMenuItems^23
0     87ad PlayerSettings_MenuEvent^23
0     87f0 PlayerSettings_MenuInit^23
0     8977 PlayerSettings_Cache
0     89ac UI_PlayerSettingsMenu
0     89b7 Preferences_SetMenuItems^24
0     8aa3 Preferences_Event^24
0     8b6f Crosshair_Draw^24
0     8c58 Preferences_MenuInit^24
0     8e90 Preferences_Cache
0     8ede UI_PreferencesMenu
0     8ee9 Text_Init^25
0     8efa Text_Draw^25
0     8f5f BText_Init^25
0     8f70 BText_Draw^25
0     8fb2 PText_Init^25
0     9043 PText_Draw^25
0     90af Bitmap_Init
0     9136 Bitmap_Draw
0     9312 Action_Init^25
0     9362 Action_Draw^25
0     9404 RadioButton_Init^25
0     9458 RadioButton_Key^25
0     94ee RadioButton_Draw^25
0     95ff Slider_Init^25
0     9653 Slider_Key^25
0     9757 Slider_Draw^25
0     985c SpinControl_Init^25
0     98ff SpinControl_Key^25
0     99ba SpinControl_Draw^25
0     9a9c ScrollList_Init^25
0     9b50 ScrollList_Key
0     a27a ScrollList_Draw
0     a383 Menu_AddItem
0     a475 Menu_CursorMoved
0     a4fa Menu_SetCursor
0     a527 Menu_SetCursorToItem
0     a55d Menu_AdjustCursor
0     a606 Menu_Draw
0     a74d Menu_ItemAtCursor
0     a775 Menu_ActivateItem
0     a79f Menu_DefaultKey
0     a97b Menu_Cache
0     aa4f UI_RemoveBotsMenu_SetBotNames^26
0     aa9e UI_RemoveBotsMenu_DeleteEvent^26
0     aac0 UI_RemoveBotsMenu_BotEvent^26
0     aae2 UI_RemoveBotsMenu_BackEvent^26
0     aaee UI_RemoveBotsMenu_UpEvent^26
0     ab09 UI_RemoveBotsMenu_DownEvent^26
0     ab27 UI_RemoveBotsMenu_GetBots^26
0     ab92 UI_RemoveBots_Cache
0     abae UI_RemoveBotsMenu_Init^26
0     ad48 UI_RemoveBotsMenu
0     ad53 Favorites_Add
0     adc5 ServerInfo_Event^28
0     adf0 ServerInfo_MenuKey^28
0     adff ServerInfo_Cache
0     ae23 UI_ServerInfoMenu
0     afc7 ArenaServers_DrawFilter^29
0     b0ca ArenaServers_MaxPing^29
0     b0e2 ArenaServers_Compare^29
0     b1ea ArenaServers_Go^29
0     b20b ArenaServers_Dblclick^29
0     b211 ArenaServers_UpdatePicture^29
0     b23a ArenaServers_UpdateList^29
0     b371 ArenaServers_UpdateMenu^29
0     b493 ArenaServers_Remove^29
0     b55a UI_CleanStr^29
0     b617 ArenaServers_Insert^29
0     b7fc ArenaServers_LoadFavorites
0     b8d0 ArenaServers_StopRefresh^29
0     b8fb ArenaServers_DoRefresh^29
0     bab3 ArenaServers_StartRefresh^29
0     bb65 ArenaServers_SaveChanges
0     bbaf ArenaServers_Sort
0     bbcb ArenaServers_SetType
0     bc4f ArenaServers_Event^29
0     bd46 ArenaServers_MenuDraw^29
0     bd55 ArenaServers_MenuKey^29
0     bdc4 ArenaServers_MenuInit^29
0     c167 ArenaServers_Cache
0     c1b0 UI_ArenaServersMenu
0     c1bb Setup_ResetDefaults_Action^30
0     c1d9 Setup_ResetDefaults_Draw^30
0     c1f6 UI_SetupMenu_Event^30
0     c23d UI_SetupMenu_Init^30
0     c3cf UI_SetupMenu_Cache
0     c3e6 UI_SetupMenu
0     c3f1 UI_SoundOptionsMenu_Event^31
0     c472 UI_SoundOptionsMenu_Init^31
0     c62b UI_SoundOptionsMenu_Cache
0     c642 UI_SoundOptionsMenu
0     c654 UI_SPArena_Start
0     c6e8 SpecifyServer_Event^33
0     c742 SpecifyServer_MenuInit
0     c835 SpecifyServer_Cache
0     c859 UI_SpecifyServerMenu
0     c864 PlayerIcon^34
0     c8c9 PlayerIconHandle^34
0     c8df UI_SPLevelMenu_SetBots^34
0     c9be UI_SPLevelMenu_SetMenuArena^34
0     ca7f UI_SPLevelMenu_SetMenuItems^34
0     cc44 UI_SPLevelMenu_ResetDraw^34
0     cc7b UI_SPLevelMenu_ResetAction^34
0     cc94 UI_SPLevelMenu_ResetEvent^34
0     cca6 UI_SPLevelMenu_LevelEvent^34
0     ccee UI_SPLevelMenu_LeftArrowEvent^34
0     cd0c UI_SPLevelMenu_RightArrowEvent^34
0     cd2a UI_SPLevelMenu_PlayerEvent^34
0     cd36 UI_SPLevelMenu_AwardEvent^34
0     cd55 UI_SPLevelMenu_NextEvent^34
0     cd72 UI_SPLevelMenu_BackEvent^34
0     cd85 UI_SPLevelMenu_CustomEvent^34
0     cd93 UI_SPLevelMenu_MenuDraw^34
0     d08e UI_SPLevelMenu_Cache
0     d160 UI_SPLevelMenu_Init^34
0     d48f UI_SPLevelMenu
0     d53c UI_SPLevelMenu_f
0     d54a UI_SPLevelMenu_ReInit
0     d550 UI_SPPostgameMenu_AgainEvent^35
0     d563 UI_SPPostgameMenu_NextEvent^35
0     d5c3 UI_SPPostgameMenu_MenuEvent^35
0     d5d6 UI_SPPostgameMenu_MenuKey^35
0     d62f UI_SPPostgameMenu_DrawAwardsMedals^35
0     d6b2 UI_SPPostgameMenu_DrawAwardsPresentation^35
0     d729 UI_SPPostgameMenu_MenuDrawScoreLine^35
0     d7b6 UI_SPPostgameMenu_MenuDraw^35
0     d93e UI_SPPostgameMenu_Cache
0     d9a8 UI_SPPostgameMenu_Init^35
0     da2c Prepname^35
0     da8f UI_SPPostgameMenu_f
0     ddc7 SetSkillColor^36
0     ddfa UI_SPSkillMenu_SkillEvent^36
0     de51 UI_SPSkillMenu_FightEvent^36
0     de60 UI_SPSkillMenu_BackEvent^36
0     de74 UI_SPSkillMenu_Key^36
0     de97 UI_SPSkillMenu_Cache
0     defd UI_SPSkillMenu_Init^36
0     e08a UI_SPSkillMenu
0     e0a0 GametypeBits^37
0     e12c StartServer_Update^37
0     e295 StartServer_MapEvent^37
0     e2af StartServer_GametypeEvent^37
0     e341 StartServer_MenuEvent^37
0     e3a5 StartServer_LevelshotDraw^37
0     e501 StartServer_MenuInit^37
0     e780 StartServer_Cache
0     e815 UI_StartServerMenu
0     e824 BotAlreadySelected^37
0     e870 ServerOptions_Start^37
0     eaa3 ServerOptions_InitPlayerItems^37
0     eb51 ServerOptions_SetPlayerItems^37
0     ebed ServerOptions_Event^37
0     ec31 ServerOptions_PlayerNameEvent^37
0     ec4f ServerOptions_StatusBar^37
0     ec68 ServerOptions_LevelshotDraw^37
0     ecf5 ServerOptions_InitBotNames^37
0     ee46 ServerOptions_SetMenuItems^37
0     eff4 PlayerName_Draw^37
0     f0cd ServerOptions_MenuInit^37
0     f49f ServerOptions_Cache
0     f4c0 UI_ServerOptionsMenu^37
0     f4ce UI_BotSelectMenu_SortCompare^37
0     f518 UI_BotSelectMenu_BuildList^37
0     f562 ServerPlayerIcon^37
0     f5c7 UI_BotSelectMenu_UpdateGrid^37
0     f737 UI_BotSelectMenu_Default^37
0     f7aa UI_BotSelectMenu_LeftEvent^37
0     f7cb UI_BotSelectMenu_RightEvent^37
0     f7ef UI_BotSelectMenu_BotEvent^37
0     f855 UI_BotSelectMenu_BackEvent^37
0     f861 UI_BotSelectMenu_SelectEvent^37
0     f880 UI_BotSelectMenu_Cache
0     f8b0 UI_BotSelectMenu_Init^37
0     fb07 UI_BotSelectMenu
0     fb15 TeamMain_MenuEvent^38
0     fb63 TeamMain_MenuInit
0     fc98 TeamMain_Cache
0     fca0 UI_TeamMainMenu
0     fcab UI_TeamOrdersMenu_BackEvent^39
0     fcb7 UI_TeamOrdersMenu_SetList^39
0     fcf8 UI_TeamOrdersMenu_Key
0     fe1a UI_TeamOrdersMenu_ListDraw^39
0     fe94 UI_TeamOrdersMenu_ListEvent^39
0     ff0e UI_TeamOrdersMenu_BuildBotList^39
0     fff5 UI_TeamOrdersMenu_Init^39
0    1008c UI_TeamOrdersMenu_Cache
0    1009e UI_TeamOrdersMenu
0    100a9 UI_TeamOrdersMenu_f
0    100f3 DriverInfo_Event^40
0    1010c DriverInfo_MenuDraw^40
0    101e0 DriverInfo_Cache
0    10204 UI_DriverInfo_Menu^40
0    1033a GraphicsOptions_GetInitialVideo^40
0    10362 GraphicsOptions_CheckConfig^40
0    103d2 GraphicsOptions_UpdateMenuItems^40
0    1049e GraphicsOptions_ApplyChanges^40
0    10597 GraphicsOptions_Event^40
0    10618 GraphicsOptions_TQEvent^40
0    10629 GraphicsOptions_MenuDraw
0    10634 GraphicsOptions_SetMenuItems^40
0    1072c GraphicsOptions_MenuInit
0    109e8 GraphicsOptions_Cache
0    10a09 UI_GraphicsOptionsMenu
0    10a1b AnglesToAxis
0    10a50 AxisClear
0    10a8b Q_fabs
0    10a9b AngleSubtract
0    10ac0 AnglesSubtract
0    10b0e AngleMod
0    10b24 MatrixMultiply
0    10c8d AngleVectors
0    10d7f Com_Clamp
0    10d9d COM_StripExtension
0    10de8 COM_Parse
0    10df7 SkipWhitespace^42
0    10e36 COM_ParseExt
0    10f97 Q_isprint
0    10fac Q_islower
0    10fc1 Q_isupper
0    10fd6 Q_isalpha
0    10ff3 Q_strrchr
0    11027 Q_strncpyz
0    1106a Q_stricmpn
0    110f9 Q_stricmp
0    1117a Q_strupr
0    111a0 Q_strcat
0    111cc Q_CleanStr
0    1122d Com_sprintf
0    1125c va
0    1128b Q_strkey^42
0    112ca Info_ValueForKey
0    113ba Info_NextPair
0    11452 Info_RemoveKey^42
0    114f8 Info_ValidateKeyValue
0    11531 Info_SetValueForKey
0   12df10 _stackStart
0   13df10 _stackEnd
1       30 cvarTable^0
1      330 cvarTableSize^0
1      334 bg_itemlist
1     1070 randSeed^2
1     1074 skillNames^3
1     108c teamNames1^3
1     1094 teamNames2^3
1     10a0 propMap^4
1     16a0 propMapB^4
1     1850 cinematics^6
1     188c controls_binding_color^9
1     189c g_bindings^9
1     1cfc g_configcvars^9
1     1d68 g_movement_controls^9
1     1d98 g_weapons_controls^9
1     1dd0 g_looking_controls^9
1     1e00 g_misc_controls^9
1     1e20 g_controls^9
1     1ee4 dirlevel^11
1     1ee8 sorttype^11
1     1f98 rate_items^19
1     1fc8 playermodel_artlist^21
1     2058 handicap_items^23
1     20ac teamoverlay_names^24
1     20f0 menu_text_color
1     2100 color_black
1     2110 color_white
1     2120 color_yellow
1     2130 color_orange
1     2140 color_red
1     2150 pulse_color
1     2160 text_color_disabled
1     2170 text_color_normal
1     2180 text_color_highlight
1     2190 listbar_color
1     22e4 serverinfo_artlist^28
1     22f8 master_items^29
1     2308 servertype_items^29
1     2320 sortkey_items^29
1     2338 netnames^29
1     2348 punkbuster_items
1     23e8 quality_items^31
1     2418 specifyserver_artlist^33
1     2434 ui_medalNames
1     244c ui_medalPicNames
1     2464 ui_medalSounds
1     247c medalLocations^35
1     24a8 gametype_items^37
1     24bc gametype_remap^37
1     24cc gametype_remap2^37
1     24f0 dedicated_list^37
1     2500 playerType_list^37
1     2510 playerTeam_list^37
1     251c botSkill_list^37
1     259c ctfOrders^39
1     25bc ctfMessages^39
1     25dc teamOrders^39
1     25f8 teamMessages^39
1     2614 driverinfo_artlist^40
1     2628 s_ivo_templates^40
1     27a0 vec3_origin
1     27ac colorBlack
1     27bc colorRed
1     27cc colorYellow
1     27dc colorWhite
1     27ec colorMdGrey
1     27fc g_color_table
2     25b4 dir^11
2     392a quake3worldMessage^29
2     5221 locase
3        0 ui_developer
3      110 ui_cdkeychecked
3      220 ui_server16
3      330 ui_server15
3      440 ui_server14
3      550 ui_server13
3      660 ui_server12
3      770 ui_server11
3      880 ui_server10
3      990 ui_server9
3      aa0 ui_server8
3      bb0 ui_server7
3      cc0 ui_server6
3      dd0 ui_server5
3      ee0 ui_server4
3      ff0 ui_server3
3     1100 ui_server2
3     1210 ui_server1
3     1320 ui_marks
3     1430 ui_drawCrosshairNames
3     1540 ui_drawCrosshair
3     1650 ui_brassTime
3     1760 ui_browserShowEmpty
3     1870 ui_browserShowFull
3     1980 ui_browserSortKey
3     1a90 ui_browserGameType
3     1ba0 ui_browserMaster
3     1cb0 ui_spSelection
3     1dc0 ui_spSkill
3     1ed0 ui_spVideos
3     1fe0 ui_spAwards
3     20f0 ui_spScores5
3     2200 ui_spScores4
3     2310 ui_spScores3
3     2420 ui_spScores2
3     2530 ui_spScores1
3     2640 ui_botsFile
3     2750 ui_arenasFile
3     2860 ui_ctf_friendly
3     2970 ui_ctf_timelimit
3     2a80 ui_ctf_capturelimit
3     2b90 ui_team_friendly
3     2ca0 ui_team_timelimit
3     2db0 ui_team_fraglimit
3     2ec0 ui_tourney_timelimit
3     2fd0 ui_tourney_fraglimit
3     30e0 ui_ffa_timelimit
3     31f0 ui_ffa_fraglimit
3     3300 addBotsMenuInfo^3
3     51cc uis
3     7ea4 m_entersound
3     7ea8 cdkeyMenuInfo^5
3     8280 cinematicsMenuInfo^6
3     87fc s_confirm^7
3     89d0 lastLoadingText^8
3     8dd0 lastConnState^8
3     8df4 s_controls^9
3     a1d0 s_credits^10
3     a2f4 show_names^11
3    3a2f4 buffer^11
3    4a2f4 listpos^11
3    4a4f4 num_files^11
3    4a4f8 dptr^11
3    4b4f8 dentry^11
3    4e4f8 s_demos^11
3    4fbac displayOptionsInfo^12
3    50000 outOfMemory^13
3    50004 allocPoint^13
3    50008 memoryPool^13
3    70008 ui_numSpecialSinglePlayerArenas^13
3    7000c ui_numSinglePlayerArenas^13
3    70010 ui_arenaInfos^13
3    71010 ui_numArenas^13
3    71014 ui_botInfos^13
3    72014 ui_numBots
3    72018 s_ingame^14
3    72490 s_errorMessage^16
3    735b4 s_main^16
3    7393c s_mods^18
3    74e90 networkOptionsInfo^19
3    75310 s_playermodel^21
3    7e868 jumpHeight^22
3    7e86c dp_realtime^22
3    7e870 s_playersettings^23
3    7f2d4 s_preferences^24
3    7f8c0 sliderButton_1^25
3    7f8c4 sliderButton_0^25
3    7f8c8 sliderBar^25
3    7f8cc weaponChangeSound
3    7f8d0 menu_null_sound
3    7f8d4 menu_buzz_sound
3    7f8d8 menu_out_sound
3    7f8dc menu_move_sound
3    7f8e0 menu_in_sound
3    7f8e4 removeBotsMenuInfo^26
3    80f7c show_info^28
3    835bc itemnames^28
3    836bc s_serverinfo^28
3    83e78 g_fullservers^29
3    83e7c g_emptyservers^29
3    83e80 g_sortkey^29
3    83e84 g_gametype^29
3    83e88 g_servertype^29
3    83e8c g_numfavoriteservers^29
3    83e90 g_favoriteserverlist^29
3    84790 g_numlocalservers^29
3    84794 g_localserverlist^29
3    96794 g_numglobalservers^29
3    96798 g_globalserverlist^29
3   102798 g_arenaservers^29
3   1109e8 setupMenuInfo^30
3   110e34 soundOptionsInfo^31
3   1112f4 s_specifyserver^33
3   11187c maxTier^34
3   111880 minTier^34
3   111884 finalTier^34
3   111888 trainingTier^34
3   11188c currentGame^34
3   111890 currentSet^34
3   111894 selectedArena^34
3   111898 selectedArenaSet^34
3   11189c levelMenuInfo^34
3   112324 arenainfo^35
3   112724 postgameMenuInfo^35
3   112af0 skillMenuInfo^36
3   1130ec botSelectInfo^37
3   115978 s_serveroptions^37
3   1172cc s_startserver^37
3   118ac8 s_teammain^38
3   118d78 teamOrdersMenuInfo^39
3   1190cc s_graphicsoptions^40
3   119944 s_ivo^40
3   119968 s_driverinfo^40
3   12db08 com_tokenline^42
3   12db0c com_lines^42
3   12db10 com_token^42
