0 ffffff96 atan2
0 ffffff97 cos
0 ffffff98 sin
0 ffffff99 strncpy
0 ffffff9a memcpy
0 ffffff9b memset
0 ffffffae trap_VerifyCDKey
0 ffffffbd trap_LAN_GetServerAddressString
0 ffffffbe trap_LAN_GetServerCount
0 ffffffc9 trap_SetCDKey
0 ffffffca trap_GetCDKey
0 ffffffcb trap_MemoryRemaining
0 ffffffcc trap_Cvar_Update
0 ffffffcd trap_Cvar_Register
0 ffffffce trap_LAN_GetPingInfo
0 ffffffcf trap_LAN_GetPing
0 ffffffd0 trap_LAN_ClearPing
0 ffffffd1 trap_LAN_GetPingQueueCount
0 ffffffd2 trap_GetConfigString
0 ffffffd3 trap_GetClientState
0 ffffffd4 trap_GetGlconfig
0 ffffffd5 trap_GetClipboardData
0 ffffffd6 trap_Key_SetCatcher
0 ffffffd7 trap_Key_GetCatcher
0 ffffffd8 trap_Key_ClearStates
0 ffffffd9 trap_Key_SetOverstrikeMode
0 ffffffda trap_Key_GetOverstrikeMode
0 ffffffdb trap_Key_IsDown
0 ffffffdc trap_Key_SetBinding
0 ffffffdd trap_Key_GetBindingBuf
0 ffffffde trap_Key_KeynumToStringBuf
0 ffffffdf trap_S_StartLocalSound
0 ffffffe0 trap_S_RegisterSound
0 ffffffe2 trap_CM_LerpTag
0 ffffffe4 trap_R_DrawStretchPic
0 ffffffe5 trap_R_SetColor
0 ffffffe6 trap_R_RenderScene
0 ffffffe7 trap_R_AddLightToScene
0 ffffffe9 trap_R_AddRefEntityToScene
0 ffffffea trap_R_ClearScene
0 ffffffeb trap_R_RegisterShaderNoMip
0 ffffffec trap_R_RegisterSkin
0 ffffffed trap_R_RegisterModel
0 ffffffee trap_FS_GetFileList
0 ffffffef trap_FS_FCloseFile
0 fffffff1 trap_FS_Read
0 fffffff2 trap_FS_FOpenFile
0 fffffff3 trap_Cmd_ExecuteText
0 fffffff4 trap_Argv
0 fffffff8 trap_Cvar_Reset
0 fffffff9 trap_Cvar_SetValue
0 fffffffa trap_Cvar_VariableStringBuffer
0 fffffffb trap_Cvar_VariableValue
0 fffffffc trap_Cvar_Set
0 fffffffd trap_Milliseconds
0 fffffffe trap_Print
0 ffffffff trap_Error
0        0 vmMain
0       7f UI_RegisterCvars
0       b4 UI_UpdateCvars
0       d7 UI_VideoCheck
0      16d BG_StripColor
0      1c6 Q_stristr
0      227 Q_strlen
0      246 AddInt^1
0      321 AddFloat^1
0      436 AddString^1
0      4c8 ED_vsprintf
0      6b8 BG_sprintf
0      6d5 swapfunc^2
0      75c med3^2
0      7ef qsort
0      ba2 strlen
0      bbd strcat
0      bf7 strcpy
0      c23 strcmp
0      c5f strchr
0      c8f strstr
0      cdd tolower
0      cf5 toupper
0      d0d memmove
0      d60 tan
0      d77 rand
0      d8d atof
0      e4e atoi
0      ec6 abs
0      edf fabs
0      ef8 UI_AddBotsMenu_FightEvent^3
0      f3a UI_AddBotsMenu_BotEvent^3
0      f5c UI_AddBotsMenu_BackEvent^3
0      f68 UI_AddBotsMenu_SetBotNames^3
0      fa3 UI_AddBotsMenu_UpEvent^3
0      fbe UI_AddBotsMenu_DownEvent^3
0      fdc UI_AddBotsMenu_SortCompare^3
0     1026 UI_AddBotsMenu_GetSortedBotNums^3
0     104e UI_AddBotsMenu_Draw^3
0     1070 UI_AddBotsMenu_Init^3
0     125a UI_AddBots_Cache
0     1285 UI_AddBotsMenu
0     1290 Com_Error
0     12a9 Com_Printf
0     12c2 UI_ClampCvar
0     12e0 UI_PushMenu
0     137f UI_PopMenu
0     13b3 UI_ForceMenuOff
0     13d2 UI_LerpColor
0     143f UI_DrawBannerString2^4
0     150c UI_DrawBannerString
0     15b5 UI_ProportionalStringWidth
0     15f8 UI_DrawProportionalString2^4
0     16cc UI_ProportionalSizeScale
0     16db UI_DrawProportionalString
0     1840 UI_DrawProportionalString_AutoWrapped
0     193c UI_DrawString2^4
0     1a26 UI_DrawString
0     1b3c UI_DrawChar
0     1b57 UI_IsFullscreen
0     1b72 NeedCDAction^4
0     1b80 NeedCDKeyAction^4
0     1b8e UI_SetActiveMenu
0     1bdc UI_KeyEvent
0     1c2c UI_MouseEvent
0     1d7f UI_Argv
0     1d8e UI_Cvar_VariableString
0     1d9d UI_Cache_f
0     1df7 UI_ConsoleCommand
0     1eb8 UI_Shutdown
0     1ebb UI_Init
0     1ed2 UI_AdjustFrom640
0     1f0f UI_DrawNamedPic
0     1f42 UI_DrawHandlePic
0     1f9c UI_DrawCursor^4
0     1fc4 UI_FillRect
0     1ff7 UI_DrawRect
0     207e UI_SetColor
0     2087 UI_Refresh
0     2151 UI_CursorInRect
0     2180 UI_CDKeyMenu_Event^5
0     21ac UI_CDKeyMenu_PreValidateKey^5
0     2205 UI_CDKeyMenu_DrawKey^5
0     22d8 UI_CDKeyMenu_Init^5
0     23af UI_CDKeyMenu_Cache
0     23cb UI_CDKeyMenu
0     23d6 UI_CDKeyMenu_f
0     23dc UI_CinematicsMenu_BackEvent^6
0     23e8 UI_CinematicsMenu_Event^6
0     2435 UI_CinematicsMenu_Init^6
0     270b UI_CinematicsMenu_Cache
0     2722 UI_CinematicsMenu
0     272d UI_CinematicsMenu_f
0     2751 ConfirmMenu_Event^7
0     2777 ConfirmMenu_Key^7
0     27d1 ConfirmMenu_Draw^7
0     280b ConfirmMenu_Cache
0     2813 UI_ConfirmMenu_Style
0     28da UI_ConfirmMenu
0     28eb UI_ReadableSize^8
0     2996 UI_PrintTime^8
0     29e9 UI_DisplayDownloadInfo^8
0     2c37 UI_DrawConnectScreen
0     2d48 Controls_InitCvars^9
0     2d98 Controls_GetCvarDefault^9
0     2dd3 Controls_GetCvarValue^9
0     2e0e Controls_UpdateModel^9
0     2efc Controls_Update^9
0     30fe Controls_DrawKeyBinding^9
0     3291 Controls_StatusBar^9
0     32a1 Controls_DrawPlayer^9
0     32f6 Controls_GetKeyAssignment^9
0     3354 Controls_GetConfig^9
0     3439 Controls_SetConfig^9
0     34f6 Controls_SetDefaults^9
0     358b Controls_MenuKey^9
0     3708 Controls_ResetDefaults_Action^9
0     371a Controls_ResetDefaults_Draw^9
0     3737 Controls_MenuEvent^9
0     37cc Controls_ActionEvent^9
0     37fc Controls_InitModel^9
0     381b Controls_InitWeapons^9
0     3840 Controls_MenuInit^9
0     3d8b Controls_Cache
0     3da2 UI_ControlsMenu
0     3dad UI_CreditMenu_Key^10
0     3dc3 UI_CreditMenu_Draw^10
0     3f77 UI_CreditMenu
0     3f91 Demos_DrawFilter^11
0     407a UI_DemosSavePosition^11
0     4093 UI_DemosRestorePosition^11
0     40ac UI_DemosReadDir^11
0     4218 UI_UpdateDirectory^11
0     42a6 UI_DemoClick^11
0     4335 Demos_MenuEvent^11
0     439b UI_DemosDblclick^11
0     43a1 UI_DemosMenu_Key^11
0     4401 UI_cstrdiff
0     4448 UI_cstricmp
0     450b compare_entries^11
0     454b UI_demosort^11
0     460e UI_DemosFillList^11
0     47c0 Demos_MenuInit^11
0     4983 Demos_Cache
0     49a9 UI_DemosMenu
0     49b4 UI_DisplayOptionsMenu_Event^12
0     4a07 UI_DisplayOptionsMenu_Init^12
0     4b93 UI_DisplayOptionsMenu_Cache
0     4baa UI_DisplayOptionsMenu
0     4bbc UI_Alloc
0     4bea UI_InitMemory
0     4bf3 UI_ParseInfos
0     4ce9 UI_LoadArenasFromFile^13
0     4d69 UI_LoadArenas^13
0     4f76 UI_GetArenaInfoByNumber
0     4fd9 UI_GetArenaInfoByMap
0     5018 UI_GetSpecialArenaInfo
0     5057 UI_LoadBotsFromFile^13
0     50e0 UI_LoadBots^13
0     5166 UI_GetBotInfoByNumber
0     5191 UI_GetBotInfoByName
0     51d4 UI_GetBestScore
0     525a UI_SetBestScore
0     52e1 UI_LogAwardData
0     5344 UI_GetAwardLevel
0     536e UI_TierCompleted
0     5405 UI_ShowTierVideo
0     5457 UI_CanShowTierVideo
0     54a0 UI_GetCurrentGame
0     5533 UI_NewGame
0     5567 UI_GetNumArenas
0     556d UI_GetNumSPArenas
0     5573 UI_GetNumSPTiers
0     557b UI_GetNumBots
0     5581 UI_SPUnlock_f
0     55d7 UI_SPUnlockMedals_f
0     5611 UI_InitGameinfo
0     5637 InGame_RestartAction^14
0     564a InGame_QuitAction^14
0     5659 InGame_Event
0     56b9 InGame_MenuInit
0     5932 InGame_Cache
0     593a UI_InGameMenu
0     594e MainMenu_ExitAction^16
0     595d Main_MenuEvent
0     59b4 MainMenu_Cache
0     59c1 ErrorMessage_Key
0     59d1 Main_MenuDraw^16
0     5ac7 UI_TeamArenaExists^16
0     5b27 UI_MainMenu
0     5d0d MField_Draw
0     5e37 MField_Paste
0     5e6c MField_KeyDownEvent
0     5fc1 MField_CharEvent
0     6122 MField_Clear
0     6139 MenuField_Init
0     61b8 MenuField_Draw
0     629b MenuField_Key
0     636d UI_Mods_MenuEvent^18
0     63a3 UI_Mods_ParseInfos^18
0     640d UI_Mods_LoadMods^18
0     6494 UI_Mods_MenuInit^18
0     6569 UI_ModsMenu_Cache
0     658a UI_ModsMenu
0     6595 UI_NetworkOptionsMenu_Event^19
0     6611 UI_NetworkOptionsMenu_Init^19
0     677c UI_NetworkOptionsMenu_Cache
0     6793 UI_NetworkOptionsMenu
0     67a5 PlayerModel_UpdateGrid^21
0     68a9 PlayerModel_UpdateModel^21
0     68df PlayerModel_SaveChanges^21
0     68f0 PlayerModel_MenuEvent^21
0     693f PlayerModel_MenuKey^21
0     6a54 PlayerModel_PicEvent^21
0     6b4f PlayerModel_DrawPlayer^21
0     6ba3 PlayerModel_BuildList^21
0     6cd0 PlayerModel_SetMenuItems^21
0     6d9a PlayerModel_MenuInit^21
0     703a PlayerModel_Cache
0     7079 UI_PlayerModelMenu
0     7092 UI_PlayerInfo_SetWeapon^22
0     7251 UI_ForceLegsAnim^22
0     7273 UI_SetLegsAnim^22
0     7297 UI_ForceTorsoAnim^22
0     72cb UI_SetTorsoAnim^22
0     72ef UI_TorsoSequencing^22
0     7371 UI_LegsSequencing^22
0     73c6 UI_PositionEntityOnTag^22
0     747a UI_PositionRotatedEntityOnTag^22
0     7530 UI_SetLerpFrameAnimation^22
0     7581 UI_RunLerpFrame^22
0     76aa UI_PlayerAnimation^22
0     7766 UI_SwingAngles^22
0     7867 UI_MovedirAdjustment^22
0     7912 UI_PlayerAngles^22
0     7a10 UI_PlayerFloatSprite^22
0     7a38 UI_MachinegunSpinAngle^22
0     7ad0 UI_DrawPlayer
0     7e1e UI_RegisterClientSkin^22
0     7e9c UI_ParseAnimationFile^22
0     8106 UI_RegisterClientModelname
0     8224 UI_PlayerInfo_SetModel
0     827c UI_PlayerInfo_SetInfo
0     8466 PlayerSettings_DrawName^23
0     8598 PlayerSettings_DrawHandicap^23
0     8605 PlayerSettings_DrawEffects^23
0     86c3 PlayerSettings_DrawPlayer^23
0     872d PlayerSettings_SaveChanges^23
0     874f PlayerSettings_MenuKey^23
0     876d PlayerSettings_SetMenuItems^23
0     87eb PlayerSettings_MenuEvent^23
0     882e PlayerSettings_MenuInit^23
0     89b5 PlayerSettings_Cache
0     89ea UI_PlayerSettingsMenu
0     89f5 Preferences_SetMenuItems^24
0     8ae1 Preferences_Event^24
0     8bad Crosshair_Draw^24
0     8c96 Preferences_MenuInit^24
0     8ece Preferences_Cache
0     8f1c UI_PreferencesMenu
0     8f27 Text_Init^25
0     8f38 Text_Draw^25
0     8f9d BText_Init^25
0     8fae BText_Draw^25
0     8ff0 PText_Init^25
0     9081 PText_Draw^25
0     90ed Bitmap_Init
0     9174 Bitmap_Draw
0     9350 Action_Init^25
0     93a0 Action_Draw^25
0     9442 RadioButton_Init^25
0     9496 RadioButton_Key^25
0     952c RadioButton_Draw^25
0     963d Slider_Init^25
0     9691 Slider_Key^25
0     9795 Slider_Draw^25
0     989a SpinControl_Init^25
0     993d SpinControl_Key^25
0     99f8 SpinControl_Draw^25
0     9ada ScrollList_Init^25
0     9b8e ScrollList_Key
0     a2b8 ScrollList_Draw
0     a3c1 Menu_AddItem
0     a4b3 Menu_CursorMoved
0     a538 Menu_SetCursor
0     a565 Menu_SetCursorToItem
0     a59b Menu_AdjustCursor
0     a644 Menu_Draw
0     a78b Menu_ItemAtCursor
0     a7b3 Menu_ActivateItem
0     a7dd Menu_DefaultKey
0     a9b9 Menu_Cache
0     aa8d UI_RemoveBotsMenu_SetBotNames^26
0     aadc UI_RemoveBotsMenu_DeleteEvent^26
0     aafe UI_RemoveBotsMenu_BotEvent^26
0     ab20 UI_RemoveBotsMenu_BackEvent^26
0     ab2c UI_RemoveBotsMenu_UpEvent^26
0     ab47 UI_RemoveBotsMenu_DownEvent^26
0     ab65 UI_RemoveBotsMenu_GetBots^26
0     abd0 UI_RemoveBots_Cache
0     abec UI_RemoveBotsMenu_Init^26
0     ad86 UI_RemoveBotsMenu
0     ad91 Favorites_Add
0     ae03 ServerInfo_Event^28
0     ae2e ServerInfo_MenuKey^28
0     ae3d ServerInfo_Cache
0     ae61 UI_ServerInfoMenu
0     b005 ArenaServers_DrawFilter^29
0     b108 ArenaServers_MaxPing^29
0     b120 ArenaServers_Compare^29
0     b228 ArenaServers_Go^29
0     b249 ArenaServers_Dblclick^29
0     b24f ArenaServers_UpdatePicture^29
0     b278 ArenaServers_UpdateList^29
0     b3af ArenaServers_UpdateMenu^29
0     b4d1 ArenaServers_Remove^29
0     b598 UI_CleanStr^29
0     b655 ArenaServers_Insert^29
0     b83a ArenaServers_LoadFavorites
0     b90e ArenaServers_StopRefresh^29
0     b939 ArenaServers_DoRefresh^29
0     baf1 ArenaServers_StartRefresh^29
0     bba3 ArenaServers_SaveChanges
0     bbed ArenaServers_Sort
0     bc09 ArenaServers_SetType
0     bc8d ArenaServers_Event^29
0     bd84 ArenaServers_MenuDraw^29
0     bd93 ArenaServers_MenuKey^29
0     be02 ArenaServers_MenuInit^29
0     c1a5 ArenaServers_Cache
0     c1ee UI_ArenaServersMenu
0     c1f9 Setup_ResetDefaults_Action^30
0     c217 Setup_ResetDefaults_Draw^30
0     c234 UI_SetupMenu_Event^30
0     c27b UI_SetupMenu_Init^30
0     c40d UI_SetupMenu_Cache
0     c424 UI_SetupMenu
0     c42f UI_SoundOptionsMenu_Event^31
0     c4b0 UI_SoundOptionsMenu_Init^31
0     c669 UI_SoundOptionsMenu_Cache
0     c680 UI_SoundOptionsMenu
0     c692 UI_SPArena_Start
0     c726 SpecifyServer_Event^33
0     c780 SpecifyServer_MenuInit
0     c873 SpecifyServer_Cache
0     c897 UI_SpecifyServerMenu
0     c8a2 PlayerIcon^34
0     c907 PlayerIconHandle^34
0     c91d UI_SPLevelMenu_SetBots^34
0     c9fc UI_SPLevelMenu_SetMenuArena^34
0     cabd UI_SPLevelMenu_SetMenuItems^34
0     cc82 UI_SPLevelMenu_ResetDraw^34
0     ccb9 UI_SPLevelMenu_ResetAction^34
0     ccd2 UI_SPLevelMenu_ResetEvent^34
0     cce4 UI_SPLevelMenu_LevelEvent^34
0     cd2c UI_SPLevelMenu_LeftArrowEvent^34
0     cd4a UI_SPLevelMenu_RightArrowEvent^34
0     cd68 UI_SPLevelMenu_PlayerEvent^34
0     cd74 UI_SPLevelMenu_AwardEvent^34
0     cd93 UI_SPLevelMenu_NextEvent^34
0     cdb0 UI_SPLevelMenu_BackEvent^34
0     cdc3 UI_SPLevelMenu_CustomEvent^34
0     cdd1 UI_SPLevelMenu_MenuDraw^34
0     d0cc UI_SPLevelMenu_Cache
0     d19e UI_SPLevelMenu_Init^34
0     d4cd UI_SPLevelMenu
0     d57a UI_SPLevelMenu_f
0     d588 UI_SPLevelMenu_ReInit
0     d58e UI_SPPostgameMenu_AgainEvent^35
0     d5a1 UI_SPPostgameMenu_NextEvent^35
0     d601 UI_SPPostgameMenu_MenuEvent^35
0     d614 UI_SPPostgameMenu_MenuKey^35
0     d66d UI_SPPostgameMenu_DrawAwardsMedals^35
0     d6f0 UI_SPPostgameMenu_DrawAwardsPresentation^35
0     d767 UI_SPPostgameMenu_MenuDrawScoreLine^35
0     d7f4 UI_SPPostgameMenu_MenuDraw^35
0     d97c UI_SPPostgameMenu_Cache
0     d9e6 UI_SPPostgameMenu_Init^35
0     da6a Prepname^35
0     dacd UI_SPPostgameMenu_f
0     de05 SetSkillColor^36
0     de38 UI_SPSkillMenu_SkillEvent^36
0     de8f UI_SPSkillMenu_FightEvent^36
0     de9e UI_SPSkillMenu_BackEvent^36
0     deb2 UI_SPSkillMenu_Key^36
0     ded5 UI_SPSkillMenu_Cache
0     df3b UI_SPSkillMenu_Init^36
0     e0c8 UI_SPSkillMenu
0     e0de GametypeBits^37
0     e16a StartServer_Update^37
0     e2d3 StartServer_MapEvent^37
0     e2ed StartServer_GametypeEvent^37
0     e37f StartServer_MenuEvent^37
0     e3e3 StartServer_LevelshotDraw^37
0     e53f StartServer_MenuInit^37
0     e7be StartServer_Cache
0     e853 UI_StartServerMenu
0     e862 BotAlreadySelected^37
0     e8ae ServerOptions_Start^37
0     eae1 ServerOptions_InitPlayerItems^37
0     eb8f ServerOptions_SetPlayerItems^37
0     ec2b ServerOptions_Event^37
0     ec6f ServerOptions_PlayerNameEvent^37
0     ec8d ServerOptions_StatusBar^37
0     eca6 ServerOptions_LevelshotDraw^37
0     ed33 ServerOptions_InitBotNames^37
0     ee84 ServerOptions_SetMenuItems^37
0     f032 PlayerName_Draw^37
0     f10b ServerOptions_MenuInit^37
0     f4dd ServerOptions_Cache
0     f4fe UI_ServerOptionsMenu^37
0     f50c UI_BotSelectMenu_SortCompare^37
0     f556 UI_BotSelectMenu_BuildList^37
0     f5a0 ServerPlayerIcon^37
0     f605 UI_BotSelectMenu_UpdateGrid^37
0     f775 UI_BotSelectMenu_Default^37
0     f7e8 UI_BotSelectMenu_LeftEvent^37
0     f809 UI_BotSelectMenu_RightEvent^37
0     f82d UI_BotSelectMenu_BotEvent^37
0     f893 UI_BotSelectMenu_BackEvent^37
0     f89f UI_BotSelectMenu_SelectEvent^37
0     f8be UI_BotSelectMenu_Cache
0     f8ee UI_BotSelectMenu_Init^37
0     fb45 UI_BotSelectMenu
0     fb53 TeamMain_MenuEvent^38
0     fbb9 TeamMain_MenuInit
0     fd56 TeamMain_Cache
0     fd5e UI_TeamMainMenu
0     fd69 UI_TeamOrdersMenu_BackEvent^39
0     fd75 UI_TeamOrdersMenu_SetList^39
0     fdb6 UI_TeamOrdersMenu_Key
0     fed8 UI_TeamOrdersMenu_ListDraw^39
0     ff52 UI_TeamOrdersMenu_ListEvent^39
0     ffcc UI_TeamOrdersMenu_BuildBotList^39
0    100b3 UI_TeamOrdersMenu_Init^39
0    1014a UI_TeamOrdersMenu_Cache
0    1015c UI_TeamOrdersMenu
0    10167 UI_TeamOrdersMenu_f
0    101b1 DriverInfo_Event^40
0    101ca DriverInfo_MenuDraw^40
0    1029e DriverInfo_Cache
0    102c2 UI_DriverInfo_Menu^40
0    103f8 GraphicsOptions_GetInitialVideo^40
0    10420 GraphicsOptions_CheckConfig^40
0    10490 GraphicsOptions_UpdateMenuItems^40
0    1055c GraphicsOptions_ApplyChanges^40
0    10655 GraphicsOptions_Event^40
0    106d6 GraphicsOptions_TQEvent^40
0    106e7 GraphicsOptions_MenuDraw
0    106f2 GraphicsOptions_SetMenuItems^40
0    107ea GraphicsOptions_MenuInit
0    10aa6 GraphicsOptions_Cache
0    10ac7 UI_GraphicsOptionsMenu
0    10ad9 AnglesToAxis
0    10b0e AxisClear
0    10b49 Q_fabs
0    10b59 AngleSubtract
0    10b7e AnglesSubtract
0    10bcc AngleMod
0    10be2 MatrixMultiply
0    10d4b AngleVectors
0    10e3d Com_Clamp
0    10e5b COM_StripExtension
0    10ea6 COM_Parse
0    10eb5 SkipWhitespace^42
0    10ef4 COM_ParseExt
0    11055 Q_isprint
0    1106a Q_islower
0    1107f Q_isupper
0    11094 Q_isalpha
0    110b1 Q_strrchr
0    110e5 Q_strncpyz
0    11128 Q_stricmpn
0    111b7 Q_stricmp
0    11238 Q_strupr
0    1125e Q_strcat
0    1128a Q_CleanStr
0    112eb Com_sprintf
0    1131a va
0    11349 Q_strkey^42
0    11388 Info_ValueForKey
0    11478 Info_NextPair
0    11510 Info_RemoveKey^42
0    115b6 Info_ValidateKeyValue
0    115ef Info_SetValueForKey
0   12dfac _stackStart
0   13dfac _stackEnd
1       30 cvarTable^0
1      330 cvarTableSize^0
1      334 bg_itemlist
1      e34 randSeed^2
1      e38 skillNames^3
1      e50 teamNames1^3
1      e58 teamNames2^3
1      e64 propMap^4
1     1464 propMapB^4
1     1614 cinematics^6
1     1650 controls_binding_color^9
1     1660 g_bindings^9
1     1ac0 g_configcvars^9
1     1b2c g_movement_controls^9
1     1b5c g_weapons_controls^9
1     1b94 g_looking_controls^9
1     1bc4 g_misc_controls^9
1     1be4 g_controls^9
1     1ca8 dirlevel^11
1     1cac sorttype^11
1     1d5c rate_items^19
1     1d8c playermodel_artlist^21
1     1df8 handicap_items^23
1     1e4c teamoverlay_names^24
1     1e90 menu_text_color
1     1ea0 color_black
1     1eb0 color_white
1     1ec0 color_yellow
1     1ed0 color_orange
1     1ee0 color_red
1     1ef0 pulse_color
1     1f00 text_color_disabled
1     1f10 text_color_normal
1     1f20 text_color_highlight
1     1f30 listbar_color
1     2084 serverinfo_artlist^28
1     2098 master_items^29
1     20a8 servertype_items^29
1     20c0 sortkey_items^29
1     20d8 netnames^29
1     20e8 punkbuster_items
1     2188 quality_items^31
1     21b8 specifyserver_artlist^33
1     21d4 ui_medalNames
1     21ec ui_medalPicNames
1     2204 ui_medalSounds
1     221c medalLocations^35
1     2248 gametype_items^37
1     225c gametype_remap^37
1     226c gametype_remap2^37
1     2290 dedicated_list^37
1     22a0 playerType_list^37
1     22b0 playerTeam_list^37
1     22bc botSkill_list^37
1     2344 ctfOrders^39
1     2364 ctfMessages^39
1     2384 teamOrders^39
1     23a0 teamMessages^39
1     23bc driverinfo_artlist^40
1     23d0 s_ivo_templates^40
1     2548 vec3_origin
1     2554 colorBlack
1     2564 colorRed
1     2574 colorGreen
1     2584 colorBlue
1     2594 colorYellow
1     25a4 colorWhite
1     25b4 colorMdGrey
1     25c4 g_color_table
2     2265 dir^11
2     35db quake3worldMessage^29
2     4f06 locase
3        0 ui_developer
3      110 ui_cdkeychecked
3      220 ui_server16
3      330 ui_server15
3      440 ui_server14
3      550 ui_server13
3      660 ui_server12
3      770 ui_server11
3      880 ui_server10
3      990 ui_server9
3      aa0 ui_server8
3      bb0 ui_server7
3      cc0 ui_server6
3      dd0 ui_server5
3      ee0 ui_server4
3      ff0 ui_server3
3     1100 ui_server2
3     1210 ui_server1
3     1320 ui_marks
3     1430 ui_drawCrosshairNames
3     1540 ui_drawCrosshair
3     1650 ui_brassTime
3     1760 ui_browserShowEmpty
3     1870 ui_browserShowFull
3     1980 ui_browserSortKey
3     1a90 ui_browserGameType
3     1ba0 ui_browserMaster
3     1cb0 ui_spSelection
3     1dc0 ui_spSkill
3     1ed0 ui_spVideos
3     1fe0 ui_spAwards
3     20f0 ui_spScores5
3     2200 ui_spScores4
3     2310 ui_spScores3
3     2420 ui_spScores2
3     2530 ui_spScores1
3     2640 ui_botsFile
3     2750 ui_arenasFile
3     2860 ui_ctf_friendly
3     2970 ui_ctf_timelimit
3     2a80 ui_ctf_capturelimit
3     2b90 ui_team_friendly
3     2ca0 ui_team_timelimit
3     2db0 ui_team_fraglimit
3     2ec0 ui_tourney_timelimit
3     2fd0 ui_tourney_fraglimit
3     30e0 ui_ffa_timelimit
3     31f0 ui_ffa_fraglimit
3     3300 addBotsMenuInfo^3
3     51cc uis
3     7ea8 m_entersound
3     7eac cdkeyMenuInfo^5
3     8284 cinematicsMenuInfo^6
3     8800 s_confirm^7
3     89d4 lastLoadingText^8
3     8dd4 lastConnState^8
3     8df8 s_controls^9
3     a1d4 s_credits^10
3     a2f8 show_names^11
3    3a2f8 buffer^11
3    4a2f8 listpos^11
3    4a4f8 num_files^11
3    4a4fc dptr^11
3    4b4fc dentry^11
3    4e4fc s_demos^11
3    4fbb0 displayOptionsInfo^12
3    50004 outOfMemory^13
3    50008 allocPoint^13
3    5000c memoryPool^13
3    7000c ui_numSpecialSinglePlayerArenas^13
3    70010 ui_numSinglePlayerArenas^13
3    70014 ui_arenaInfos^13
3    71014 ui_numArenas^13
3    71018 ui_botInfos^13
3    72018 ui_numBots
3    7201c s_ingame^14
3    72494 s_errorMessage^16
3    735b8 s_main^16
3    73940 s_mods^18
3    74e94 networkOptionsInfo^19
3    75314 s_playermodel^21
3    7e86c jumpHeight^22
3    7e870 dp_realtime^22
3    7e874 s_playersettings^23
3    7f2d8 s_preferences^24
3    7f8c4 sliderButton_1^25
3    7f8c8 sliderButton_0^25
3    7f8cc sliderBar^25
3    7f8d0 weaponChangeSound
3    7f8d4 menu_null_sound
3    7f8d8 menu_buzz_sound
3    7f8dc menu_out_sound
3    7f8e0 menu_move_sound
3    7f8e4 menu_in_sound
3    7f8e8 removeBotsMenuInfo^26
3    80f80 show_info^28
3    835c0 itemnames^28
3    836c0 s_serverinfo^28
3    83e7c g_fullservers^29
3    83e80 g_emptyservers^29
3    83e84 g_sortkey^29
3    83e88 g_gametype^29
3    83e8c g_servertype^29
3    83e90 g_numfavoriteservers^29
3    83e94 g_favoriteserverlist^29
3    84794 g_numlocalservers^29
3    84798 g_localserverlist^29
3    96798 g_numglobalservers^29
3    9679c g_globalserverlist^29
3   10279c g_arenaservers^29
3   1109ec setupMenuInfo^30
3   110e38 soundOptionsInfo^31
3   1112f8 s_specifyserver^33
3   111880 maxTier^34
3   111884 minTier^34
3   111888 finalTier^34
3   11188c trainingTier^34
3   111890 currentGame^34
3   111894 currentSet^34
3   111898 selectedArena^34
3   11189c selectedArenaSet^34
3   1118a0 levelMenuInfo^34
3   112328 arenainfo^35
3   112728 postgameMenuInfo^35
3   112af4 skillMenuInfo^36
3   1130f0 botSelectInfo^37
3   11597c s_serveroptions^37
3   1172d0 s_startserver^37
3   118acc s_teammain^38
3   118e14 teamOrdersMenuInfo^39
3   119168 s_graphicsoptions^40
3   1199e0 s_ivo^40
3   119a04 s_driverinfo^40
3   12dba4 com_tokenline^42
3   12dba8 com_lines^42
3   12dbac com_token^42
