0 ffffff96 atan2
0 ffffff97 cos
0 ffffff98 sin
0 ffffff99 strncpy
0 ffffff9a memcpy
0 ffffff9b memset
0 ffffffae trap_VerifyCDKey
0 ffffffaf trap_R_RemapShader
0 ffffffbd trap_LAN_GetServerAddressString
0 ffffffbe trap_LAN_GetServerCount
0 ffffffc9 trap_SetCDKey
0 ffffffca trap_GetCDKey
0 ffffffcb trap_MemoryRemaining
0 ffffffcc trap_Cvar_Update
0 ffffffcd trap_Cvar_Register
0 ffffffce trap_LAN_GetPingInfo
0 ffffffcf trap_LAN_GetPing
0 ffffffd0 trap_LAN_ClearPing
0 ffffffd1 trap_LAN_GetPingQueueCount
0 ffffffd2 trap_GetConfigString
0 ffffffd3 trap_GetClientState
0 ffffffd4 trap_GetGlconfig
0 ffffffd5 trap_GetClipboardData
0 ffffffd6 trap_Key_SetCatcher
0 ffffffd7 trap_Key_GetCatcher
0 ffffffd8 trap_Key_ClearStates
0 ffffffd9 trap_Key_SetOverstrikeMode
0 ffffffda trap_Key_GetOverstrikeMode
0 ffffffdb trap_Key_IsDown
0 ffffffdc trap_Key_SetBinding
0 ffffffdd trap_Key_GetBindingBuf
0 ffffffde trap_Key_KeynumToStringBuf
0 ffffffdf trap_S_StartLocalSound
0 ffffffe0 trap_S_RegisterSound
0 ffffffe2 trap_CM_LerpTag
0 ffffffe4 trap_R_DrawStretchPic
0 ffffffe5 trap_R_SetColor
0 ffffffe6 trap_R_RenderScene
0 ffffffe7 trap_R_AddLightToScene
0 ffffffe9 trap_R_AddRefEntityToScene
0 ffffffea trap_R_ClearScene
0 ffffffeb trap_R_RegisterShaderNoMip
0 ffffffec trap_R_RegisterSkin
0 ffffffed trap_R_RegisterModel
0 ffffffee trap_FS_GetFileList
0 ffffffef trap_FS_FCloseFile
0 fffffff1 trap_FS_Read
0 fffffff2 trap_FS_FOpenFile
0 fffffff3 trap_Cmd_ExecuteText
0 fffffff4 trap_Argv
0 fffffff8 trap_Cvar_Reset
0 fffffff9 trap_Cvar_SetValue
0 fffffffa trap_Cvar_VariableStringBuffer
0 fffffffb trap_Cvar_VariableValue
0 fffffffc trap_Cvar_Set
0 fffffffd trap_Milliseconds
0 fffffffe trap_Print
0 ffffffff trap_Error
0        0 vmMain
0       7f UI_RegisterCvars
0       b4 UI_UpdateCvars
0       d7 UI_VideoCheck
0      16d BG_StripColor
0      1c6 Q_stristr
0      227 Q_strlen
0      246 AddInt^6
0      321 AddFloat^6
0      436 AddString^6
0      4c8 ED_vsprintf
0      6b8 BG_sprintf
0      6d5 swapfunc^7
0      75c med3^7
0      7ef qsort
0      ba2 strlen
0      bbd strcat
0      bf7 strcpy
0      c23 strcmp
0      c5f strchr
0      c8f strstr
0      cdd tolower
0      cf5 toupper
0      d0d memmove
0      d60 tan
0      d77 rand
0      d8d atof
0      e4e atoi
0      ec6 abs
0      edf fabs
0      ef8 Com_Error
0      f11 Com_Printf
0      f2a UI_ClampCvar
0      f48 UI_PushMenu
0      fe7 UI_ForceMenuOff
0     1006 UI_PopMenu
0     103a UI_LerpColor
0     10a7 UI_DrawBannerString2^8
0     1174 UI_DrawBannerString
0     121d UI_ProportionalStringWidth
0     1260 UI_DrawProportionalString2^8
0     1334 UI_ProportionalSizeScale
0     1343 UI_DrawProportionalString
0     14a8 UI_DrawProportionalString_AutoWrapped
0     15a4 UI_DrawString2^8
0     168e UI_DrawString
0     17a4 UI_DrawChar
0     17bf UI_IsFullscreen
0     17da NeedCDAction^8
0     17e8 NeedCDKeyAction^8
0     17f6 UI_SetActiveMenu
0     1844 UI_KeyEvent
0     1894 UI_MouseEvent
0     19e7 UI_Argv
0     19f6 UI_Cvar_VariableString
0     1a05 UI_Cache_f
0     1a5f UI_ConsoleCommand
0     1b20 UI_Shutdown
0     1b23 UI_Init
0     1b9a UI_AdjustFrom640
0     1bd7 UI_DrawNamedPic
0     1c0a UI_DrawHandlePic
0     1c64 UI_DrawCursor^8
0     1c8c UI_FillRect
0     1cbf UI_DrawRect
0     1d46 UI_SetColor
0     1d4f UI_ReregisterModels
0     1d61 UI_Refresh
0     1e59 UI_CursorInRect
0     1e88 UI_Alloc
0     1eb6 UI_InitMemory
0     1ebf UI_ParseInfos
0     1fb5 UI_LoadArenasFromFile^9
0     2035 UI_LoadArenas^9
0     2242 UI_GetArenaInfoByNumber
0     22a5 UI_GetArenaInfoByMap
0     22e4 UI_GetSpecialArenaInfo
0     2323 UI_LoadBotsFromFile^9
0     23ac UI_LoadBots^9
0     2432 UI_GetBotInfoByNumber
0     245d UI_GetBotInfoByName
0     24a0 UI_GetBestScore
0     2526 UI_SetBestScore
0     25ad UI_LogAwardData
0     2610 UI_GetAwardLevel
0     263a UI_TierCompleted
0     26d1 UI_ShowTierVideo
0     2723 UI_CanShowTierVideo
0     276c UI_GetCurrentGame
0     27ff UI_NewGame
0     2833 UI_GetNumArenas
0     2839 UI_GetNumSPArenas
0     283f UI_GetNumSPTiers
0     2847 UI_GetNumBots
0     284d UI_SPUnlock_f
0     28a3 UI_SPUnlockMedals_f
0     28dd UI_InitGameinfo
0     2903 UI_PlayerInfo_SetWeapon^10
0     2ac2 UI_ForceLegsAnim^10
0     2ae4 UI_SetLegsAnim^10
0     2b08 UI_ForceTorsoAnim^10
0     2b3c UI_SetTorsoAnim^10
0     2b60 UI_TorsoSequencing^10
0     2be2 UI_LegsSequencing^10
0     2c37 UI_PositionEntityOnTag^10
0     2ceb UI_PositionRotatedEntityOnTag^10
0     2da1 UI_SetLerpFrameAnimation^10
0     2df2 UI_RunLerpFrame^10
0     2f1b UI_PlayerAnimation^10
0     2fd7 UI_SwingAngles^10
0     30d8 UI_MovedirAdjustment^10
0     3183 UI_PlayerAngles^10
0     3281 UI_PlayerFloatSprite^10
0     32a9 UI_MachinegunSpinAngle^10
0     3341 UI_DrawPlayer
0     3697 UI_RegisterClientSkin^10
0     3707 UI_ParseAnimationFile^10
0     3986 UI_RegisterClientModelname
0     3ac9 UI_PlayerInfo_SetModel
0     3b21 UI_PlayerInfo_SetInfo
0     3d0b UI_AddBotsMenu_FightEvent^11
0     3d4d UI_AddBotsMenu_BotEvent^11
0     3d6f UI_AddBotsMenu_BackEvent^11
0     3d7b UI_AddBotsMenu_SetBotNames^11
0     3db6 UI_AddBotsMenu_UpEvent^11
0     3dd1 UI_AddBotsMenu_DownEvent^11
0     3def UI_AddBotsMenu_SortCompare^11
0     3e39 UI_AddBotsMenu_GetSortedBotNums^11
0     3e61 UI_AddBotsMenu_Draw^11
0     3e83 UI_AddBotsMenu_Init^11
0     406d UI_AddBots_Cache
0     4098 UI_AddBotsMenu
0     40a3 UI_CDKeyMenu_Event^12
0     40cf UI_CDKeyMenu_PreValidateKey^12
0     4128 UI_CDKeyMenu_DrawKey^12
0     41fb UI_CDKeyMenu_Init^12
0     42d2 UI_CDKeyMenu_Cache
0     42ee UI_CDKeyMenu
0     42f9 UI_CDKeyMenu_f
0     42ff UI_CinematicsMenu_BackEvent^13
0     430b UI_CinematicsMenu_Event^13
0     4358 UI_CinematicsMenu_Init^13
0     462e UI_CinematicsMenu_Cache
0     4645 UI_CinematicsMenu
0     4650 UI_CinematicsMenu_f
0     4674 ConfirmMenu_Event^14
0     469a ConfirmMenu_Key^14
0     46f4 ConfirmMenu_Draw^14
0     472e ConfirmMenu_Cache
0     4736 UI_ConfirmMenu_Style
0     47fd UI_ConfirmMenu
0     480e UI_ReadableSize^15
0     48b9 UI_PrintTime^15
0     490c UI_DisplayDownloadInfo^15
0     4b5a UI_DrawConnectScreen
0     4c6b Controls_InitCvars^16
0     4cb2 Controls_GetCvarDefault^16
0     4ce4 Controls_GetCvarValue^16
0     4d16 Controls_UpdateModel^16
0     4e04 Controls_Update^16
0     5006 Controls_DrawKeyBinding^16
0     5199 Controls_StatusBar^16
0     51a9 Controls_DrawPlayer^16
0     51fe Controls_GetKeyAssignment^16
0     525c Controls_GetConfig^16
0     5338 Controls_SetConfig^16
0     53ec Controls_SetDefaults^16
0     5478 Controls_MenuKey^16
0     55e3 Controls_ResetDefaults_Action^16
0     55f5 Controls_ResetDefaults_Draw^16
0     5612 Controls_MenuEvent^16
0     56a7 Controls_ActionEvent^16
0     56d7 Controls_InitModel^16
0     56f6 Controls_InitWeapons^16
0     571b Controls_MenuInit^16
0     5c66 Controls_Cache
0     5c7d UI_ControlsMenu
0     5c88 UI_CreditMenu_Key^17
0     5c9e UI_CreditMenu_Draw^17
0     5e52 UI_CreditMenu
0     5e6c Demos_DrawFilter^18
0     5f55 UI_DemosSavePosition^18
0     5f6e UI_DemosRestorePosition^18
0     5f87 UI_DemosReadDir^18
0     60f3 UI_UpdateDirectory^18
0     6181 UI_DemoClick^18
0     6210 Demos_MenuEvent^18
0     6276 UI_DemosDblclick^18
0     627c UI_DemosMenu_Key^18
0     62dc UI_cstrdiff
0     6323 UI_cstricmp
0     63e6 compare_entries^18
0     6426 UI_demosort^18
0     64e9 UI_DemosFillList^18
0     669b Demos_MenuInit^18
0     685e Demos_Cache
0     6884 UI_DemosMenu
0     688f UI_DisplayOptionsMenu_Event^19
0     68e2 UI_DisplayOptionsMenu_Init^19
0     6a6e UI_DisplayOptionsMenu_Cache
0     6a85 UI_DisplayOptionsMenu
0     6a97 InGame_RestartAction^20
0     6aaa InGame_QuitAction^20
0     6ab9 InGame_Event
0     6b19 InGame_MenuInit
0     6d92 InGame_Cache
0     6d9a UI_InGameMenu
0     6dae MainMenu_ExitAction^22
0     6dbd Main_MenuEvent
0     6e14 MainMenu_Cache
0     6e32 ErrorMessage_Key
0     6e42 Main_MenuDraw^22
0     6f38 UI_TeamArenaExists^22
0     6f98 UI_MainMenu
0     717e MField_Draw
0     72a8 MField_Paste
0     72dd MField_KeyDownEvent
0     7432 MField_CharEvent
0     7593 MField_Clear
0     75aa MenuField_Init
0     7629 MenuField_Draw
0     770c MenuField_Key
0     77de UI_Mods_MenuEvent^24
0     7814 UI_Mods_ParseInfos^24
0     787e UI_Mods_LoadMods^24
0     7905 UI_Mods_MenuInit^24
0     79da UI_ModsMenu_Cache
0     79fb UI_ModsMenu
0     7a06 UI_NetworkOptionsMenu_Event^25
0     7a82 UI_NetworkOptionsMenu_Init^25
0     7bed UI_NetworkOptionsMenu_Cache
0     7c04 UI_NetworkOptionsMenu
0     7c16 PlayerModel_UpdateGrid^27
0     7d1a PlayerModel_UpdateModel^27
0     7d50 PlayerModel_SaveChanges^27
0     7d61 PlayerModel_MenuEvent^27
0     7db0 PlayerModel_MenuKey^27
0     7ec5 PlayerModel_PicEvent^27
0     7fc0 PlayerModel_DrawPlayer^27
0     8014 PlayerModel_BuildList^27
0     8141 PlayerModel_SetMenuItems^27
0     820b PlayerModel_MenuInit^27
0     84ab PlayerModel_Cache
0     84ea UI_PlayerModelMenu
0     8503 PlayerSettings_DrawName^28
0     8635 PlayerSettings_DrawHandicap^28
0     86a2 PlayerSettings_DrawEffects^28
0     8760 PlayerSettings_DrawPlayer^28
0     87ca PlayerSettings_SaveChanges^28
0     87ec PlayerSettings_MenuKey^28
0     880a PlayerSettings_SetMenuItems^28
0     8888 PlayerSettings_MenuEvent^28
0     88cb PlayerSettings_MenuInit^28
0     8a52 PlayerSettings_Cache
0     8a87 UI_PlayerSettingsMenu
0     8a92 Preferences_SetMenuItems^29
0     8b7e Preferences_Event^29
0     8c4a Crosshair_Draw^29
0     8d33 Preferences_MenuInit^29
0     8f6b Preferences_Cache
0     8fb9 UI_PreferencesMenu
0     8fc4 Text_Init^30
0     8fd5 Text_Draw^30
0     903a BText_Init^30
0     904b BText_Draw^30
0     908d PText_Init^30
0     911e PText_Draw^30
0     918a Bitmap_Init
0     9211 Bitmap_Draw
0     93ed Action_Init^30
0     943d Action_Draw^30
0     94df RadioButton_Init^30
0     9533 RadioButton_Key^30
0     95c9 RadioButton_Draw^30
0     96da Slider_Init^30
0     972e Slider_Key^30
0     9832 Slider_Draw^30
0     9937 SpinControl_Init^30
0     99da SpinControl_Key^30
0     9a95 SpinControl_Draw^30
0     9b77 ScrollList_Init^30
0     9c2b ScrollList_Key
0     a355 ScrollList_Draw
0     a45e Menu_AddItem
0     a550 Menu_CursorMoved
0     a5d5 Menu_SetCursor
0     a602 Menu_SetCursorToItem
0     a638 Menu_AdjustCursor
0     a6e1 Menu_Draw
0     a828 Menu_ItemAtCursor
0     a850 Menu_ActivateItem
0     a87a Menu_DefaultKey
0     aa56 Menu_Cache
0     ab2a UI_RemoveBotsMenu_SetBotNames^31
0     ab79 UI_RemoveBotsMenu_DeleteEvent^31
0     ab9b UI_RemoveBotsMenu_BotEvent^31
0     abbd UI_RemoveBotsMenu_BackEvent^31
0     abc9 UI_RemoveBotsMenu_UpEvent^31
0     abe4 UI_RemoveBotsMenu_DownEvent^31
0     ac02 UI_RemoveBotsMenu_GetBots^31
0     ac6d UI_RemoveBots_Cache
0     ac89 UI_RemoveBotsMenu_Init^31
0     ae23 UI_RemoveBotsMenu
0     ae2e Favorites_Add
0     aea0 ServerInfo_Event^33
0     aecb ServerInfo_MenuKey^33
0     aeda ServerInfo_Cache
0     aefe UI_ServerInfoMenu
0     b0a2 ArenaServers_DrawFilter^34
0     b1a5 ArenaServers_MaxPing^34
0     b1bd ArenaServers_Compare^34
0     b2c5 ArenaServers_Go^34
0     b2e6 ArenaServers_Dblclick^34
0     b2ec ArenaServers_UpdatePicture^34
0     b315 ArenaServers_UpdateList^34
0     b44c ArenaServers_UpdateMenu^34
0     b56e ArenaServers_Remove^34
0     b635 UI_CleanStr^34
0     b6f2 ArenaServers_Insert^34
0     b8d7 ArenaServers_LoadFavorites
0     b9ab ArenaServers_StopRefresh^34
0     b9d6 ArenaServers_DoRefresh^34
0     bb8e ArenaServers_StartRefresh^34
0     bc40 ArenaServers_SaveChanges
0     bc8a ArenaServers_Sort
0     bca6 ArenaServers_SetType
0     bd2a ArenaServers_Event^34
0     be21 ArenaServers_MenuDraw^34
0     be30 ArenaServers_MenuKey^34
0     be9f ArenaServers_MenuInit^34
0     c242 ArenaServers_Cache
0     c28b UI_ArenaServersMenu
0     c296 Setup_ResetDefaults_Action^35
0     c2b4 Setup_ResetDefaults_Draw^35
0     c2d1 UI_SetupMenu_Event^35
0     c318 UI_SetupMenu_Init^35
0     c4aa UI_SetupMenu_Cache
0     c4c1 UI_SetupMenu
0     c4cc UI_SoundOptionsMenu_Event^36
0     c54d UI_SoundOptionsMenu_Init^36
0     c706 UI_SoundOptionsMenu_Cache
0     c71d UI_SoundOptionsMenu
0     c72f UI_SPArena_Start
0     c7c3 SpecifyServer_Event^38
0     c81d SpecifyServer_MenuInit
0     c910 SpecifyServer_Cache
0     c934 UI_SpecifyServerMenu
0     c93f PlayerIcon^39
0     c9a4 PlayerIconHandle^39
0     c9ba UI_SPLevelMenu_SetBots^39
0     ca99 UI_SPLevelMenu_SetMenuArena^39
0     cb5a UI_SPLevelMenu_SetMenuItems^39
0     cd1f UI_SPLevelMenu_ResetDraw^39
0     cd56 UI_SPLevelMenu_ResetAction^39
0     cd6f UI_SPLevelMenu_ResetEvent^39
0     cd81 UI_SPLevelMenu_LevelEvent^39
0     cdc9 UI_SPLevelMenu_LeftArrowEvent^39
0     cde7 UI_SPLevelMenu_RightArrowEvent^39
0     ce05 UI_SPLevelMenu_PlayerEvent^39
0     ce11 UI_SPLevelMenu_AwardEvent^39
0     ce30 UI_SPLevelMenu_NextEvent^39
0     ce4d UI_SPLevelMenu_BackEvent^39
0     ce60 UI_SPLevelMenu_CustomEvent^39
0     ce6e UI_SPLevelMenu_MenuDraw^39
0     d169 UI_SPLevelMenu_Cache
0     d23b UI_SPLevelMenu_Init^39
0     d56a UI_SPLevelMenu
0     d617 UI_SPLevelMenu_f
0     d625 UI_SPLevelMenu_ReInit
0     d62b UI_SPPostgameMenu_AgainEvent^40
0     d63e UI_SPPostgameMenu_NextEvent^40
0     d69e UI_SPPostgameMenu_MenuEvent^40
0     d6b1 UI_SPPostgameMenu_MenuKey^40
0     d70a UI_SPPostgameMenu_DrawAwardsMedals^40
0     d78d UI_SPPostgameMenu_DrawAwardsPresentation^40
0     d804 UI_SPPostgameMenu_MenuDrawScoreLine^40
0     d891 UI_SPPostgameMenu_MenuDraw^40
0     da19 UI_SPPostgameMenu_Cache
0     da83 UI_SPPostgameMenu_Init^40
0     db07 Prepname^40
0     db6a UI_SPPostgameMenu_f
0     dea2 SetSkillColor^41
0     ded5 UI_SPSkillMenu_SkillEvent^41
0     df2c UI_SPSkillMenu_FightEvent^41
0     df3b UI_SPSkillMenu_BackEvent^41
0     df4f UI_SPSkillMenu_Key^41
0     df72 UI_SPSkillMenu_Cache
0     dfd8 UI_SPSkillMenu_Init^41
0     e165 UI_SPSkillMenu
0     e17b GametypeBits^42
0     e207 StartServer_Update^42
0     e370 StartServer_MapEvent^42
0     e38a StartServer_GametypeEvent^42
0     e41c StartServer_MenuEvent^42
0     e480 StartServer_LevelshotDraw^42
0     e5dc StartServer_MenuInit^42
0     e85b StartServer_Cache
0     e8f0 UI_StartServerMenu
0     e8ff BotAlreadySelected^42
0     e94b ServerOptions_Start^42
0     eb7e ServerOptions_InitPlayerItems^42
0     ec2c ServerOptions_SetPlayerItems^42
0     ecc8 ServerOptions_Event^42
0     ed0c ServerOptions_PlayerNameEvent^42
0     ed2a ServerOptions_StatusBar^42
0     ed43 ServerOptions_LevelshotDraw^42
0     edd0 ServerOptions_InitBotNames^42
0     ef21 ServerOptions_SetMenuItems^42
0     f0cf PlayerName_Draw^42
0     f1a8 ServerOptions_MenuInit^42
0     f57a ServerOptions_Cache
0     f59b UI_ServerOptionsMenu^42
0     f5a9 UI_BotSelectMenu_SortCompare^42
0     f5f3 UI_BotSelectMenu_BuildList^42
0     f63d ServerPlayerIcon^42
0     f6a2 UI_BotSelectMenu_UpdateGrid^42
0     f812 UI_BotSelectMenu_Default^42
0     f885 UI_BotSelectMenu_LeftEvent^42
0     f8a6 UI_BotSelectMenu_RightEvent^42
0     f8ca UI_BotSelectMenu_BotEvent^42
0     f930 UI_BotSelectMenu_BackEvent^42
0     f93c UI_BotSelectMenu_SelectEvent^42
0     f95b UI_BotSelectMenu_Cache
0     f98b UI_BotSelectMenu_Init^42
0     fbe2 UI_BotSelectMenu
0     fbf0 TeamMain_MenuEvent^43
0     fc56 TeamMain_MenuInit
0     fdf3 TeamMain_Cache
0     fdfb UI_TeamMainMenu
0     fe06 UI_TeamOrdersMenu_BackEvent^44
0     fe12 UI_TeamOrdersMenu_SetList^44
0     fe53 UI_TeamOrdersMenu_Key
0     ff75 UI_TeamOrdersMenu_ListDraw^44
0     ffef UI_TeamOrdersMenu_ListEvent^44
0    10069 UI_TeamOrdersMenu_BuildBotList^44
0    10150 UI_TeamOrdersMenu_Init^44
0    101e7 UI_TeamOrdersMenu_Cache
0    101f9 UI_TeamOrdersMenu
0    10204 UI_TeamOrdersMenu_f
0    1024e DriverInfo_Event^45
0    10267 DriverInfo_MenuDraw^45
0    1033b DriverInfo_Cache
0    1035f UI_DriverInfo_Menu^45
0    10495 GraphicsOptions_GetInitialVideo^45
0    104bd GraphicsOptions_CheckConfig^45
0    1052d GraphicsOptions_UpdateMenuItems^45
0    105f9 GraphicsOptions_ApplyChanges^45
0    106f2 GraphicsOptions_Event^45
0    10773 GraphicsOptions_TQEvent^45
0    10784 GraphicsOptions_MenuDraw
0    1078f GraphicsOptions_SetMenuItems^45
0    10887 GraphicsOptions_MenuInit
0    10b43 GraphicsOptions_Cache
0    10b64 UI_GraphicsOptionsMenu
0    10b76 AnglesToAxis
0    10bab AxisClear
0    10be6 Q_fabs
0    10bf6 AngleSubtract
0    10c1b AnglesSubtract
0    10c69 AngleMod
0    10c7f MatrixMultiply
0    10de8 AngleVectors
0    10eda Com_Clamp
0    10ef8 COM_StripExtension
0    10f43 COM_Parse
0    10f52 SkipWhitespace^47
0    10f91 COM_ParseExt
0    110f2 Q_isprint
0    11107 Q_islower
0    1111c Q_isupper
0    11131 Q_isalpha
0    1114e Q_strrchr
0    11182 Q_strncpyz
0    111c5 Q_stricmpn
0    11254 Q_stricmp
0    112d5 Q_strupr
0    112fb Q_strcat
0    11327 Q_CleanStr
0    11388 Com_sprintf
0    113b7 va
0    113e6 Q_strkey^47
0    11425 Info_ValueForKey
0    11515 Info_NextPair
0    115ad Info_RemoveKey^47
0    11653 Info_ValidateKeyValue
0    1168c Info_SetValueForKey
0   12dfbc _stackStart
0   13dfbc _stackEnd
1       30 cvarTable^5
1      330 cvarTableSize^5
1      334 bg_itemlist
1     4cf4 randSeed^7
1     4cf8 intShaderTime
1     4cfc getAsyncFiles
1     4d00 propMap^8
1     5300 propMapB^8
1     54b8 skillNames^11
1     54d0 teamNames1^11
1     54d8 teamNames2^11
1     5540 cinematics^13
1     557c controls_binding_color^16
1     558c g_bindings^16
1     59ec g_configcvars^16
1     5a58 g_movement_controls^16
1     5a88 g_weapons_controls^16
1     5ac0 g_looking_controls^16
1     5af0 g_misc_controls^16
1     5b10 g_controls^16
1     5bd4 dirlevel^18
1     5bd8 sorttype^18
1     5c88 rate_items^25
1     5cb8 playermodel_artlist^27
1     5ce4 handicap_items^28
1     5d38 teamoverlay_names^29
1     5d7c menu_text_color
1     5d8c color_black
1     5d9c color_white
1     5dac color_yellow
1     5dbc color_orange
1     5dcc color_red
1     5ddc pulse_color
1     5dec text_color_disabled
1     5dfc text_color_normal
1     5e0c text_color_highlight
1     5e1c listbar_color
1     5f70 serverinfo_artlist^33
1     5f84 master_items^34
1     5f94 servertype_items^34
1     5fac sortkey_items^34
1     5fc4 netnames^34
1     5fd4 punkbuster_items
1     6074 quality_items^36
1     60a4 specifyserver_artlist^38
1     60c0 ui_medalNames
1     60d8 ui_medalPicNames
1     60f0 ui_medalSounds
1     6108 medalLocations^40
1     6134 gametype_items^42
1     6148 gametype_remap^42
1     6158 gametype_remap2^42
1     617c dedicated_list^42
1     618c playerType_list^42
1     619c playerTeam_list^42
1     61a8 botSkill_list^42
1     6230 ctfOrders^44
1     6250 ctfMessages^44
1     6270 teamOrders^44
1     628c teamMessages^44
1     62a8 driverinfo_artlist^45
1     62bc s_ivo_templates^45
1     6434 vec3_origin
1     6440 colorBlack
1     6450 colorRed
1     6460 colorGreen
1     6470 colorBlue
1     6480 colorYellow
1     6490 colorWhite
1     64a0 colorMdGrey
1     64b0 g_color_table
2     662c dir^18
2     74d4 quake3worldMessage^34
2     8dff locase
3        0 ui_developer
3      110 ui_cdkeychecked
3      220 ui_server16
3      330 ui_server15
3      440 ui_server14
3      550 ui_server13
3      660 ui_server12
3      770 ui_server11
3      880 ui_server10
3      990 ui_server9
3      aa0 ui_server8
3      bb0 ui_server7
3      cc0 ui_server6
3      dd0 ui_server5
3      ee0 ui_server4
3      ff0 ui_server3
3     1100 ui_server2
3     1210 ui_server1
3     1320 ui_marks
3     1430 ui_drawCrosshairNames
3     1540 ui_drawCrosshair
3     1650 ui_brassTime
3     1760 ui_browserShowEmpty
3     1870 ui_browserShowFull
3     1980 ui_browserSortKey
3     1a90 ui_browserGameType
3     1ba0 ui_browserMaster
3     1cb0 ui_spSelection
3     1dc0 ui_spSkill
3     1ed0 ui_spVideos
3     1fe0 ui_spAwards
3     20f0 ui_spScores5
3     2200 ui_spScores4
3     2310 ui_spScores3
3     2420 ui_spScores2
3     2530 ui_spScores1
3     2640 ui_botsFile
3     2750 ui_arenasFile
3     2860 ui_ctf_friendly
3     2970 ui_ctf_timelimit
3     2a80 ui_ctf_capturelimit
3     2b90 ui_team_friendly
3     2ca0 ui_team_timelimit
3     2db0 ui_team_fraglimit
3     2ec0 ui_tourney_timelimit
3     2fd0 ui_tourney_fraglimit
3     30e0 ui_ffa_timelimit
3     31f0 ui_ffa_fraglimit
3     3b00 trap_GetValue
3     3b04 trap_GetAsyncFiles
3     3b08 trap_R_AddRefEntityToScene2
3     3b0c uis
3     67ec m_entersound
3     67f0 outOfMemory^9
3     67f4 allocPoint^9
3     67f8 memoryPool^9
3    267f8 ui_numSpecialSinglePlayerArenas^9
3    267fc ui_numSinglePlayerArenas^9
3    26800 ui_arenaInfos^9
3    27800 ui_numArenas^9
3    27804 ui_botInfos^9
3    28804 ui_numBots^9
3    28808 jumpHeight^10
3    2880c dp_realtime^10
3    28810 addBotsMenuInfo^11
3    29edc cdkeyMenuInfo^12
3    2a2b4 cinematicsMenuInfo^13
3    2a830 s_confirm^14
3    2aa04 lastLoadingText^15
3    2ae04 lastConnState^15
3    2ae28 s_controls^16
3    2c204 s_credits^17
3    2c328 show_names^18
3    5c328 buffer^18
3    6c328 listpos^18
3    6c528 num_files^18
3    6c52c dptr^18
3    6d52c dentry^18
3    7052c s_demos^18
3    71be0 displayOptionsInfo^19
3    72034 s_ingame^20
3    724ac s_errorMessage^22
3    735d0 s_main^22
3    73958 s_mods^24
3    74eac networkOptionsInfo^25
3    7532c s_playermodel^27
3    7e884 s_playersettings^28
3    7f2e8 s_preferences^29
3    7f8d4 sliderButton_1^30
3    7f8d8 sliderButton_0^30
3    7f8dc sliderBar^30
3    7f8e0 weaponChangeSound
3    7f8e4 menu_null_sound
3    7f8e8 menu_buzz_sound
3    7f8ec menu_out_sound
3    7f8f0 menu_move_sound
3    7f8f4 menu_in_sound
3    7f8f8 removeBotsMenuInfo^31
3    80f90 show_info^33
3    835d0 itemnames^33
3    836d0 s_serverinfo^33
3    83e8c g_fullservers^34
3    83e90 g_emptyservers^34
3    83e94 g_sortkey^34
3    83e98 g_gametype^34
3    83e9c g_servertype^34
3    83ea0 g_numfavoriteservers^34
3    83ea4 g_favoriteserverlist^34
3    847a4 g_numlocalservers^34
3    847a8 g_localserverlist^34
3    967a8 g_numglobalservers^34
3    967ac g_globalserverlist^34
3   1027ac g_arenaservers^34
3   1109fc setupMenuInfo^35
3   110e48 soundOptionsInfo^36
3   111308 s_specifyserver^38
3   111890 maxTier^39
3   111894 minTier^39
3   111898 finalTier^39
3   11189c trainingTier^39
3   1118a0 currentGame^39
3   1118a4 currentSet^39
3   1118a8 selectedArena^39
3   1118ac selectedArenaSet^39
3   1118b0 levelMenuInfo^39
3   112338 arenainfo^40
3   112738 postgameMenuInfo^40
3   112b04 skillMenuInfo^41
3   113100 botSelectInfo^42
3   11598c s_serveroptions^42
3   1172e0 s_startserver^42
3   118adc s_teammain^43
3   118e24 teamOrdersMenuInfo^44
3   119178 s_graphicsoptions^45
3   1199f0 s_ivo^45
3   119a14 s_driverinfo^45
3   12dbb4 com_tokenline^47
3   12dbb8 com_lines^47
3   12dbbc com_token^47
